Archive member included to satisfy reference by file (symbol)

C:/ST/STM32CubeIDE_1.14.0/STM32CubeIDE/plugins/com.st.stm32cube.ide.mcu.externaltools.gnu-tools-for-stm32.11.3.rel1.win32_1.1.100.202309141235/tools/bin/../lib/gcc/arm-none-eabi/11.3.1/../../../../arm-none-eabi/lib/thumb/v7e-m+dp/hard\libc_nano.a(libc_a-calloc.o)
                              ./Core/Src/bms.o (calloc)
C:/ST/STM32CubeIDE_1.14.0/STM32CubeIDE/plugins/com.st.stm32cube.ide.mcu.externaltools.gnu-tools-for-stm32.11.3.rel1.win32_1.1.100.202309141235/tools/bin/../lib/gcc/arm-none-eabi/11.3.1/../../../../arm-none-eabi/lib/thumb/v7e-m+dp/hard\libc_nano.a(libc_a-callocr.o)
                              C:/ST/STM32CubeIDE_1.14.0/STM32CubeIDE/plugins/com.st.stm32cube.ide.mcu.externaltools.gnu-tools-for-stm32.11.3.rel1.win32_1.1.100.202309141235/tools/bin/../lib/gcc/arm-none-eabi/11.3.1/../../../../arm-none-eabi/lib/thumb/v7e-m+dp/hard\libc_nano.a(libc_a-calloc.o) (_calloc_r)
C:/ST/STM32CubeIDE_1.14.0/STM32CubeIDE/plugins/com.st.stm32cube.ide.mcu.externaltools.gnu-tools-for-stm32.11.3.rel1.win32_1.1.100.202309141235/tools/bin/../lib/gcc/arm-none-eabi/11.3.1/../../../../arm-none-eabi/lib/thumb/v7e-m+dp/hard\libc_nano.a(libc_a-exit.o)
                              C:/ST/STM32CubeIDE_1.14.0/STM32CubeIDE/plugins/com.st.stm32cube.ide.mcu.externaltools.gnu-tools-for-stm32.11.3.rel1.win32_1.1.100.202309141235/tools/bin/../lib/gcc/arm-none-eabi/11.3.1/../../../../arm-none-eabi/lib/thumb/v7e-m+dp/hard/crt0.o (exit)
C:/ST/STM32CubeIDE_1.14.0/STM32CubeIDE/plugins/com.st.stm32cube.ide.mcu.externaltools.gnu-tools-for-stm32.11.3.rel1.win32_1.1.100.202309141235/tools/bin/../lib/gcc/arm-none-eabi/11.3.1/../../../../arm-none-eabi/lib/thumb/v7e-m+dp/hard\libc_nano.a(libc_a-mallocr.o)
                              C:/ST/STM32CubeIDE_1.14.0/STM32CubeIDE/plugins/com.st.stm32cube.ide.mcu.externaltools.gnu-tools-for-stm32.11.3.rel1.win32_1.1.100.202309141235/tools/bin/../lib/gcc/arm-none-eabi/11.3.1/../../../../arm-none-eabi/lib/thumb/v7e-m+dp/hard\libc_nano.a(libc_a-callocr.o) (_malloc_r)
C:/ST/STM32CubeIDE_1.14.0/STM32CubeIDE/plugins/com.st.stm32cube.ide.mcu.externaltools.gnu-tools-for-stm32.11.3.rel1.win32_1.1.100.202309141235/tools/bin/../lib/gcc/arm-none-eabi/11.3.1/../../../../arm-none-eabi/lib/thumb/v7e-m+dp/hard\libc_nano.a(libc_a-mlock.o)
                              C:/ST/STM32CubeIDE_1.14.0/STM32CubeIDE/plugins/com.st.stm32cube.ide.mcu.externaltools.gnu-tools-for-stm32.11.3.rel1.win32_1.1.100.202309141235/tools/bin/../lib/gcc/arm-none-eabi/11.3.1/../../../../arm-none-eabi/lib/thumb/v7e-m+dp/hard\libc_nano.a(libc_a-mallocr.o) (__malloc_lock)
C:/ST/STM32CubeIDE_1.14.0/STM32CubeIDE/plugins/com.st.stm32cube.ide.mcu.externaltools.gnu-tools-for-stm32.11.3.rel1.win32_1.1.100.202309141235/tools/bin/../lib/gcc/arm-none-eabi/11.3.1/../../../../arm-none-eabi/lib/thumb/v7e-m+dp/hard\libc_nano.a(libc_a-findfp.o)
                              C:/ST/STM32CubeIDE_1.14.0/STM32CubeIDE/plugins/com.st.stm32cube.ide.mcu.externaltools.gnu-tools-for-stm32.11.3.rel1.win32_1.1.100.202309141235/tools/bin/../lib/gcc/arm-none-eabi/11.3.1/../../../../arm-none-eabi/lib/thumb/v7e-m+dp/hard\libc_nano.a(libc_a-exit.o) (__stdio_exit_handler)
C:/ST/STM32CubeIDE_1.14.0/STM32CubeIDE/plugins/com.st.stm32cube.ide.mcu.externaltools.gnu-tools-for-stm32.11.3.rel1.win32_1.1.100.202309141235/tools/bin/../lib/gcc/arm-none-eabi/11.3.1/../../../../arm-none-eabi/lib/thumb/v7e-m+dp/hard\libc_nano.a(libc_a-fwalk.o)
                              C:/ST/STM32CubeIDE_1.14.0/STM32CubeIDE/plugins/com.st.stm32cube.ide.mcu.externaltools.gnu-tools-for-stm32.11.3.rel1.win32_1.1.100.202309141235/tools/bin/../lib/gcc/arm-none-eabi/11.3.1/../../../../arm-none-eabi/lib/thumb/v7e-m+dp/hard\libc_nano.a(libc_a-findfp.o) (_fwalk_sglue)
C:/ST/STM32CubeIDE_1.14.0/STM32CubeIDE/plugins/com.st.stm32cube.ide.mcu.externaltools.gnu-tools-for-stm32.11.3.rel1.win32_1.1.100.202309141235/tools/bin/../lib/gcc/arm-none-eabi/11.3.1/../../../../arm-none-eabi/lib/thumb/v7e-m+dp/hard\libc_nano.a(libc_a-stdio.o)
                              C:/ST/STM32CubeIDE_1.14.0/STM32CubeIDE/plugins/com.st.stm32cube.ide.mcu.externaltools.gnu-tools-for-stm32.11.3.rel1.win32_1.1.100.202309141235/tools/bin/../lib/gcc/arm-none-eabi/11.3.1/../../../../arm-none-eabi/lib/thumb/v7e-m+dp/hard\libc_nano.a(libc_a-findfp.o) (__sread)
C:/ST/STM32CubeIDE_1.14.0/STM32CubeIDE/plugins/com.st.stm32cube.ide.mcu.externaltools.gnu-tools-for-stm32.11.3.rel1.win32_1.1.100.202309141235/tools/bin/../lib/gcc/arm-none-eabi/11.3.1/../../../../arm-none-eabi/lib/thumb/v7e-m+dp/hard\libc_nano.a(libc_a-memset.o)
                              C:/ST/STM32CubeIDE_1.14.0/STM32CubeIDE/plugins/com.st.stm32cube.ide.mcu.externaltools.gnu-tools-for-stm32.11.3.rel1.win32_1.1.100.202309141235/tools/bin/../lib/gcc/arm-none-eabi/11.3.1/../../../../arm-none-eabi/lib/thumb/v7e-m+dp/hard/crt0.o (memset)
[...]
Memory Configuration

Name             Origin             Length             Attributes
FLASH            0x0000000008000000 0x0000000000200000 xr
DTCMRAM          0x0000000020000000 0x0000000000020000 xrw
RAM_D1           0x0000000024000000 0x0000000000080000 xrw
RAM_D2           0x0000000030000000 0x0000000000048000 xrw
RAM_D3           0x0000000038000000 0x0000000000010000 xrw
ITCMRAM          0x0000000000000000 0x0000000000010000 xrw
*default*        0x0000000000000000 0xffffffffffffffff

Linker script and memory map

LOAD C:/ST/STM32CubeIDE_1.14.0/STM32CubeIDE/plugins/com.st.stm32cube.ide.mcu.externaltools.gnu-tools-for-stm32.11.3.rel1.win32_1.1.100.202309141235/tools/bin/../lib/gcc/arm-none-eabi/11.3.1/thumb/v7e-m+dp/hard/crti.o
LOAD C:/ST/STM32CubeIDE_1.14.0/STM32CubeIDE/plugins/com.st.stm32cube.ide.mcu.externaltools.gnu-tools-for-stm32.11.3.rel1.win32_1.1.100.202309141235/tools/bin/../lib/gcc/arm-none-eabi/11.3.1/thumb/v7e-m+dp/hard/crtbegin.o
LOAD C:/ST/STM32CubeIDE_1.14.0/STM32CubeIDE/plugins/com.st.stm32cube.ide.mcu.externaltools.gnu-tools-for-stm32.11.3.rel1.win32_1.1.100.202309141235/tools/bin/../lib/gcc/arm-none-eabi/11.3.1/../../../../arm-none-eabi/lib/thumb/v7e-m+dp/hard/crt0.o
LOAD ./Core/Src/bms.o
LOAD ./Core/Src/dwt_delay.o
LOAD ./Core/Src/ltc.o
LOAD ./Core/Src/main.o
LOAD ./Core/Src/stm32h7xx_hal_msp.o
LOAD ./Core/Src/stm32h7xx_it.o
LOAD ./Core/Src/syscalls.o
LOAD ./Core/Src/sysmem.o
LOAD ./Core/Src/system_stm32h7xx.o
LOAD ./Core/Startup/startup_stm32h743vitx.o
LOAD ./Drivers/STM32H7xx_HAL_Driver/Src/stm32h7xx_hal.o
LOAD ./Drivers/STM32H7xx_HAL_Driver/Src/stm32h7xx_hal_adc.o
LOAD ./Drivers/STM32H7xx_HAL_Driver/Src/stm32h7xx_hal_adc_ex.o
LOAD ./Drivers/STM32H7xx_HAL_Driver/Src/stm32h7xx_hal_cortex.o
LOAD ./Drivers/STM32H7xx_HAL_Driver/Src/stm32h7xx_hal_dma.o
LOAD ./Drivers/STM32H7xx_HAL_Driver/Src/stm32h7xx_hal_dma_ex.o
LOAD ./Drivers/STM32H7xx_HAL_Driver/Src/stm32h7xx_hal_exti.o
LOAD ./Drivers/STM32H7xx_HAL_Driver/Src/stm32h7xx_hal_fdcan.o
LOAD ./Drivers/STM32H7xx_HAL_Driver/Src/stm32h7xx_hal_flash.o
LOAD ./Drivers/STM32H7xx_HAL_Driver/Src/stm32h7xx_hal_flash_ex.o
LOAD ./Drivers/STM32H7xx_HAL_Driver/Src/stm32h7xx_hal_gpio.o
LOAD ./Drivers/STM32H7xx_HAL_Driver/Src/stm32h7xx_hal_hsem.o
LOAD ./Drivers/STM32H7xx_HAL_Driver/Src/stm32h7xx_hal_i2c.o
LOAD ./Drivers/STM32H7xx_HAL_Driver/Src/stm32h7xx_hal_i2c_ex.o
LOAD ./Drivers/STM32H7xx_HAL_Driver/Src/stm32h7xx_hal_mdma.o
LOAD ./Drivers/STM32H7xx_HAL_Driver/Src/stm32h7xx_hal_pwr.o
LOAD ./Drivers/STM32H7xx_HAL_Driver/Src/stm32h7xx_hal_pwr_ex.o
LOAD ./Drivers/STM32H7xx_HAL_Driver/Src/stm32h7xx_hal_rcc.o
LOAD ./Drivers/STM32H7xx_HAL_Driver/Src/stm32h7xx_hal_rcc_ex.o
LOAD ./Drivers/STM32H7xx_HAL_Driver/Src/stm32h7xx_hal_spi.o
LOAD ./Drivers/STM32H7xx_HAL_Driver/Src/stm32h7xx_hal_spi_ex.o
LOAD ./Drivers/STM32H7xx_HAL_Driver/Src/stm32h7xx_hal_tim.o
LOAD ./Drivers/STM32H7xx_HAL_Driver/Src/stm32h7xx_hal_tim_ex.o
LOAD ./Drivers/STM32H7xx_HAL_Driver/Src/stm32h7xx_hal_usart.o
LOAD ./Drivers/STM32H7xx_HAL_Driver/Src/stm32h7xx_hal_usart_ex.o
START GROUP
LOAD C:/ST/STM32CubeIDE_1.14.0/STM32CubeIDE/plugins/com.st.stm32cube.ide.mcu.externaltools.gnu-tools-for-stm32.11.3.rel1.win32_1.1.100.202309141235/tools/bin/../lib/gcc/arm-none-eabi/11.3.1/../../../../arm-none-eabi/lib/thumb/v7e-m+dp/hard\libc_nano.a
LOAD C:/ST/STM32CubeIDE_1.14.0/STM32CubeIDE/plugins/com.st.stm32cube.ide.mcu.externaltools.gnu-tools-for-stm32.11.3.rel1.win32_1.1.100.202309141235/tools/bin/../lib/gcc/arm-none-eabi/11.3.1/../../../../arm-none-eabi/lib/thumb/v7e-m+dp/hard\libm.a
END GROUP
START GROUP
LOAD C:/ST/STM32CubeIDE_1.14.0/STM32CubeIDE/plugins/com.st.stm32cube.ide.mcu.externaltools.gnu-tools-for-stm32.11.3.rel1.win32_1.1.100.202309141235/tools/bin/../lib/gcc/arm-none-eabi/11.3.1/thumb/v7e-m+dp/hard\libgcc.a
LOAD C:/ST/STM32CubeIDE_1.14.0/STM32CubeIDE/plugins/com.st.stm32cube.ide.mcu.externaltools.gnu-tools-for-stm32.11.3.rel1.win32_1.1.100.202309141235/tools/bin/../lib/gcc/arm-none-eabi/11.3.1/../../../../arm-none-eabi/lib/thumb/v7e-m+dp/hard\libc_nano.a
END GROUP
START GROUP
LOAD C:/ST/STM32CubeIDE_1.14.0/STM32CubeIDE/plugins/com.st.stm32cube.ide.mcu.externaltools.gnu-tools-for-stm32.11.3.rel1.win32_1.1.100.202309141235/tools/bin/../lib/gcc/arm-none-eabi/11.3.1/thumb/v7e-m+dp/hard\libgcc.a
LOAD C:/ST/STM32CubeIDE_1.14.0/STM32CubeIDE/plugins/com.st.stm32cube.ide.mcu.externaltools.gnu-tools-for-stm32.11.3.rel1.win32_1.1.100.202309141235/tools/bin/../lib/gcc/arm-none-eabi/11.3.1/../../../../arm-none-eabi/lib/thumb/v7e-m+dp/hard\libc_nano.a
LOAD C:/ST/STM32CubeIDE_1.14.0/STM32CubeIDE/plugins/com.st.stm32cube.ide.mcu.externaltools.gnu-tools-for-stm32.11.3.rel1.win32_1.1.100.202309141235/tools/bin/../lib/gcc/arm-none-eabi/11.3.1/../../../../arm-none-eabi/lib/thumb/v7e-m+dp/hard\libnosys.a
END GROUP
START GROUP
LOAD C:/ST/STM32CubeIDE_1.14.0/STM32CubeIDE/plugins/com.st.stm32cube.ide.mcu.externaltools.gnu-tools-for-stm32.11.3.rel1.win32_1.1.100.202309141235/tools/bin/../lib/gcc/arm-none-eabi/11.3.1/thumb/v7e-m+dp/hard\libgcc.a
LOAD C:/ST/STM32CubeIDE_1.14.0/STM32CubeIDE/plugins/com.st.stm32cube.ide.mcu.externaltools.gnu-tools-for-stm32.11.3.rel1.win32_1.1.100.202309141235/tools/bin/../lib/gcc/arm-none-eabi/11.3.1/../../../../arm-none-eabi/lib/thumb/v7e-m+dp/hard\libc_nano.a
LOAD C:/ST/STM32CubeIDE_1.14.0/STM32CubeIDE/plugins/com.st.stm32cube.ide.mcu.externaltools.gnu-tools-for-stm32.11.3.rel1.win32_1.1.100.202309141235/tools/bin/../lib/gcc/arm-none-eabi/11.3.1/../../../../arm-none-eabi/lib/thumb/v7e-m+dp/hard\libnosys.a
END GROUP
LOAD C:/ST/STM32CubeIDE_1.14.0/STM32CubeIDE/plugins/com.st.stm32cube.ide.mcu.externaltools.gnu-tools-for-stm32.11.3.rel1.win32_1.1.100.202309141235/tools/bin/../lib/gcc/arm-none-eabi/11.3.1/thumb/v7e-m+dp/hard/crtend.o
LOAD C:/ST/STM32CubeIDE_1.14.0/STM32CubeIDE/plugins/com.st.stm32cube.ide.mcu.externaltools.gnu-tools-for-stm32.11.3.rel1.win32_1.1.100.202309141235/tools/bin/../lib/gcc/arm-none-eabi/11.3.1/thumb/v7e-m+dp/hard/crtn.o
                0x0000000024080000                _estack = (ORIGIN (RAM_D1) + LENGTH (RAM_D1))
                0x0000000000000200                _Min_Heap_Size = 0x200
                0x0000000000000400                _Min_Stack_Size = 0x400

.isr_vector     0x0000000008000000      0x298
                0x0000000008000000                . = ALIGN (0x4)
 *(.isr_vector)
 .isr_vector    0x0000000008000000      0x298 ./Core/Startup/startup_stm32h743vitx.o
                0x0000000008000000                g_pfnVectors
                0x0000000008000298                . = ALIGN (0x4)

.text           0x0000000008000298     0x92ac
                0x0000000008000298                . = ALIGN (0x4)
 *(.text)
 .text          0x0000000008000298       0x40 C:/ST/STM32CubeIDE_1.14.0/STM32CubeIDE/plugins/com.st.stm32cube.ide.mcu.externaltools.gnu-tools-for-stm32.11.3.rel1.win32_1.1.100.202309141235/tools/bin/../lib/gcc/arm-none-eabi/11.3.1/thumb/v7e-m+dp/hard/crtbegin.o
 *(.text*)
 .text.BMS_Init
                0x00000000080002d8       0x80 ./Core/Src/bms.o
                0x00000000080002d8                BMS_Init
 .text.BMS_Monitoring
                0x0000000008000358       0x28 ./Core/Src/bms.o
                0x0000000008000358                BMS_Monitoring
 .text.DWT_Delay_Init
                0x0000000008000380       0x60 ./Core/Src/dwt_delay.o
                0x0000000008000380                DWT_Delay_Init
 .text.DWT_Delay_us
                0x00000000080003e0       0x48 ./Core/Src/ltc.o
 .text.LTC_Init
                0x0000000008000428       0x6e ./Core/Src/ltc.o
                0x0000000008000428                LTC_Init
 *fill*         0x0000000008000496        0x2 
 .text.LTC_PEC_InitTable
                0x0000000008000498       0x74 ./Core/Src/ltc.o
                0x0000000008000498                LTC_PEC_InitTable
 .text.LTC_SendBroadcastCommand
                0x000000000800050c       0x40 ./Core/Src/ltc.o
                0x000000000800050c                LTC_SendBroadcastCommand
 .text.LTC_StartTrasmission
                0x000000000800054c        0xe ./Core/Src/ltc.o
                0x000000000800054c                LTC_StartTrasmission
 .text.LTC_EndTramission
                0x000000000800055a        0xe ./Core/Src/ltc.o
                0x000000000800055a                LTC_EndTramission
 .text.LTC_Communication
                0x0000000008000568       0x42 ./Core/Src/ltc.o
                0x0000000008000568                LTC_Communication
 *fill*         0x00000000080005aa        0x2 
 .text.LTC_ChipSelect
                0x00000000080005ac       0x28 ./Core/Src/ltc.o
                0x00000000080005ac                LTC_ChipSelect
 .text.LTC_SPI  0x00000000080005d4       0x34 ./Core/Src/ltc.o
                0x00000000080005d4                LTC_SPI
 .text.LTC_WakeUp
                0x0000000008000608       0x16 ./Core/Src/ltc.o
                0x0000000008000608                LTC_WakeUp
 .text.LTC_MakeCommand
                0x000000000800061e      0x116 ./Core/Src/ltc.o
                0x000000000800061e                LTC_MakeCommand
 .text.LTC_PEC  0x0000000008000734       0x8c ./Core/Src/ltc.o
                0x0000000008000734                LTC_PEC
 .text.LTC_TransmitCommand
                0x00000000080007c0       0x30 ./Core/Src/ltc.o
                0x00000000080007c0                LTC_TransmitCommand
 .text.LTC_TransmitReceive
                0x00000000080007f0       0x70 ./Core/Src/ltc.o
                0x00000000080007f0                LTC_TransmitReceive
 .text.DWT_Delay_us
                0x0000000008000860       0x48 ./Core/Src/main.o
 .text.main     0x00000000080008a8       0x48 ./Core/Src/main.o
                0x00000000080008a8                main
 .text.SystemClock_Config
                0x00000000080008f0       0xfc ./Core/Src/main.o
                0x00000000080008f0                SystemClock_Config
 .text.MX_ADC2_Init
                0x00000000080009ec       0xcc ./Core/Src/main.o
 .text.MX_FDCAN1_Init
                0x0000000008000ab8       0xc8 ./Core/Src/main.o
 .text.MX_I2C1_Init
                0x0000000008000b80       0x80 ./Core/Src/main.o
 .text.MX_SPI1_Init
                0x0000000008000c00       0xac ./Core/Src/main.o
 .text.MX_USART1_Init
                0x0000000008000cac       0x98 ./Core/Src/main.o
 .text.MX_DMA_Init
                0x0000000008000d44       0x88 ./Core/Src/main.o
 .text.MX_GPIO_Init
                0x0000000008000dcc      0x1dc ./Core/Src/main.o
 .text.Error_Handler
                0x0000000008000fa8        0xa ./Core/Src/main.o
                0x0000000008000fa8                Error_Handler
 *fill*         0x0000000008000fb2        0x2 
 .text.HAL_MspInit
                0x0000000008000fb4       0x34 ./Core/Src/stm32h7xx_hal_msp.o
                0x0000000008000fb4                HAL_MspInit
 .text.HAL_ADC_MspInit
                0x0000000008000fe8       0xe8 ./Core/Src/stm32h7xx_hal_msp.o
                0x0000000008000fe8                HAL_ADC_MspInit
 .text.HAL_FDCAN_MspInit
                0x00000000080010d0       0xd4 ./Core/Src/stm32h7xx_hal_msp.o
                0x00000000080010d0                HAL_FDCAN_MspInit
 .text.HAL_I2C_MspInit
                0x00000000080011a4       0xd4 ./Core/Src/stm32h7xx_hal_msp.o
                0x00000000080011a4                HAL_I2C_MspInit
 .text.HAL_SPI_MspInit
                0x0000000008001278       0xd0 ./Core/Src/stm32h7xx_hal_msp.o
                0x0000000008001278                HAL_SPI_MspInit
 .text.HAL_USART_MspInit
                0x0000000008001348       0xd4 ./Core/Src/stm32h7xx_hal_msp.o
                0x0000000008001348                HAL_USART_MspInit
 .text.NMI_Handler
                0x000000000800141c        0x6 ./Core/Src/stm32h7xx_it.o
                0x000000000800141c                NMI_Handler
 .text.HardFault_Handler
                0x0000000008001422        0x6 ./Core/Src/stm32h7xx_it.o
                0x0000000008001422                HardFault_Handler
 .text.MemManage_Handler
                0x0000000008001428        0x6 ./Core/Src/stm32h7xx_it.o
                0x0000000008001428                MemManage_Handler
 .text.BusFault_Handler
                0x000000000800142e        0x6 ./Core/Src/stm32h7xx_it.o
                0x000000000800142e                BusFault_Handler
 .text.UsageFault_Handler
                0x0000000008001434        0x6 ./Core/Src/stm32h7xx_it.o
                0x0000000008001434                UsageFault_Handler
 .text.SVC_Handler
                0x000000000800143a        0xe ./Core/Src/stm32h7xx_it.o
                0x000000000800143a                SVC_Handler
 .text.DebugMon_Handler
                0x0000000008001448        0xe ./Core/Src/stm32h7xx_it.o
                0x0000000008001448                DebugMon_Handler
 .text.PendSV_Handler
                0x0000000008001456        0xe ./Core/Src/stm32h7xx_it.o
                0x0000000008001456                PendSV_Handler
 .text.SysTick_Handler
                0x0000000008001464        0xc ./Core/Src/stm32h7xx_it.o
                0x0000000008001464                SysTick_Handler
 .text._sbrk    0x0000000008001470       0x6c ./Core/Src/sysmem.o
                0x0000000008001470                _sbrk
 .text.SystemInit
                0x00000000080014dc      0x110 ./Core/Src/system_stm32h7xx.o
                0x00000000080014dc                SystemInit
 .text.Reset_Handler
                0x00000000080015ec       0x50 ./Core/Startup/startup_stm32h743vitx.o
                0x00000000080015ec                Reset_Handler
 .text.Default_Handler
                0x000000000800163c        0x2 ./Core/Startup/startup_stm32h743vitx.o
                0x000000000800163c                RTC_Alarm_IRQHandler
                0x000000000800163c                EXTI2_IRQHandler
                0x000000000800163c                TIM8_CC_IRQHandler
                0x000000000800163c                HRTIM1_Master_IRQHandler
                0x000000000800163c                UART8_IRQHandler
                0x000000000800163c                SPI4_IRQHandler
                0x000000000800163c                TIM1_CC_IRQHandler
                0x000000000800163c                BDMA_Channel6_IRQHandler
                0x000000000800163c                DMA2_Stream5_IRQHandler
                0x000000000800163c                HRTIM1_FLT_IRQHandler
                0x000000000800163c                JPEG_IRQHandler
                0x000000000800163c                DMA1_Stream5_IRQHandler
                0x000000000800163c                BDMA_Channel1_IRQHandler
                0x000000000800163c                HRTIM1_TIMD_IRQHandler
                0x000000000800163c                TAMP_STAMP_IRQHandler
                0x000000000800163c                EXTI3_IRQHandler
                0x000000000800163c                LPTIM4_IRQHandler
                0x000000000800163c                TIM8_TRG_COM_TIM14_IRQHandler
                0x000000000800163c                LPTIM2_IRQHandler
                0x000000000800163c                DFSDM1_FLT1_IRQHandler
                0x000000000800163c                DMAMUX2_OVR_IRQHandler
                0x000000000800163c                TIM8_UP_TIM13_IRQHandler
                0x000000000800163c                I2C3_ER_IRQHandler
                0x000000000800163c                DFSDM1_FLT2_IRQHandler
                0x000000000800163c                MDMA_IRQHandler
                0x000000000800163c                LPTIM3_IRQHandler
                0x000000000800163c                HSEM1_IRQHandler
                0x000000000800163c                EXTI0_IRQHandler
                0x000000000800163c                I2C2_EV_IRQHandler
                0x000000000800163c                DMA1_Stream2_IRQHandler
                0x000000000800163c                FPU_IRQHandler
                0x000000000800163c                OTG_HS_WKUP_IRQHandler
                0x000000000800163c                FDCAN1_IT1_IRQHandler
                0x000000000800163c                LTDC_ER_IRQHandler
                0x000000000800163c                DMA2_Stream2_IRQHandler
                0x000000000800163c                HRTIM1_TIME_IRQHandler
                0x000000000800163c                SPI1_IRQHandler
                0x000000000800163c                TIM6_DAC_IRQHandler
                0x000000000800163c                DCMI_IRQHandler
                0x000000000800163c                HRTIM1_TIMC_IRQHandler
                0x000000000800163c                DMA2_Stream3_IRQHandler
                0x000000000800163c                SAI2_IRQHandler
                0x000000000800163c                DFSDM1_FLT3_IRQHandler
                0x000000000800163c                USART6_IRQHandler
                0x000000000800163c                TIM17_IRQHandler
                0x000000000800163c                USART3_IRQHandler
                0x000000000800163c                BDMA_Channel7_IRQHandler
                0x000000000800163c                LPTIM5_IRQHandler
                0x000000000800163c                UART5_IRQHandler
                0x000000000800163c                ADC3_IRQHandler
                0x000000000800163c                DMA2_Stream0_IRQHandler
                0x000000000800163c                TIM4_IRQHandler
                0x000000000800163c                BDMA_Channel2_IRQHandler
                0x000000000800163c                QUADSPI_IRQHandler
                0x000000000800163c                I2C1_EV_IRQHandler
                0x000000000800163c                DMA1_Stream6_IRQHandler
                0x000000000800163c                DMAMUX1_OVR_IRQHandler
                0x000000000800163c                DMA1_Stream1_IRQHandler
                0x000000000800163c                TIM16_IRQHandler
                0x000000000800163c                UART4_IRQHandler
                0x000000000800163c                BDMA_Channel5_IRQHandler
                0x000000000800163c                TIM3_IRQHandler
                0x000000000800163c                RCC_IRQHandler
                0x000000000800163c                TIM8_BRK_TIM12_IRQHandler
                0x000000000800163c                TIM1_TRG_COM_IRQHandler
                0x000000000800163c                Default_Handler
                0x000000000800163c                ECC_IRQHandler
                0x000000000800163c                CEC_IRQHandler
                0x000000000800163c                EXTI15_10_IRQHandler
                0x000000000800163c                BDMA_Channel0_IRQHandler
                0x000000000800163c                ADC_IRQHandler
                0x000000000800163c                DMA1_Stream7_IRQHandler
                0x000000000800163c                HRTIM1_TIMA_IRQHandler
                0x000000000800163c                SPI5_IRQHandler
                0x000000000800163c                TIM7_IRQHandler
                0x000000000800163c                SDMMC1_IRQHandler
                0x000000000800163c                TIM5_IRQHandler
                0x000000000800163c                DMA2_Stream7_IRQHandler
                0x000000000800163c                TIM15_IRQHandler
                0x000000000800163c                PVD_AVD_IRQHandler
                0x000000000800163c                I2C3_EV_IRQHandler
                0x000000000800163c                EXTI9_5_IRQHandler
                0x000000000800163c                RTC_WKUP_IRQHandler
                0x000000000800163c                LTDC_IRQHandler
                0x000000000800163c                SAI3_IRQHandler
                0x000000000800163c                ETH_WKUP_IRQHandler
                0x000000000800163c                SPDIF_RX_IRQHandler
                0x000000000800163c                SPI2_IRQHandler
                0x000000000800163c                OTG_HS_EP1_IN_IRQHandler
                0x000000000800163c                DMA1_Stream0_IRQHandler
                0x000000000800163c                CRS_IRQHandler
                0x000000000800163c                EXTI4_IRQHandler
                0x000000000800163c                RNG_IRQHandler
                0x000000000800163c                HRTIM1_TIMB_IRQHandler
                0x000000000800163c                FDCAN2_IT1_IRQHandler
                0x000000000800163c                ETH_IRQHandler
                0x000000000800163c                TIM1_UP_IRQHandler
                0x000000000800163c                BDMA_Channel4_IRQHandler
                0x000000000800163c                OTG_HS_EP1_OUT_IRQHandler
                0x000000000800163c                WWDG_IRQHandler
                0x000000000800163c                SPI6_IRQHandler
                0x000000000800163c                MDIOS_IRQHandler
                0x000000000800163c                I2C4_EV_IRQHandler
                0x000000000800163c                FDCAN2_IT0_IRQHandler
                0x000000000800163c                LPUART1_IRQHandler
                0x000000000800163c                FDCAN1_IT0_IRQHandler
                0x000000000800163c                TIM2_IRQHandler
                0x000000000800163c                OTG_FS_WKUP_IRQHandler
                0x000000000800163c                OTG_HS_IRQHandler
                0x000000000800163c                DMA2D_IRQHandler
                0x000000000800163c                TIM1_BRK_IRQHandler
                0x000000000800163c                EXTI1_IRQHandler
                0x000000000800163c                SDMMC2_IRQHandler
                0x000000000800163c                OTG_FS_EP1_OUT_IRQHandler
                0x000000000800163c                BDMA_Channel3_IRQHandler
                0x000000000800163c                UART7_IRQHandler
                0x000000000800163c                MDIOS_WKUP_IRQHandler
                0x000000000800163c                USART2_IRQHandler
                0x000000000800163c                DFSDM1_FLT0_IRQHandler
                0x000000000800163c                SAI4_IRQHandler
                0x000000000800163c                I2C2_ER_IRQHandler
                0x000000000800163c                DMA2_Stream1_IRQHandler
                0x000000000800163c                FLASH_IRQHandler
                0x000000000800163c                DMA2_Stream4_IRQHandler
                0x000000000800163c                USART1_IRQHandler
                0x000000000800163c                OTG_FS_IRQHandler
                0x000000000800163c                SPI3_IRQHandler
                0x000000000800163c                WAKEUP_PIN_IRQHandler
                0x000000000800163c                DMA1_Stream4_IRQHandler
                0x000000000800163c                OTG_FS_EP1_IN_IRQHandler
                0x000000000800163c                I2C1_ER_IRQHandler
                0x000000000800163c                FMC_IRQHandler
                0x000000000800163c                FDCAN_CAL_IRQHandler
                0x000000000800163c                SWPMI1_IRQHandler
                0x000000000800163c                COMP1_IRQHandler
                0x000000000800163c                LPTIM1_IRQHandler
                0x000000000800163c                I2C4_ER_IRQHandler
                0x000000000800163c                DMA2_Stream6_IRQHandler
                0x000000000800163c                SAI1_IRQHandler
                0x000000000800163c                DMA1_Stream3_IRQHandler
 *fill*         0x000000000800163e        0x2 
 .text.HAL_Init
                0x0000000008001640       0x78 ./Drivers/STM32H7xx_HAL_Driver/Src/stm32h7xx_hal.o
                0x0000000008001640                HAL_Init
 .text.HAL_InitTick
                0x00000000080016b8       0x6c ./Drivers/STM32H7xx_HAL_Driver/Src/stm32h7xx_hal.o
                0x00000000080016b8                HAL_InitTick
 .text.HAL_IncTick
                0x0000000008001724       0x28 ./Drivers/STM32H7xx_HAL_Driver/Src/stm32h7xx_hal.o
                0x0000000008001724                HAL_IncTick
 .text.HAL_GetTick
                0x000000000800174c       0x18 ./Drivers/STM32H7xx_HAL_Driver/Src/stm32h7xx_hal.o
                0x000000000800174c                HAL_GetTick
 .text.HAL_GetREVID
                0x0000000008001764       0x18 ./Drivers/STM32H7xx_HAL_Driver/Src/stm32h7xx_hal.o
                0x0000000008001764                HAL_GetREVID
 .text.LL_ADC_SetCommonClock
                0x000000000800177c       0x26 ./Drivers/STM32H7xx_HAL_Driver/Src/stm32h7xx_hal_adc.o
 .text.LL_ADC_SetCommonPathInternalCh
                0x00000000080017a2       0x26 ./Drivers/STM32H7xx_HAL_Driver/Src/stm32h7xx_hal_adc.o
 .text.LL_ADC_GetCommonPathInternalCh
                0x00000000080017c8       0x1c ./Drivers/STM32H7xx_HAL_Driver/Src/stm32h7xx_hal_adc.o
 .text.LL_ADC_SetOffset
                0x00000000080017e4       0x40 ./Drivers/STM32H7xx_HAL_Driver/Src/stm32h7xx_hal_adc.o
 .text.LL_ADC_SetDataRightShift
                0x0000000008001824       0x32 ./Drivers/STM32H7xx_HAL_Driver/Src/stm32h7xx_hal_adc.o
 .text.LL_ADC_SetOffsetSignedSaturation
                0x0000000008001856       0x36 ./Drivers/STM32H7xx_HAL_Driver/Src/stm32h7xx_hal_adc.o
 .text.LL_ADC_REG_SetSequencerRanks
                0x000000000800188c       0x58 ./Drivers/STM32H7xx_HAL_Driver/Src/stm32h7xx_hal_adc.o
 .text.LL_ADC_SetChannelSamplingTime
                0x00000000080018e4       0x56 ./Drivers/STM32H7xx_HAL_Driver/Src/stm32h7xx_hal_adc.o
 *fill*         0x000000000800193a        0x2 
 .text.LL_ADC_SetChannelSingleDiff
                0x000000000800193c       0x48 ./Drivers/STM32H7xx_HAL_Driver/Src/stm32h7xx_hal_adc.o
 .text.LL_ADC_DisableDeepPowerDown
                0x0000000008001984       0x24 ./Drivers/STM32H7xx_HAL_Driver/Src/stm32h7xx_hal_adc.o
 .text.LL_ADC_IsDeepPowerDownEnabled
                0x00000000080019a8       0x28 ./Drivers/STM32H7xx_HAL_Driver/Src/stm32h7xx_hal_adc.o
 .text.LL_ADC_EnableInternalRegulator
                0x00000000080019d0       0x28 ./Drivers/STM32H7xx_HAL_Driver/Src/stm32h7xx_hal_adc.o
 .text.LL_ADC_IsInternalRegulatorEnabled
                0x00000000080019f8       0x28 ./Drivers/STM32H7xx_HAL_Driver/Src/stm32h7xx_hal_adc.o
 .text.LL_ADC_IsEnabled
                0x0000000008001a20       0x26 ./Drivers/STM32H7xx_HAL_Driver/Src/stm32h7xx_hal_adc.o
 .text.LL_ADC_REG_IsConversionOngoing
                0x0000000008001a46       0x26 ./Drivers/STM32H7xx_HAL_Driver/Src/stm32h7xx_hal_adc.o
 .text.LL_ADC_INJ_IsConversionOngoing
                0x0000000008001a6c       0x26 ./Drivers/STM32H7xx_HAL_Driver/Src/stm32h7xx_hal_adc.o
 *fill*         0x0000000008001a92        0x2 
 .text.HAL_ADC_Init
                0x0000000008001a94      0x344 ./Drivers/STM32H7xx_HAL_Driver/Src/stm32h7xx_hal_adc.o
                0x0000000008001a94                HAL_ADC_Init
 .text.HAL_ADC_ConfigChannel
                0x0000000008001dd8      0x6b8 ./Drivers/STM32H7xx_HAL_Driver/Src/stm32h7xx_hal_adc.o
                0x0000000008001dd8                HAL_ADC_ConfigChannel
 .text.ADC_ConfigureBoostMode
                0x0000000008002490      0x218 ./Drivers/STM32H7xx_HAL_Driver/Src/stm32h7xx_hal_adc.o
                0x0000000008002490                ADC_ConfigureBoostMode
 .text.__NVIC_SetPriorityGrouping
                0x00000000080026a8       0x48 ./Drivers/STM32H7xx_HAL_Driver/Src/stm32h7xx_hal_cortex.o
 .text.__NVIC_GetPriorityGrouping
                0x00000000080026f0       0x1c ./Drivers/STM32H7xx_HAL_Driver/Src/stm32h7xx_hal_cortex.o
 .text.__NVIC_SetPriority
                0x000000000800270c       0x54 ./Drivers/STM32H7xx_HAL_Driver/Src/stm32h7xx_hal_cortex.o
 .text.NVIC_EncodePriority
                0x0000000008002760       0x66 ./Drivers/STM32H7xx_HAL_Driver/Src/stm32h7xx_hal_cortex.o
 *fill*         0x00000000080027c6        0x2 
 .text.SysTick_Config
                0x00000000080027c8       0x44 ./Drivers/STM32H7xx_HAL_Driver/Src/stm32h7xx_hal_cortex.o
 .text.HAL_NVIC_SetPriorityGrouping
                0x000000000800280c       0x16 ./Drivers/STM32H7xx_HAL_Driver/Src/stm32h7xx_hal_cortex.o
                0x000000000800280c                HAL_NVIC_SetPriorityGrouping
 .text.HAL_NVIC_SetPriority
                0x0000000008002822       0x34 ./Drivers/STM32H7xx_HAL_Driver/Src/stm32h7xx_hal_cortex.o
                0x0000000008002822                HAL_NVIC_SetPriority
 .text.HAL_SYSTICK_Config
                0x0000000008002856       0x18 ./Drivers/STM32H7xx_HAL_Driver/Src/stm32h7xx_hal_cortex.o
                0x0000000008002856                HAL_SYSTICK_Config
 *fill*         0x000000000800286e        0x2 
 .text.HAL_DMA_Init
                0x0000000008002870      0x6b8 ./Drivers/STM32H7xx_HAL_Driver/Src/stm32h7xx_hal_dma.o
                0x0000000008002870                HAL_DMA_Init
 .text.DMA_CalcBaseAndBitshift
                0x0000000008002f28      0x164 ./Drivers/STM32H7xx_HAL_Driver/Src/stm32h7xx_hal_dma.o
 .text.DMA_CheckFifoParam
                0x000000000800308c       0xf8 ./Drivers/STM32H7xx_HAL_Driver/Src/stm32h7xx_hal_dma.o
 .text.DMA_CalcDMAMUXChannelBaseAndMask
                0x0000000008003184      0x134 ./Drivers/STM32H7xx_HAL_Driver/Src/stm32h7xx_hal_dma.o
 .text.DMA_CalcDMAMUXRequestGenBaseAndMask
                0x00000000080032b8       0xe8 ./Drivers/STM32H7xx_HAL_Driver/Src/stm32h7xx_hal_dma.o
 .text.HAL_FDCAN_Init
                0x00000000080033a0      0x3bc ./Drivers/STM32H7xx_HAL_Driver/Src/stm32h7xx_hal_fdcan.o
                0x00000000080033a0                HAL_FDCAN_Init
 .text.FDCAN_CalcultateRamBlockAddresses
                0x000000000800375c      0x30c ./Drivers/STM32H7xx_HAL_Driver/Src/stm32h7xx_hal_fdcan.o
 .text.HAL_GPIO_Init
                0x0000000008003a68      0x360 ./Drivers/STM32H7xx_HAL_Driver/Src/stm32h7xx_hal_gpio.o
                0x0000000008003a68                HAL_GPIO_Init
 .text.HAL_GPIO_WritePin
                0x0000000008003dc8       0x32 ./Drivers/STM32H7xx_HAL_Driver/Src/stm32h7xx_hal_gpio.o
                0x0000000008003dc8                HAL_GPIO_WritePin
 *fill*         0x0000000008003dfa        0x2 
 .text.HAL_I2C_Init
                0x0000000008003dfc      0x138 ./Drivers/STM32H7xx_HAL_Driver/Src/stm32h7xx_hal_i2c.o
                0x0000000008003dfc                HAL_I2C_Init
 .text.HAL_I2CEx_ConfigAnalogFilter
                0x0000000008003f34       0x96 ./Drivers/STM32H7xx_HAL_Driver/Src/stm32h7xx_hal_i2c_ex.o
                0x0000000008003f34                HAL_I2CEx_ConfigAnalogFilter
 .text.HAL_I2CEx_ConfigDigitalFilter
                0x0000000008003fca       0x98 ./Drivers/STM32H7xx_HAL_Driver/Src/stm32h7xx_hal_i2c_ex.o
                0x0000000008003fca                HAL_I2CEx_ConfigDigitalFilter
 *fill*         0x0000000008004062        0x2 
 .text.HAL_PWREx_ConfigSupply
                0x0000000008004064       0x74 ./Drivers/STM32H7xx_HAL_Driver/Src/stm32h7xx_hal_pwr_ex.o
                0x0000000008004064                HAL_PWREx_ConfigSupply
 .text.HAL_RCC_OscConfig
                0x00000000080040d8      0x8b4 ./Drivers/STM32H7xx_HAL_Driver/Src/stm32h7xx_hal_rcc.o
                0x00000000080040d8                HAL_RCC_OscConfig
 .text.HAL_RCC_ClockConfig
                0x000000000800498c      0x36c ./Drivers/STM32H7xx_HAL_Driver/Src/stm32h7xx_hal_rcc.o
                0x000000000800498c                HAL_RCC_ClockConfig
 .text.HAL_RCC_GetSysClockFreq
                0x0000000008004cf8      0x2f4 ./Drivers/STM32H7xx_HAL_Driver/Src/stm32h7xx_hal_rcc.o
                0x0000000008004cf8                HAL_RCC_GetSysClockFreq
 .text.HAL_RCC_GetHCLKFreq
                0x0000000008004fec       0x60 ./Drivers/STM32H7xx_HAL_Driver/Src/stm32h7xx_hal_rcc.o
                0x0000000008004fec                HAL_RCC_GetHCLKFreq
 .text.HAL_RCC_GetPCLK1Freq
                0x000000000800504c       0x2c ./Drivers/STM32H7xx_HAL_Driver/Src/stm32h7xx_hal_rcc.o
                0x000000000800504c                HAL_RCC_GetPCLK1Freq
 .text.HAL_RCC_GetPCLK2Freq
                0x0000000008005078       0x2c ./Drivers/STM32H7xx_HAL_Driver/Src/stm32h7xx_hal_rcc.o
                0x0000000008005078                HAL_RCC_GetPCLK2Freq
 .text.HAL_RCCEx_PeriphCLKConfig
                0x00000000080050a4     0x1414 ./Drivers/STM32H7xx_HAL_Driver/Src/stm32h7xx_hal_rcc_ex.o
                0x00000000080050a4                HAL_RCCEx_PeriphCLKConfig
 .text.HAL_RCCEx_GetPeriphCLKFreq
                0x00000000080064b8      0xb00 ./Drivers/STM32H7xx_HAL_Driver/Src/stm32h7xx_hal_rcc_ex.o
                0x00000000080064b8                HAL_RCCEx_GetPeriphCLKFreq
 .text.HAL_RCCEx_GetD3PCLK1Freq
                0x0000000008006fb8       0x2c ./Drivers/STM32H7xx_HAL_Driver/Src/stm32h7xx_hal_rcc_ex.o
                0x0000000008006fb8                HAL_RCCEx_GetD3PCLK1Freq
 .text.HAL_RCCEx_GetPLL2ClockFreq
                0x0000000008006fe4      0x2a8 ./Drivers/STM32H7xx_HAL_Driver/Src/stm32h7xx_hal_rcc_ex.o
                0x0000000008006fe4                HAL_RCCEx_GetPLL2ClockFreq
 .text.HAL_RCCEx_GetPLL3ClockFreq
                0x000000000800728c      0x2a8 ./Drivers/STM32H7xx_HAL_Driver/Src/stm32h7xx_hal_rcc_ex.o
                0x000000000800728c                HAL_RCCEx_GetPLL3ClockFreq
 .text.HAL_RCCEx_GetPLL1ClockFreq
                0x0000000008007534      0x2a4 ./Drivers/STM32H7xx_HAL_Driver/Src/stm32h7xx_hal_rcc_ex.o
                0x0000000008007534                HAL_RCCEx_GetPLL1ClockFreq
 .text.RCCEx_PLL2_Config
                0x00000000080077d8      0x164 ./Drivers/STM32H7xx_HAL_Driver/Src/stm32h7xx_hal_rcc_ex.o
 .text.RCCEx_PLL3_Config
                0x000000000800793c      0x164 ./Drivers/STM32H7xx_HAL_Driver/Src/stm32h7xx_hal_rcc_ex.o
 .text.HAL_SPI_Init
                0x0000000008007aa0      0x248 ./Drivers/STM32H7xx_HAL_Driver/Src/stm32h7xx_hal_spi.o
                0x0000000008007aa0                HAL_SPI_Init
 .text.HAL_SPI_TransmitReceive
                0x0000000008007ce8      0x674 ./Drivers/STM32H7xx_HAL_Driver/Src/stm32h7xx_hal_spi.o
                0x0000000008007ce8                HAL_SPI_TransmitReceive
 .text.SPI_CloseTransfer
                0x000000000800835c      0x140 ./Drivers/STM32H7xx_HAL_Driver/Src/stm32h7xx_hal_spi.o
 .text.SPI_WaitOnFlagUntilTimeout
                0x000000000800849c       0x5c ./Drivers/STM32H7xx_HAL_Driver/Src/stm32h7xx_hal_spi.o
 .text.SPI_GetPacketSize
                0x00000000080084f8       0x36 ./Drivers/STM32H7xx_HAL_Driver/Src/stm32h7xx_hal_spi.o
 .text.HAL_USART_Init
                0x000000000800852e       0x94 ./Drivers/STM32H7xx_HAL_Driver/Src/stm32h7xx_hal_usart.o
                0x000000000800852e                HAL_USART_Init
 .text.USART_WaitOnFlagUntilTimeout
                0x00000000080085c2       0x6c ./Drivers/STM32H7xx_HAL_Driver/Src/stm32h7xx_hal_usart.o
 *fill*         0x000000000800862e        0x2 
 .text.USART_SetConfig
                0x0000000008008630      0xa40 ./Drivers/STM32H7xx_HAL_Driver/Src/stm32h7xx_hal_usart.o
 .text.USART_CheckIdleState
                0x0000000008009070       0x86 ./Drivers/STM32H7xx_HAL_Driver/Src/stm32h7xx_hal_usart.o
 .text.HAL_USARTEx_DisableFifoMode
                0x00000000080090f6       0x72 ./Drivers/STM32H7xx_HAL_Driver/Src/stm32h7xx_hal_usart_ex.o
                0x00000000080090f6                HAL_USARTEx_DisableFifoMode
 .text.HAL_USARTEx_SetTxFifoThreshold
                0x0000000008009168       0x7c ./Drivers/STM32H7xx_HAL_Driver/Src/stm32h7xx_hal_usart_ex.o
                0x0000000008009168                HAL_USARTEx_SetTxFifoThreshold
 .text.HAL_USARTEx_SetRxFifoThreshold
                0x00000000080091e4       0x7c ./Drivers/STM32H7xx_HAL_Driver/Src/stm32h7xx_hal_usart_ex.o
                0x00000000080091e4                HAL_USARTEx_SetRxFifoThreshold
 .text.USARTEx_SetNbDataToProcess
                0x0000000008009260       0x94 ./Drivers/STM32H7xx_HAL_Driver/Src/stm32h7xx_hal_usart_ex.o
 .text.calloc   0x00000000080092f4       0x10 C:/ST/STM32CubeIDE_1.14.0/STM32CubeIDE/plugins/com.st.stm32cube.ide.mcu.externaltools.gnu-tools-for-stm32.11.3.rel1.win32_1.1.100.202309141235/tools/bin/../lib/gcc/arm-none-eabi/11.3.1/../../../../arm-none-eabi/lib/thumb/v7e-m+dp/hard\libc_nano.a(libc_a-calloc.o)
                0x00000000080092f4                calloc
 .text._calloc_r
                0x0000000008009304       0x2c C:/ST/STM32CubeIDE_1.14.0/STM32CubeIDE/plugins/com.st.stm32cube.ide.mcu.externaltools.gnu-tools-for-stm32.11.3.rel1.win32_1.1.100.202309141235/tools/bin/../lib/gcc/arm-none-eabi/11.3.1/../../../../arm-none-eabi/lib/thumb/v7e-m+dp/hard\libc_nano.a(libc_a-callocr.o)
                0x0000000008009304                _calloc_r
 .text.sbrk_aligned
                0x0000000008009330       0x40 C:/ST/STM32CubeIDE_1.14.0/STM32CubeIDE/plugins/com.st.stm32cube.ide.mcu.externaltools.gnu-tools-for-stm32.11.3.rel1.win32_1.1.100.202309141235/tools/bin/../lib/gcc/arm-none-eabi/11.3.1/../../../../arm-none-eabi/lib/thumb/v7e-m+dp/hard\libc_nano.a(libc_a-mallocr.o)
 .text._malloc_r
                0x0000000008009370      0x100 C:/ST/STM32CubeIDE_1.14.0/STM32CubeIDE/plugins/com.st.stm32cube.ide.mcu.externaltools.gnu-tools-for-stm32.11.3.rel1.win32_1.1.100.202309141235/tools/bin/../lib/gcc/arm-none-eabi/11.3.1/../../../../arm-none-eabi/lib/thumb/v7e-m+dp/hard\libc_nano.a(libc_a-mallocr.o)
                0x0000000008009370                _malloc_r
 .text.__malloc_lock
                0x0000000008009470        0xc C:/ST/STM32CubeIDE_1.14.0/STM32CubeIDE/plugins/com.st.stm32cube.ide.mcu.externaltools.gnu-tools-for-stm32.11.3.rel1.win32_1.1.100.202309141235/tools/bin/../lib/gcc/arm-none-eabi/11.3.1/../../../../arm-none-eabi/lib/thumb/v7e-m+dp/hard\libc_nano.a(libc_a-mlock.o)
                0x0000000008009470                __malloc_lock
 .text.__malloc_unlock
                0x000000000800947c        0xc C:/ST/STM32CubeIDE_1.14.0/STM32CubeIDE/plugins/com.st.stm32cube.ide.mcu.externaltools.gnu-tools-for-stm32.11.3.rel1.win32_1.1.100.202309141235/tools/bin/../lib/gcc/arm-none-eabi/11.3.1/../../../../arm-none-eabi/lib/thumb/v7e-m+dp/hard\libc_nano.a(libc_a-mlock.o)
                0x000000000800947c                __malloc_unlock
 .text.memset   0x0000000008009488       0x10 C:/ST/STM32CubeIDE_1.14.0/STM32CubeIDE/plugins/com.st.stm32cube.ide.mcu.externaltools.gnu-tools-for-stm32.11.3.rel1.win32_1.1.100.202309141235/tools/bin/../lib/gcc/arm-none-eabi/11.3.1/../../../../arm-none-eabi/lib/thumb/v7e-m+dp/hard\libc_nano.a(libc_a-memset.o)
                0x0000000008009488                memset
 .text._sbrk_r  0x0000000008009498       0x20 C:/ST/STM32CubeIDE_1.14.0/STM32CubeIDE/plugins/com.st.stm32cube.ide.mcu.externaltools.gnu-tools-for-stm32.11.3.rel1.win32_1.1.100.202309141235/tools/bin/../lib/gcc/arm-none-eabi/11.3.1/../../../../arm-none-eabi/lib/thumb/v7e-m+dp/hard\libc_nano.a(libc_a-sbrkr.o)
                0x0000000008009498                _sbrk_r
 .text.__errno  0x00000000080094b8        0xc C:/ST/STM32CubeIDE_1.14.0/STM32CubeIDE/plugins/com.st.stm32cube.ide.mcu.externaltools.gnu-tools-for-stm32.11.3.rel1.win32_1.1.100.202309141235/tools/bin/../lib/gcc/arm-none-eabi/11.3.1/../../../../arm-none-eabi/lib/thumb/v7e-m+dp/hard\libc_nano.a(libc_a-errno.o)
                0x00000000080094b8                __errno
 .text.__libc_init_array
                0x00000000080094c4       0x48 C:/ST/STM32CubeIDE_1.14.0/STM32CubeIDE/plugins/com.st.stm32cube.ide.mcu.externaltools.gnu-tools-for-stm32.11.3.rel1.win32_1.1.100.202309141235/tools/bin/../lib/gcc/arm-none-eabi/11.3.1/../../../../arm-none-eabi/lib/thumb/v7e-m+dp/hard\libc_nano.a(libc_a-init.o)
                0x00000000080094c4                __libc_init_array
 .text.__retarget_lock_acquire_recursive
                0x000000000800950c        0x2 C:/ST/STM32CubeIDE_1.14.0/STM32CubeIDE/plugins/com.st.stm32cube.ide.mcu.externaltools.gnu-tools-for-stm32.11.3.rel1.win32_1.1.100.202309141235/tools/bin/../lib/gcc/arm-none-eabi/11.3.1/../../../../arm-none-eabi/lib/thumb/v7e-m+dp/hard\libc_nano.a(libc_a-lock.o)
                0x000000000800950c                __retarget_lock_acquire_recursive
 .text.__retarget_lock_release_recursive
                0x000000000800950e        0x2 C:/ST/STM32CubeIDE_1.14.0/STM32CubeIDE/plugins/com.st.stm32cube.ide.mcu.externaltools.gnu-tools-for-stm32.11.3.rel1.win32_1.1.100.202309141235/tools/bin/../lib/gcc/arm-none-eabi/11.3.1/../../../../arm-none-eabi/lib/thumb/v7e-m+dp/hard\libc_nano.a(libc_a-lock.o)
                0x000000000800950e                __retarget_lock_release_recursive
 .text.memcpy   0x0000000008009510       0x1c C:/ST/STM32CubeIDE_1.14.0/STM32CubeIDE/plugins/com.st.stm32cube.ide.mcu.externaltools.gnu-tools-for-stm32.11.3.rel1.win32_1.1.100.202309141235/tools/bin/../lib/gcc/arm-none-eabi/11.3.1/../../../../arm-none-eabi/lib/thumb/v7e-m+dp/hard\libc_nano.a(libc_a-memcpy-stub.o)
                0x0000000008009510                memcpy
 *(.glue_7)
 .glue_7        0x000000000800952c        0x0 linker stubs
 *(.glue_7t)
 .glue_7t       0x000000000800952c        0x0 linker stubs
 *(.eh_frame)
 .eh_frame      0x000000000800952c        0x0 C:/ST/STM32CubeIDE_1.14.0/STM32CubeIDE/plugins/com.st.stm32cube.ide.mcu.externaltools.gnu-tools-for-stm32.11.3.rel1.win32_1.1.100.202309141235/tools/bin/../lib/gcc/arm-none-eabi/11.3.1/thumb/v7e-m+dp/hard/crtbegin.o
 *(.init)
 .init          0x000000000800952c        0x4 C:/ST/STM32CubeIDE_1.14.0/STM32CubeIDE/plugins/com.st.stm32cube.ide.mcu.externaltools.gnu-tools-for-stm32.11.3.rel1.win32_1.1.100.202309141235/tools/bin/../lib/gcc/arm-none-eabi/11.3.1/thumb/v7e-m+dp/hard/crti.o
                0x000000000800952c                _init
 .init          0x0000000008009530        0x8 C:/ST/STM32CubeIDE_1.14.0/STM32CubeIDE/plugins/com.st.stm32cube.ide.mcu.externaltools.gnu-tools-for-stm32.11.3.rel1.win32_1.1.100.202309141235/tools/bin/../lib/gcc/arm-none-eabi/11.3.1/thumb/v7e-m+dp/hard/crtn.o
 *(.fini)
 .fini          0x0000000008009538        0x4 C:/ST/STM32CubeIDE_1.14.0/STM32CubeIDE/plugins/com.st.stm32cube.ide.mcu.externaltools.gnu-tools-for-stm32.11.3.rel1.win32_1.1.100.202309141235/tools/bin/../lib/gcc/arm-none-eabi/11.3.1/thumb/v7e-m+dp/hard/crti.o
                0x0000000008009538                _fini
 .fini          0x000000000800953c        0x8 C:/ST/STM32CubeIDE_1.14.0/STM32CubeIDE/plugins/com.st.stm32cube.ide.mcu.externaltools.gnu-tools-for-stm32.11.3.rel1.win32_1.1.100.202309141235/tools/bin/../lib/gcc/arm-none-eabi/11.3.1/thumb/v7e-m+dp/hard/crtn.o
                0x0000000008009544                . = ALIGN (0x4)
                0x0000000008009544                _etext = .

.vfp11_veneer   0x0000000008009544        0x0
 .vfp11_veneer  0x0000000008009544        0x0 linker stubs

.v4_bx          0x0000000008009544        0x0
 .v4_bx         0x0000000008009544        0x0 linker stubs

.iplt           0x0000000008009544        0x0
 .iplt          0x0000000008009544        0x0 C:/ST/STM32CubeIDE_1.14.0/STM32CubeIDE/plugins/com.st.stm32cube.ide.mcu.externaltools.gnu-tools-for-stm32.11.3.rel1.win32_1.1.100.202309141235/tools/bin/../lib/gcc/arm-none-eabi/11.3.1/thumb/v7e-m+dp/hard/crtbegin.o

.rodata         0x0000000008009544       0x74
                0x0000000008009544                . = ALIGN (0x4)
 *(.rodata)
 .rodata        0x0000000008009544       0x4c ./Drivers/STM32H7xx_HAL_Driver/Src/stm32h7xx_hal_fdcan.o
 *(.rodata*)
 .rodata.D1CorePrescTable
                0x0000000008009590       0x10 ./Core/Src/system_stm32h7xx.o
                0x0000000008009590                D1CorePrescTable
 .rodata.flagBitshiftOffset.0
                0x00000000080095a0        0x8 ./Drivers/STM32H7xx_HAL_Driver/Src/stm32h7xx_hal_dma.o
 .rodata.numerator.1
                0x00000000080095a8        0x8 ./Drivers/STM32H7xx_HAL_Driver/Src/stm32h7xx_hal_usart_ex.o
 .rodata.denominator.0
                0x00000000080095b0        0x8 ./Drivers/STM32H7xx_HAL_Driver/Src/stm32h7xx_hal_usart_ex.o
                0x00000000080095b8                . = ALIGN (0x4)

.rel.dyn        0x00000000080095b8        0x0
 .rel.iplt      0x00000000080095b8        0x0 C:/ST/STM32CubeIDE_1.14.0/STM32CubeIDE/plugins/com.st.stm32cube.ide.mcu.externaltools.gnu-tools-for-stm32.11.3.rel1.win32_1.1.100.202309141235/tools/bin/../lib/gcc/arm-none-eabi/11.3.1/thumb/v7e-m+dp/hard/crtbegin.o

.ARM.extab
 *(.ARM.extab* .gnu.linkonce.armextab.*)

.ARM            0x00000000080095b8        0x0
                0x00000000080095b8                __exidx_start = .
 *(.ARM.exidx*)
                0x00000000080095b8                __exidx_end = .

.preinit_array  0x00000000080095b8        0x0
                0x00000000080095b8                PROVIDE (__preinit_array_start = .)
 *(.preinit_array*)
                0x00000000080095b8                PROVIDE (__preinit_array_end = .)

.init_array     0x00000000080095b8        0x4
                0x00000000080095b8                PROVIDE (__init_array_start = .)
 *(SORT_BY_NAME(.init_array.*))
 *(.init_array*)
 .init_array    0x00000000080095b8        0x4 C:/ST/STM32CubeIDE_1.14.0/STM32CubeIDE/plugins/com.st.stm32cube.ide.mcu.externaltools.gnu-tools-for-stm32.11.3.rel1.win32_1.1.100.202309141235/tools/bin/../lib/gcc/arm-none-eabi/11.3.1/thumb/v7e-m+dp/hard/crtbegin.o
                0x00000000080095bc                PROVIDE (__init_array_end = .)

.fini_array     0x00000000080095bc        0x4
                [!provide]                        PROVIDE (__fini_array_start = .)
 *(SORT_BY_NAME(.fini_array.*))
 *(.fini_array*)
 .fini_array    0x00000000080095bc        0x4 C:/ST/STM32CubeIDE_1.14.0/STM32CubeIDE/plugins/com.st.stm32cube.ide.mcu.externaltools.gnu-tools-for-stm32.11.3.rel1.win32_1.1.100.202309141235/tools/bin/../lib/gcc/arm-none-eabi/11.3.1/thumb/v7e-m+dp/hard/crtbegin.o
                [!provide]                        PROVIDE (__fini_array_end = .)
                0x00000000080095c0                _sidata = LOADADDR (.data)

.data           0x0000000024000000       0x60 load address 0x00000000080095c0
                0x0000000024000000                . = ALIGN (0x4)
                0x0000000024000000                _sdata = .
 *(.data)
 *(.data*)
 .data.SystemCoreClock
                0x0000000024000000        0x4 ./Core/Src/system_stm32h7xx.o
                0x0000000024000000                SystemCoreClock
 .data.SystemD2Clock
                0x0000000024000004        0x4 ./Core/Src/system_stm32h7xx.o
                0x0000000024000004                SystemD2Clock
 .data.uwTickPrio
                0x0000000024000008        0x4 ./Drivers/STM32H7xx_HAL_Driver/Src/stm32h7xx_hal.o
                0x0000000024000008                uwTickPrio
 .data.uwTickFreq
                0x000000002400000c        0x1 ./Drivers/STM32H7xx_HAL_Driver/Src/stm32h7xx_hal.o
                0x000000002400000c                uwTickFreq
 *fill*         0x000000002400000d        0x3 
 .data._impure_data
                0x0000000024000010       0x4c C:/ST/STM32CubeIDE_1.14.0/STM32CubeIDE/plugins/com.st.stm32cube.ide.mcu.externaltools.gnu-tools-for-stm32.11.3.rel1.win32_1.1.100.202309141235/tools/bin/../lib/gcc/arm-none-eabi/11.3.1/../../../../arm-none-eabi/lib/thumb/v7e-m+dp/hard\libc_nano.a(libc_a-impure.o)
                0x0000000024000010                _impure_data
 .data._impure_ptr
                0x000000002400005c        0x4 C:/ST/STM32CubeIDE_1.14.0/STM32CubeIDE/plugins/com.st.stm32cube.ide.mcu.externaltools.gnu-tools-for-stm32.11.3.rel1.win32_1.1.100.202309141235/tools/bin/../lib/gcc/arm-none-eabi/11.3.1/../../../../arm-none-eabi/lib/thumb/v7e-m+dp/hard\libc_nano.a(libc_a-impure.o)
                0x000000002400005c                _impure_ptr
 *(.RamFunc)
 *(.RamFunc*)
                0x0000000024000060                . = ALIGN (0x4)
                0x0000000024000060                _edata = .

.igot.plt       0x0000000024000060        0x0 load address 0x0000000008009620
 .igot.plt      0x0000000024000060        0x0 C:/ST/STM32CubeIDE_1.14.0/STM32CubeIDE/plugins/com.st.stm32cube.ide.mcu.externaltools.gnu-tools-for-stm32.11.3.rel1.win32_1.1.100.202309141235/tools/bin/../lib/gcc/arm-none-eabi/11.3.1/thumb/v7e-m+dp/hard/crtbegin.o
                0x0000000024000060                . = ALIGN (0x4)

.bss            0x0000000024000060      0x624 load address 0x0000000008009620
                0x0000000024000060                _sbss = .
                0x0000000024000060                __bss_start__ = _sbss
 *(.bss)
 .bss           0x0000000024000060       0x1c C:/ST/STM32CubeIDE_1.14.0/STM32CubeIDE/plugins/com.st.stm32cube.ide.mcu.externaltools.gnu-tools-for-stm32.11.3.rel1.win32_1.1.100.202309141235/tools/bin/../lib/gcc/arm-none-eabi/11.3.1/thumb/v7e-m+dp/hard/crtbegin.o
 *(.bss*)
 .bss.pec_table
                0x000000002400007c      0x200 ./Core/Src/ltc.o
 .bss.hadc2     0x000000002400027c       0x64 ./Core/Src/main.o
                0x000000002400027c                hadc2
 .bss.hfdcan1   0x00000000240002e0       0xa0 ./Core/Src/main.o
                0x00000000240002e0                hfdcan1
 .bss.hi2c1     0x0000000024000380       0x54 ./Core/Src/main.o
                0x0000000024000380                hi2c1
 .bss.hspi1     0x00000000240003d4       0x88 ./Core/Src/main.o
                0x00000000240003d4                hspi1
 .bss.husart1   0x000000002400045c       0x60 ./Core/Src/main.o
                0x000000002400045c                husart1
 .bss.hdma_dma_generator0
                0x00000000240004bc       0x78 ./Core/Src/main.o
                0x00000000240004bc                hdma_dma_generator0
 .bss.__sbrk_heap_end
                0x0000000024000534        0x4 ./Core/Src/sysmem.o
 .bss.uwTick    0x0000000024000538        0x4 ./Drivers/STM32H7xx_HAL_Driver/Src/stm32h7xx_hal.o
                0x0000000024000538                uwTick
 .bss.__malloc_free_list
                0x000000002400053c        0x4 C:/ST/STM32CubeIDE_1.14.0/STM32CubeIDE/plugins/com.st.stm32cube.ide.mcu.externaltools.gnu-tools-for-stm32.11.3.rel1.win32_1.1.100.202309141235/tools/bin/../lib/gcc/arm-none-eabi/11.3.1/../../../../arm-none-eabi/lib/thumb/v7e-m+dp/hard\libc_nano.a(libc_a-mallocr.o)
                0x000000002400053c                __malloc_free_list
 .bss.__malloc_sbrk_start
                0x0000000024000540        0x4 C:/ST/STM32CubeIDE_1.14.0/STM32CubeIDE/plugins/com.st.stm32cube.ide.mcu.externaltools.gnu-tools-for-stm32.11.3.rel1.win32_1.1.100.202309141235/tools/bin/../lib/gcc/arm-none-eabi/11.3.1/../../../../arm-none-eabi/lib/thumb/v7e-m+dp/hard\libc_nano.a(libc_a-mallocr.o)
                0x0000000024000540                __malloc_sbrk_start
 .bss.__sf      0x0000000024000544      0x138 C:/ST/STM32CubeIDE_1.14.0/STM32CubeIDE/plugins/com.st.stm32cube.ide.mcu.externaltools.gnu-tools-for-stm32.11.3.rel1.win32_1.1.100.202309141235/tools/bin/../lib/gcc/arm-none-eabi/11.3.1/../../../../arm-none-eabi/lib/thumb/v7e-m+dp/hard\libc_nano.a(libc_a-findfp.o)
                0x0000000024000544                __sf
 .bss.errno     0x000000002400067c        0x4 C:/ST/STM32CubeIDE_1.14.0/STM32CubeIDE/plugins/com.st.stm32cube.ide.mcu.externaltools.gnu-tools-for-stm32.11.3.rel1.win32_1.1.100.202309141235/tools/bin/../lib/gcc/arm-none-eabi/11.3.1/../../../../arm-none-eabi/lib/thumb/v7e-m+dp/hard\libc_nano.a(libc_a-reent.o)
                0x000000002400067c                errno
 .bss.__lock___malloc_recursive_mutex
                0x0000000024000680        0x1 C:/ST/STM32CubeIDE_1.14.0/STM32CubeIDE/plugins/com.st.stm32cube.ide.mcu.externaltools.gnu-tools-for-stm32.11.3.rel1.win32_1.1.100.202309141235/tools/bin/../lib/gcc/arm-none-eabi/11.3.1/../../../../arm-none-eabi/lib/thumb/v7e-m+dp/hard\libc_nano.a(libc_a-lock.o)
                0x0000000024000680                __lock___malloc_recursive_mutex
 *(COMMON)
                0x0000000024000684                . = ALIGN (0x4)
 *fill*         0x0000000024000681        0x3 
                0x0000000024000684                _ebss = .
                0x0000000024000684                __bss_end__ = _ebss

._user_heap_stack
                0x0000000024000684      0x604 load address 0x0000000008009620
                0x0000000024000688                . = ALIGN (0x8)
 *fill*         0x0000000024000684        0x4 
                [!provide]                        PROVIDE (end = .)
                0x0000000024000688                PROVIDE (_end = .)
                0x0000000024000888                . = (. + _Min_Heap_Size)
 *fill*         0x0000000024000688      0x200 
                0x0000000024000c88                . = (. + _Min_Stack_Size)
 *fill*         0x0000000024000888      0x400 
                0x0000000024000c88                . = ALIGN (0x8)

/DISCARD/
 libc.a(*)
 libm.a(*)
 libgcc.a(*)

.ARM.attributes
                0x0000000000000000       0x2e
 *(.ARM.attributes)
 .ARM.attributes
                0x0000000000000000       0x1e C:/ST/STM32CubeIDE_1.14.0/STM32CubeIDE/plugins/com.st.stm32cube.ide.mcu.externaltools.gnu-tools-for-stm32.11.3.rel1.win32_1.1.100.202309141235/tools/bin/../lib/gcc/arm-none-eabi/11.3.1/thumb/v7e-m+dp/hard/crti.o
 .ARM.attributes
                0x000000000000001e       0x32 C:/ST/STM32CubeIDE_1.14.0/STM32CubeIDE/plugins/com.st.stm32cube.ide.mcu.externaltools.gnu-tools-for-stm32.11.3.rel1.win32_1.1.100.202309141235/tools/bin/../lib/gcc/arm-none-eabi/11.3.1/thumb/v7e-m+dp/hard/crtbegin.o
 .ARM.attributes
                0x0000000000000050       0x32 ./Core/Src/bms.o
 .ARM.attributes
                0x0000000000000082       0x32 ./Core/Src/dwt_delay.o
 .ARM.attributes
                0x00000000000000b4       0x32 ./Core/Src/ltc.o
 .ARM.attributes
                0x00000000000000e6       0x32 ./Core/Src/main.o
 .ARM.attributes
                0x0000000000000118       0x32 ./Core/Src/stm32h7xx_hal_msp.o
 .ARM.attributes
                0x000000000000014a       0x32 ./Core/Src/stm32h7xx_it.o
 .ARM.attributes
                0x000000000000017c       0x32 ./Core/Src/sysmem.o
 .ARM.attributes
                0x00000000000001ae       0x32 ./Core/Src/system_stm32h7xx.o
 .ARM.attributes
                0x00000000000001e0       0x21 ./Core/Startup/startup_stm32h743vitx.o
 .ARM.attributes
                0x0000000000000201       0x32 ./Drivers/STM32H7xx_HAL_Driver/Src/stm32h7xx_hal.o
 .ARM.attributes
                0x0000000000000233       0x32 ./Drivers/STM32H7xx_HAL_Driver/Src/stm32h7xx_hal_adc.o
 .ARM.attributes
                0x0000000000000265       0x32 ./Drivers/STM32H7xx_HAL_Driver/Src/stm32h7xx_hal_cortex.o
 .ARM.attributes
                0x0000000000000297       0x32 ./Drivers/STM32H7xx_HAL_Driver/Src/stm32h7xx_hal_dma.o
 .ARM.attributes
                0x00000000000002c9       0x32 ./Drivers/STM32H7xx_HAL_Driver/Src/stm32h7xx_hal_fdcan.o
 .ARM.attributes
                0x00000000000002fb       0x32 ./Drivers/STM32H7xx_HAL_Driver/Src/stm32h7xx_hal_gpio.o
 .ARM.attributes
                0x000000000000032d       0x32 ./Drivers/STM32H7xx_HAL_Driver/Src/stm32h7xx_hal_i2c.o
 .ARM.attributes
                0x000000000000035f       0x32 ./Drivers/STM32H7xx_HAL_Driver/Src/stm32h7xx_hal_i2c_ex.o
 .ARM.attributes
                0x0000000000000391       0x32 ./Drivers/STM32H7xx_HAL_Driver/Src/stm32h7xx_hal_pwr_ex.o
 .ARM.attributes
                0x00000000000003c3       0x32 ./Drivers/STM32H7xx_HAL_Driver/Src/stm32h7xx_hal_rcc.o
 .ARM.attributes
                0x00000000000003f5       0x32 ./Drivers/STM32H7xx_HAL_Driver/Src/stm32h7xx_hal_rcc_ex.o
 .ARM.attributes
                0x0000000000000427       0x32 ./Drivers/STM32H7xx_HAL_Driver/Src/stm32h7xx_hal_spi.o
 .ARM.attributes
                0x0000000000000459       0x32 ./Drivers/STM32H7xx_HAL_Driver/Src/stm32h7xx_hal_usart.o
 .ARM.attributes
                0x000000000000048b       0x32 ./Drivers/STM32H7xx_HAL_Driver/Src/stm32h7xx_hal_usart_ex.o
 .ARM.attributes
                0x00000000000004bd       0x32 C:/ST/STM32CubeIDE_1.14.0/STM32CubeIDE/plugins/com.st.stm32cube.ide.mcu.externaltools.gnu-tools-for-stm32.11.3.rel1.win32_1.1.100.202309141235/tools/bin/../lib/gcc/arm-none-eabi/11.3.1/../../../../arm-none-eabi/lib/thumb/v7e-m+dp/hard\libc_nano.a(libc_a-calloc.o)
 .ARM.attributes
                0x00000000000004ef       0x32 C:/ST/STM32CubeIDE_1.14.0/STM32CubeIDE/plugins/com.st.stm32cube.ide.mcu.externaltools.gnu-tools-for-stm32.11.3.rel1.win32_1.1.100.202309141235/tools/bin/../lib/gcc/arm-none-eabi/11.3.1/../../../../arm-none-eabi/lib/thumb/v7e-m+dp/hard\libc_nano.a(libc_a-callocr.o)
 .ARM.attributes
                0x0000000000000521       0x32 C:/ST/STM32CubeIDE_1.14.0/STM32CubeIDE/plugins/com.st.stm32cube.ide.mcu.externaltools.gnu-tools-for-stm32.11.3.rel1.win32_1.1.100.202309141235/tools/bin/../lib/gcc/arm-none-eabi/11.3.1/../../../../arm-none-eabi/lib/thumb/v7e-m+dp/hard\libc_nano.a(libc_a-mallocr.o)
 .ARM.attributes
                0x0000000000000553       0x32 C:/ST/STM32CubeIDE_1.14.0/STM32CubeIDE/plugins/com.st.stm32cube.ide.mcu.externaltools.gnu-tools-for-stm32.11.3.rel1.win32_1.1.100.202309141235/tools/bin/../lib/gcc/arm-none-eabi/11.3.1/../../../../arm-none-eabi/lib/thumb/v7e-m+dp/hard\libc_nano.a(libc_a-mlock.o)
 .ARM.attributes
                0x0000000000000585       0x32 C:/ST/STM32CubeIDE_1.14.0/STM32CubeIDE/plugins/com.st.stm32cube.ide.mcu.externaltools.gnu-tools-for-stm32.11.3.rel1.win32_1.1.100.202309141235/tools/bin/../lib/gcc/arm-none-eabi/11.3.1/../../../../arm-none-eabi/lib/thumb/v7e-m+dp/hard\libc_nano.a(libc_a-findfp.o)
 .ARM.attributes
                0x00000000000005b7       0x32 C:/ST/STM32CubeIDE_1.14.0/STM32CubeIDE/plugins/com.st.stm32cube.ide.mcu.externaltools.gnu-tools-for-stm32.11.3.rel1.win32_1.1.100.202309141235/tools/bin/../lib/gcc/arm-none-eabi/11.3.1/../../../../arm-none-eabi/lib/thumb/v7e-m+dp/hard\libc_nano.a(libc_a-memset.o)
 .ARM.attributes
                0x00000000000005e9       0x32 C:/ST/STM32CubeIDE_1.14.0/STM32CubeIDE/plugins/com.st.stm32cube.ide.mcu.externaltools.gnu-tools-for-stm32.11.3.rel1.win32_1.1.100.202309141235/tools/bin/../lib/gcc/arm-none-eabi/11.3.1/../../../../arm-none-eabi/lib/thumb/v7e-m+dp/hard\libc_nano.a(libc_a-reent.o)
 .ARM.attributes
                0x000000000000061b       0x32 C:/ST/STM32CubeIDE_1.14.0/STM32CubeIDE/plugins/com.st.stm32cube.ide.mcu.externaltools.gnu-tools-for-stm32.11.3.rel1.win32_1.1.100.202309141235/tools/bin/../lib/gcc/arm-none-eabi/11.3.1/../../../../arm-none-eabi/lib/thumb/v7e-m+dp/hard\libc_nano.a(libc_a-impure.o)
 .ARM.attributes
                0x000000000000064d       0x32 C:/ST/STM32CubeIDE_1.14.0/STM32CubeIDE/plugins/com.st.stm32cube.ide.mcu.externaltools.gnu-tools-for-stm32.11.3.rel1.win32_1.1.100.202309141235/tools/bin/../lib/gcc/arm-none-eabi/11.3.1/../../../../arm-none-eabi/lib/thumb/v7e-m+dp/hard\libc_nano.a(libc_a-sbrkr.o)
 .ARM.attributes
                0x000000000000067f       0x32 C:/ST/STM32CubeIDE_1.14.0/STM32CubeIDE/plugins/com.st.stm32cube.ide.mcu.externaltools.gnu-tools-for-stm32.11.3.rel1.win32_1.1.100.202309141235/tools/bin/../lib/gcc/arm-none-eabi/11.3.1/../../../../arm-none-eabi/lib/thumb/v7e-m+dp/hard\libc_nano.a(libc_a-errno.o)
 .ARM.attributes
                0x00000000000006b1       0x32 C:/ST/STM32CubeIDE_1.14.0/STM32CubeIDE/plugins/com.st.stm32cube.ide.mcu.externaltools.gnu-tools-for-stm32.11.3.rel1.win32_1.1.100.202309141235/tools/bin/../lib/gcc/arm-none-eabi/11.3.1/../../../../arm-none-eabi/lib/thumb/v7e-m+dp/hard\libc_nano.a(libc_a-init.o)
 .ARM.attributes
                0x00000000000006e3       0x32 C:/ST/STM32CubeIDE_1.14.0/STM32CubeIDE/plugins/com.st.stm32cube.ide.mcu.externaltools.gnu-tools-for-stm32.11.3.rel1.win32_1.1.100.202309141235/tools/bin/../lib/gcc/arm-none-eabi/11.3.1/../../../../arm-none-eabi/lib/thumb/v7e-m+dp/hard\libc_nano.a(libc_a-lock.o)
 .ARM.attributes
                0x0000000000000715       0x32 C:/ST/STM32CubeIDE_1.14.0/STM32CubeIDE/plugins/com.st.stm32cube.ide.mcu.externaltools.gnu-tools-for-stm32.11.3.rel1.win32_1.1.100.202309141235/tools/bin/../lib/gcc/arm-none-eabi/11.3.1/../../../../arm-none-eabi/lib/thumb/v7e-m+dp/hard\libc_nano.a(libc_a-memcpy-stub.o)
 .ARM.attributes
                0x0000000000000747       0x1e C:/ST/STM32CubeIDE_1.14.0/STM32CubeIDE/plugins/com.st.stm32cube.ide.mcu.externaltools.gnu-tools-for-stm32.11.3.rel1.win32_1.1.100.202309141235/tools/bin/../lib/gcc/arm-none-eabi/11.3.1/thumb/v7e-m+dp/hard/crtn.o
OUTPUT(BMS_2024.elf elf32-littlearm)
LOAD linker stubs
LOAD C:/ST/STM32CubeIDE_1.14.0/STM32CubeIDE/plugins/com.st.stm32cube.ide.mcu.externaltools.gnu-tools-for-stm32.11.3.rel1.win32_1.1.100.202309141235/tools/bin/../lib/gcc/arm-none-eabi/11.3.1/../../../../arm-none-eabi/lib/thumb/v7e-m+dp/hard\libc.a
LOAD C:/ST/STM32CubeIDE_1.14.0/STM32CubeIDE/plugins/com.st.stm32cube.ide.mcu.externaltools.gnu-tools-for-stm32.11.3.rel1.win32_1.1.100.202309141235/tools/bin/../lib/gcc/arm-none-eabi/11.3.1/../../../../arm-none-eabi/lib/thumb/v7e-m+dp/hard\libm.a
LOAD C:/ST/STM32CubeIDE_1.14.0/STM32CubeIDE/plugins/com.st.stm32cube.ide.mcu.externaltools.gnu-tools-for-stm32.11.3.rel1.win32_1.1.100.202309141235/tools/bin/../lib/gcc/arm-none-eabi/11.3.1/thumb/v7e-m+dp/hard\libgcc.a

.comment        0x0000000000000000       0x43
 .comment       0x0000000000000000       0x43 C:/ST/STM32CubeIDE_1.14.0/STM32CubeIDE/plugins/com.st.stm32cube.ide.mcu.externaltools.gnu-tools-for-stm32.11.3.rel1.win32_1.1.100.202309141235/tools/bin/../lib/gcc/arm-none-eabi/11.3.1/thumb/v7e-m+dp/hard/crtbegin.o
                                         0x44 (size before relaxing)
 .comment       0x0000000000000043       0x44 ./Core/Src/bms.o
 .comment       0x0000000000000043       0x44 ./Core/Src/dwt_delay.o
 .comment       0x0000000000000043       0x44 ./Core/Src/ltc.o
 .comment       0x0000000000000043       0x44 ./Core/Src/main.o
 .comment       0x0000000000000043       0x44 ./Core/Src/stm32h7xx_hal_msp.o
 .comment       0x0000000000000043       0x44 ./Core/Src/stm32h7xx_it.o
 .comment       0x0000000000000043       0x44 ./Core/Src/sysmem.o
 .comment       0x0000000000000043       0x44 ./Core/Src/system_stm32h7xx.o
 .comment       0x0000000000000043       0x44 ./Drivers/STM32H7xx_HAL_Driver/Src/stm32h7xx_hal.o
 .comment       0x0000000000000043       0x44 ./Drivers/STM32H7xx_HAL_Driver/Src/stm32h7xx_hal_adc.o
 .comment       0x0000000000000043       0x44 ./Drivers/STM32H7xx_HAL_Driver/Src/stm32h7xx_hal_cortex.o
 .comment       0x0000000000000043       0x44 ./Drivers/STM32H7xx_HAL_Driver/Src/stm32h7xx_hal_dma.o
 .comment       0x0000000000000043       0x44 ./Drivers/STM32H7xx_HAL_Driver/Src/stm32h7xx_hal_fdcan.o
 .comment       0x0000000000000043       0x44 ./Drivers/STM32H7xx_HAL_Driver/Src/stm32h7xx_hal_gpio.o
 .comment       0x0000000000000043       0x44 ./Drivers/STM32H7xx_HAL_Driver/Src/stm32h7xx_hal_i2c.o
 .comment       0x0000000000000043       0x44 ./Drivers/STM32H7xx_HAL_Driver/Src/stm32h7xx_hal_i2c_ex.o
 .comment       0x0000000000000043       0x44 ./Drivers/STM32H7xx_HAL_Driver/Src/stm32h7xx_hal_pwr_ex.o
 .comment       0x0000000000000043       0x44 ./Drivers/STM32H7xx_HAL_Driver/Src/stm32h7xx_hal_rcc.o
 .comment       0x0000000000000043       0x44 ./Drivers/STM32H7xx_HAL_Driver/Src/stm32h7xx_hal_rcc_ex.o
 .comment       0x0000000000000043       0x44 ./Drivers/STM32H7xx_HAL_Driver/Src/stm32h7xx_hal_spi.o
 .comment       0x0000000000000043       0x44 ./Drivers/STM32H7xx_HAL_Driver/Src/stm32h7xx_hal_usart.o
 .comment       0x0000000000000043       0x44 ./Drivers/STM32H7xx_HAL_Driver/Src/stm32h7xx_hal_usart_ex.o

.debug_info     0x0000000000000000    0x19a80
 .debug_info    0x0000000000000000      0x433 ./Core/Src/bms.o
 .debug_info    0x0000000000000433      0x27d ./Core/Src/dwt_delay.o
 .debug_info    0x00000000000006b0     0x1302 ./Core/Src/ltc.o
 .debug_info    0x00000000000019b2     0x2bfc ./Core/Src/main.o
 .debug_info    0x00000000000045ae     0x2425 ./Core/Src/stm32h7xx_hal_msp.o
 .debug_info    0x00000000000069d3      0x128 ./Core/Src/stm32h7xx_it.o
 .debug_info    0x0000000000006afb      0x168 ./Core/Src/sysmem.o
 .debug_info    0x0000000000006c63      0xcef ./Core/Src/system_stm32h7xx.o
 .debug_info    0x0000000000007952       0x23 ./Core/Startup/startup_stm32h743vitx.o
 .debug_info    0x0000000000007975     0x153b ./Drivers/STM32H7xx_HAL_Driver/Src/stm32h7xx_hal.o
 .debug_info    0x0000000000008eb0     0x1ed2 ./Drivers/STM32H7xx_HAL_Driver/Src/stm32h7xx_hal_adc.o
 .debug_info    0x000000000000ad82     0x10ac ./Drivers/STM32H7xx_HAL_Driver/Src/stm32h7xx_hal_cortex.o
 .debug_info    0x000000000000be2e      0xc27 ./Drivers/STM32H7xx_HAL_Driver/Src/stm32h7xx_hal_dma.o
 .debug_info    0x000000000000ca55     0x2bb4 ./Drivers/STM32H7xx_HAL_Driver/Src/stm32h7xx_hal_fdcan.o
 .debug_info    0x000000000000f609      0xc4b ./Drivers/STM32H7xx_HAL_Driver/Src/stm32h7xx_hal_gpio.o
 .debug_info    0x0000000000010254     0x22a1 ./Drivers/STM32H7xx_HAL_Driver/Src/stm32h7xx_hal_i2c.o
 .debug_info    0x00000000000124f5      0xd84 ./Drivers/STM32H7xx_HAL_Driver/Src/stm32h7xx_hal_i2c_ex.o
 .debug_info    0x0000000000013279     0x1008 ./Drivers/STM32H7xx_HAL_Driver/Src/stm32h7xx_hal_pwr_ex.o
 .debug_info    0x0000000000014281      0xe5b ./Drivers/STM32H7xx_HAL_Driver/Src/stm32h7xx_hal_rcc.o
 .debug_info    0x00000000000150dc     0x1216 ./Drivers/STM32H7xx_HAL_Driver/Src/stm32h7xx_hal_rcc_ex.o
 .debug_info    0x00000000000162f2     0x1440 ./Drivers/STM32H7xx_HAL_Driver/Src/stm32h7xx_hal_spi.o
 .debug_info    0x0000000000017732     0x19de ./Drivers/STM32H7xx_HAL_Driver/Src/stm32h7xx_hal_usart.o
 .debug_info    0x0000000000019110      0x970 ./Drivers/STM32H7xx_HAL_Driver/Src/stm32h7xx_hal_usart_ex.o

.debug_abbrev   0x0000000000000000     0x30b7
 .debug_abbrev  0x0000000000000000      0x175 ./Core/Src/bms.o
 .debug_abbrev  0x0000000000000175       0xd4 ./Core/Src/dwt_delay.o
 .debug_abbrev  0x0000000000000249      0x339 ./Core/Src/ltc.o
 .debug_abbrev  0x0000000000000582      0x354 ./Core/Src/main.o
 .debug_abbrev  0x00000000000008d6      0x252 ./Core/Src/stm32h7xx_hal_msp.o
 .debug_abbrev  0x0000000000000b28       0x73 ./Core/Src/stm32h7xx_it.o
 .debug_abbrev  0x0000000000000b9b       0xbc ./Core/Src/sysmem.o
 .debug_abbrev  0x0000000000000c57      0x14c ./Core/Src/system_stm32h7xx.o
 .debug_abbrev  0x0000000000000da3       0x12 ./Core/Startup/startup_stm32h743vitx.o
 .debug_abbrev  0x0000000000000db5      0x295 ./Drivers/STM32H7xx_HAL_Driver/Src/stm32h7xx_hal.o
 .debug_abbrev  0x000000000000104a      0x2d3 ./Drivers/STM32H7xx_HAL_Driver/Src/stm32h7xx_hal_adc.o
 .debug_abbrev  0x000000000000131d      0x339 ./Drivers/STM32H7xx_HAL_Driver/Src/stm32h7xx_hal_cortex.o
 .debug_abbrev  0x0000000000001656      0x248 ./Drivers/STM32H7xx_HAL_Driver/Src/stm32h7xx_hal_dma.o
 .debug_abbrev  0x000000000000189e      0x288 ./Drivers/STM32H7xx_HAL_Driver/Src/stm32h7xx_hal_fdcan.o
 .debug_abbrev  0x0000000000001b26      0x1fe ./Drivers/STM32H7xx_HAL_Driver/Src/stm32h7xx_hal_gpio.o
 .debug_abbrev  0x0000000000001d24      0x25d ./Drivers/STM32H7xx_HAL_Driver/Src/stm32h7xx_hal_i2c.o
 .debug_abbrev  0x0000000000001f81      0x1f5 ./Drivers/STM32H7xx_HAL_Driver/Src/stm32h7xx_hal_i2c_ex.o
 .debug_abbrev  0x0000000000002176      0x2a7 ./Drivers/STM32H7xx_HAL_Driver/Src/stm32h7xx_hal_pwr_ex.o
 .debug_abbrev  0x000000000000241d      0x2c8 ./Drivers/STM32H7xx_HAL_Driver/Src/stm32h7xx_hal_rcc.o
 .debug_abbrev  0x00000000000026e5      0x269 ./Drivers/STM32H7xx_HAL_Driver/Src/stm32h7xx_hal_rcc_ex.o
 .debug_abbrev  0x000000000000294e      0x2b1 ./Drivers/STM32H7xx_HAL_Driver/Src/stm32h7xx_hal_spi.o
 .debug_abbrev  0x0000000000002bff      0x2b2 ./Drivers/STM32H7xx_HAL_Driver/Src/stm32h7xx_hal_usart.o
 .debug_abbrev  0x0000000000002eb1      0x206 ./Drivers/STM32H7xx_HAL_Driver/Src/stm32h7xx_hal_usart_ex.o

.debug_aranges  0x0000000000000000     0x1540
 .debug_aranges
                0x0000000000000000       0x28 ./Core/Src/bms.o
 .debug_aranges
                0x0000000000000028       0x20 ./Core/Src/dwt_delay.o
 .debug_aranges
                0x0000000000000048       0xb8 ./Core/Src/ltc.o
 .debug_aranges
                0x0000000000000100       0x70 ./Core/Src/main.o
 .debug_aranges
                0x0000000000000170       0x70 ./Core/Src/stm32h7xx_hal_msp.o
 .debug_aranges
                0x00000000000001e0       0x60 ./Core/Src/stm32h7xx_it.o
 .debug_aranges
                0x0000000000000240       0x20 ./Core/Src/sysmem.o
 .debug_aranges
                0x0000000000000260       0x28 ./Core/Src/system_stm32h7xx.o
 .debug_aranges
                0x0000000000000288       0x28 ./Core/Startup/startup_stm32h743vitx.o
 .debug_aranges
                0x00000000000002b0      0x198 ./Drivers/STM32H7xx_HAL_Driver/Src/stm32h7xx_hal.o
 .debug_aranges
                0x0000000000000448      0x228 ./Drivers/STM32H7xx_HAL_Driver/Src/stm32h7xx_hal_adc.o
 .debug_aranges
                0x0000000000000670      0x130 ./Drivers/STM32H7xx_HAL_Driver/Src/stm32h7xx_hal_cortex.o
 .debug_aranges
                0x00000000000007a0       0xa0 ./Drivers/STM32H7xx_HAL_Driver/Src/stm32h7xx_hal_dma.o
 .debug_aranges
                0x0000000000000840      0x338 ./Drivers/STM32H7xx_HAL_Driver/Src/stm32h7xx_hal_fdcan.o
 .debug_aranges
                0x0000000000000b78       0x58 ./Drivers/STM32H7xx_HAL_Driver/Src/stm32h7xx_hal_gpio.o
 .debug_aranges
                0x0000000000000bd0      0x2a0 ./Drivers/STM32H7xx_HAL_Driver/Src/stm32h7xx_hal_i2c.o
 .debug_aranges
                0x0000000000000e70       0x48 ./Drivers/STM32H7xx_HAL_Driver/Src/stm32h7xx_hal_i2c_ex.o
 .debug_aranges
                0x0000000000000eb8      0x158 ./Drivers/STM32H7xx_HAL_Driver/Src/stm32h7xx_hal_pwr_ex.o
 .debug_aranges
                0x0000000000001010       0x88 ./Drivers/STM32H7xx_HAL_Driver/Src/stm32h7xx_hal_rcc.o
 .debug_aranges
                0x0000000000001098       0xf8 ./Drivers/STM32H7xx_HAL_Driver/Src/stm32h7xx_hal_rcc_ex.o
 .debug_aranges
                0x0000000000001190      0x1a8 ./Drivers/STM32H7xx_HAL_Driver/Src/stm32h7xx_hal_spi.o
 .debug_aranges
                0x0000000000001338      0x1a0 ./Drivers/STM32H7xx_HAL_Driver/Src/stm32h7xx_hal_usart.o
 .debug_aranges
                0x00000000000014d8       0x68 ./Drivers/STM32H7xx_HAL_Driver/Src/stm32h7xx_hal_usart_ex.o

.debug_rnglists
                0x0000000000000000     0x106d
 .debug_rnglists
                0x0000000000000000       0x1a ./Core/Src/bms.o
 .debug_rnglists
                0x000000000000001a       0x13 ./Core/Src/dwt_delay.o
 .debug_rnglists
                0x000000000000002d       0x9a ./Core/Src/ltc.o
 .debug_rnglists
                0x00000000000000c7       0x57 ./Core/Src/main.o
 .debug_rnglists
                0x000000000000011e       0x54 ./Core/Src/stm32h7xx_hal_msp.o
 .debug_rnglists
                0x0000000000000172       0x43 ./Core/Src/stm32h7xx_it.o
 .debug_rnglists
                0x00000000000001b5       0x13 ./Core/Src/sysmem.o
 .debug_rnglists
                0x00000000000001c8       0x1b ./Core/Src/system_stm32h7xx.o
 .debug_rnglists
                0x00000000000001e3       0x19 ./Core/Startup/startup_stm32h743vitx.o
 .debug_rnglists
                0x00000000000001fc      0x131 ./Drivers/STM32H7xx_HAL_Driver/Src/stm32h7xx_hal.o
 .debug_rnglists
                0x000000000000032d      0x1a9 ./Drivers/STM32H7xx_HAL_Driver/Src/stm32h7xx_hal_adc.o
 .debug_rnglists
                0x00000000000004d6       0xe0 ./Drivers/STM32H7xx_HAL_Driver/Src/stm32h7xx_hal_cortex.o
 .debug_rnglists
                0x00000000000005b6       0x82 ./Drivers/STM32H7xx_HAL_Driver/Src/stm32h7xx_hal_dma.o
 .debug_rnglists
                0x0000000000000638      0x28b ./Drivers/STM32H7xx_HAL_Driver/Src/stm32h7xx_hal_fdcan.o
 .debug_rnglists
                0x00000000000008c3       0x3f ./Drivers/STM32H7xx_HAL_Driver/Src/stm32h7xx_hal_gpio.o
 .debug_rnglists
                0x0000000000000902      0x22a ./Drivers/STM32H7xx_HAL_Driver/Src/stm32h7xx_hal_i2c.o
 .debug_rnglists
                0x0000000000000b2c       0x35 ./Drivers/STM32H7xx_HAL_Driver/Src/stm32h7xx_hal_i2c_ex.o
 .debug_rnglists
                0x0000000000000b61      0x103 ./Drivers/STM32H7xx_HAL_Driver/Src/stm32h7xx_hal_pwr_ex.o
 .debug_rnglists
                0x0000000000000c64       0x68 ./Drivers/STM32H7xx_HAL_Driver/Src/stm32h7xx_hal_rcc.o
 .debug_rnglists
                0x0000000000000ccc       0xc0 ./Drivers/STM32H7xx_HAL_Driver/Src/stm32h7xx_hal_rcc_ex.o
 .debug_rnglists
                0x0000000000000d8c      0x148 ./Drivers/STM32H7xx_HAL_Driver/Src/stm32h7xx_hal_spi.o
 .debug_rnglists
                0x0000000000000ed4      0x14e ./Drivers/STM32H7xx_HAL_Driver/Src/stm32h7xx_hal_usart.o
 .debug_rnglists
                0x0000000000001022       0x4b ./Drivers/STM32H7xx_HAL_Driver/Src/stm32h7xx_hal_usart_ex.o

.debug_macro    0x0000000000000000    0x3a6a5
 .debug_macro   0x0000000000000000      0x350 ./Core/Src/bms.o
 .debug_macro   0x0000000000000350      0xac0 ./Core/Src/bms.o
 .debug_macro   0x0000000000000e10      0x244 ./Core/Src/bms.o
 .debug_macro   0x0000000000001054       0x2e ./Core/Src/bms.o
 .debug_macro   0x0000000000001082       0x3b ./Core/Src/bms.o
 .debug_macro   0x00000000000010bd       0x22 ./Core/Src/bms.o
 .debug_macro   0x00000000000010df       0x8e ./Core/Src/bms.o
 .debug_macro   0x000000000000116d       0x51 ./Core/Src/bms.o
 .debug_macro   0x00000000000011be      0x103 ./Core/Src/bms.o
 .debug_macro   0x00000000000012c1       0x6a ./Core/Src/bms.o
 .debug_macro   0x000000000000132b      0x1df ./Core/Src/bms.o
 .debug_macro   0x000000000000150a       0x1c ./Core/Src/bms.o
 .debug_macro   0x0000000000001526       0x22 ./Core/Src/bms.o
 .debug_macro   0x0000000000001548       0xfb ./Core/Src/bms.o
 .debug_macro   0x0000000000001643     0x1305 ./Core/Src/bms.o
 .debug_macro   0x0000000000002948      0x11f ./Core/Src/bms.o
 .debug_macro   0x0000000000002a67       0x27 ./Core/Src/bms.o
 .debug_macro   0x0000000000002a8e    0x258f9 ./Core/Src/bms.o
 .debug_macro   0x0000000000028387       0x6d ./Core/Src/bms.o
 .debug_macro   0x00000000000283f4     0x3d79 ./Core/Src/bms.o
 .debug_macro   0x000000000002c16d      0x174 ./Core/Src/bms.o
 .debug_macro   0x000000000002c2e1       0x61 ./Core/Src/bms.o
 .debug_macro   0x000000000002c342       0x29 ./Core/Src/bms.o
 .debug_macro   0x000000000002c36b       0x43 ./Core/Src/bms.o
 .debug_macro   0x000000000002c3ae       0x34 ./Core/Src/bms.o
 .debug_macro   0x000000000002c3e2       0x16 ./Core/Src/bms.o
 .debug_macro   0x000000000002c3f8       0x43 ./Core/Src/bms.o
 .debug_macro   0x000000000002c43b       0x34 ./Core/Src/bms.o
 .debug_macro   0x000000000002c46f       0x10 ./Core/Src/bms.o
 .debug_macro   0x000000000002c47f       0x58 ./Core/Src/bms.o
 .debug_macro   0x000000000002c4d7       0x8e ./Core/Src/bms.o
 .debug_macro   0x000000000002c565       0x1c ./Core/Src/bms.o
 .debug_macro   0x000000000002c581      0x177 ./Core/Src/bms.o
 .debug_macro   0x000000000002c6f8      0x369 ./Core/Src/bms.o
 .debug_macro   0x000000000002ca61      0x19b ./Core/Src/bms.o
 .debug_macro   0x000000000002cbfc       0x5d ./Core/Src/bms.o
 .debug_macro   0x000000000002cc59     0x2382 ./Core/Src/bms.o
 .debug_macro   0x000000000002efdb     0x102c ./Core/Src/bms.o
 .debug_macro   0x0000000000030007      0x154 ./Core/Src/bms.o
 .debug_macro   0x000000000003015b      0x114 ./Core/Src/bms.o
 .debug_macro   0x000000000003026f      0x3b6 ./Core/Src/bms.o
 .debug_macro   0x0000000000030625       0xac ./Core/Src/bms.o
 .debug_macro   0x00000000000306d1      0x72d ./Core/Src/bms.o
 .debug_macro   0x0000000000030dfe      0x228 ./Core/Src/bms.o
 .debug_macro   0x0000000000031026       0x66 ./Core/Src/bms.o
 .debug_macro   0x000000000003108c      0x3bb ./Core/Src/bms.o
 .debug_macro   0x0000000000031447      0x3e4 ./Core/Src/bms.o
 .debug_macro   0x000000000003182b      0x275 ./Core/Src/bms.o
 .debug_macro   0x0000000000031aa0     0x1044 ./Core/Src/bms.o
 .debug_macro   0x0000000000032ae4      0x6cc ./Core/Src/bms.o
 .debug_macro   0x00000000000331b0      0x36e ./Core/Src/bms.o
 .debug_macro   0x000000000003351e      0xe42 ./Core/Src/bms.o
 .debug_macro   0x0000000000034360      0x3ca ./Core/Src/bms.o
 .debug_macro   0x000000000003472a      0x408 ./Core/Src/bms.o
 .debug_macro   0x0000000000034b32       0x51 ./Core/Src/bms.o
 .debug_macro   0x0000000000034b83       0x4a ./Core/Src/bms.o
 .debug_macro   0x0000000000034bcd      0x22c ./Core/Src/bms.o
 .debug_macro   0x0000000000034df9       0x67 ./Core/Src/bms.o
 .debug_macro   0x0000000000034e60       0xa5 ./Core/Src/bms.o
 .debug_macro   0x0000000000034f05      0x1c4 ./Core/Src/bms.o
 .debug_macro   0x00000000000350c9      0x25e ./Core/Src/bms.o
 .debug_macro   0x0000000000035327       0x35 ./Core/Src/bms.o
 .debug_macro   0x000000000003535c      0x5e4 ./Core/Src/bms.o
 .debug_macro   0x0000000000035940       0xc1 ./Core/Src/bms.o
 .debug_macro   0x0000000000035a01      0x359 ./Core/Src/bms.o
 .debug_macro   0x0000000000035d5a       0xb9 ./Core/Src/bms.o
 .debug_macro   0x0000000000035e13      0x5a0 ./Core/Src/bms.o
 .debug_macro   0x00000000000363b3       0xac ./Core/Src/bms.o
 .debug_macro   0x000000000003645f       0x2e ./Core/Src/bms.o
 .debug_macro   0x000000000003648d       0x16 ./Core/Src/bms.o
 .debug_macro   0x00000000000364a3       0x35 ./Core/Src/bms.o
 .debug_macro   0x00000000000364d8       0x16 ./Core/Src/bms.o
 .debug_macro   0x00000000000364ee       0x29 ./Core/Src/bms.o
 .debug_macro   0x0000000000036517       0x22 ./Core/Src/bms.o
 .debug_macro   0x0000000000036539      0x10c ./Core/Src/bms.o
 .debug_macro   0x0000000000036645      0x2e4 ./Core/Src/dwt_delay.o
 .debug_macro   0x0000000000036929      0x352 ./Core/Src/ltc.o
 .debug_macro   0x0000000000036c7b      0x352 ./Core/Src/main.o
 .debug_macro   0x0000000000036fcd      0x2e9 ./Core/Src/stm32h7xx_hal_msp.o
 .debug_macro   0x00000000000372b6      0x2f3 ./Core/Src/stm32h7xx_it.o
 .debug_macro   0x00000000000375a9       0xff ./Core/Src/sysmem.o
 .debug_macro   0x00000000000376a8      0x23c ./Core/Src/sysmem.o
 .debug_macro   0x00000000000378e4      0x2da ./Core/Src/system_stm32h7xx.o
 .debug_macro   0x0000000000037bbe      0x304 ./Drivers/STM32H7xx_HAL_Driver/Src/stm32h7xx_hal.o
 .debug_macro   0x0000000000037ec2      0x2fe ./Drivers/STM32H7xx_HAL_Driver/Src/stm32h7xx_hal_adc.o
 .debug_macro   0x00000000000381c0      0x2da ./Drivers/STM32H7xx_HAL_Driver/Src/stm32h7xx_hal_cortex.o
 .debug_macro   0x000000000003849a      0x32e ./Drivers/STM32H7xx_HAL_Driver/Src/stm32h7xx_hal_dma.o
 .debug_macro   0x00000000000387c8      0x39f ./Drivers/STM32H7xx_HAL_Driver/Src/stm32h7xx_hal_fdcan.o
 .debug_macro   0x0000000000038b67      0x2e1 ./Drivers/STM32H7xx_HAL_Driver/Src/stm32h7xx_hal_gpio.o
 .debug_macro   0x0000000000038e48      0x3a6 ./Drivers/STM32H7xx_HAL_Driver/Src/stm32h7xx_hal_i2c.o
 .debug_macro   0x00000000000391ee      0x2da ./Drivers/STM32H7xx_HAL_Driver/Src/stm32h7xx_hal_i2c_ex.o
 .debug_macro   0x00000000000394c8      0x313 ./Drivers/STM32H7xx_HAL_Driver/Src/stm32h7xx_hal_pwr_ex.o
 .debug_macro   0x00000000000397db      0x2fe ./Drivers/STM32H7xx_HAL_Driver/Src/stm32h7xx_hal_rcc.o
 .debug_macro   0x0000000000039ad9      0x2f8 ./Drivers/STM32H7xx_HAL_Driver/Src/stm32h7xx_hal_rcc_ex.o
 .debug_macro   0x0000000000039dd1      0x2e2 ./Drivers/STM32H7xx_HAL_Driver/Src/stm32h7xx_hal_spi.o
 .debug_macro   0x000000000003a0b3      0x30c ./Drivers/STM32H7xx_HAL_Driver/Src/stm32h7xx_hal_usart.o
 .debug_macro   0x000000000003a3bf      0x2e6 ./Drivers/STM32H7xx_HAL_Driver/Src/stm32h7xx_hal_usart_ex.o

.debug_line     0x0000000000000000    0x1d977
 .debug_line    0x0000000000000000      0x9f2 ./Core/Src/bms.o
 .debug_line    0x00000000000009f2      0x960 ./Core/Src/dwt_delay.o
 .debug_line    0x0000000000001352      0xfea ./Core/Src/ltc.o
 .debug_line    0x000000000000233c      0xd29 ./Core/Src/main.o
 .debug_line    0x0000000000003065      0xb32 ./Core/Src/stm32h7xx_hal_msp.o
 .debug_line    0x0000000000003b97      0xa09 ./Core/Src/stm32h7xx_it.o
 .debug_line    0x00000000000045a0      0x583 ./Core/Src/sysmem.o
 .debug_line    0x0000000000004b23      0xaf6 ./Core/Src/system_stm32h7xx.o
 .debug_line    0x0000000000005619       0x7a ./Core/Startup/startup_stm32h743vitx.o
 .debug_line    0x0000000000005693      0xef1 ./Drivers/STM32H7xx_HAL_Driver/Src/stm32h7xx_hal.o
 .debug_line    0x0000000000006584     0x2436 ./Drivers/STM32H7xx_HAL_Driver/Src/stm32h7xx_hal_adc.o
 .debug_line    0x00000000000089ba      0xf28 ./Drivers/STM32H7xx_HAL_Driver/Src/stm32h7xx_hal_cortex.o
 .debug_line    0x00000000000098e2     0x2842 ./Drivers/STM32H7xx_HAL_Driver/Src/stm32h7xx_hal_dma.o
 .debug_line    0x000000000000c124     0x2856 ./Drivers/STM32H7xx_HAL_Driver/Src/stm32h7xx_hal_fdcan.o
 .debug_line    0x000000000000e97a      0xdb7 ./Drivers/STM32H7xx_HAL_Driver/Src/stm32h7xx_hal_gpio.o
 .debug_line    0x000000000000f731     0x3ebd ./Drivers/STM32H7xx_HAL_Driver/Src/stm32h7xx_hal_i2c.o
 .debug_line    0x00000000000135ee      0xb64 ./Drivers/STM32H7xx_HAL_Driver/Src/stm32h7xx_hal_i2c_ex.o
 .debug_line    0x0000000000014152     0x101a ./Drivers/STM32H7xx_HAL_Driver/Src/stm32h7xx_hal_pwr_ex.o
 .debug_line    0x000000000001516c     0x14c4 ./Drivers/STM32H7xx_HAL_Driver/Src/stm32h7xx_hal_rcc.o
 .debug_line    0x0000000000016630     0x1dbc ./Drivers/STM32H7xx_HAL_Driver/Src/stm32h7xx_hal_rcc_ex.o
 .debug_line    0x00000000000183ec     0x237b ./Drivers/STM32H7xx_HAL_Driver/Src/stm32h7xx_hal_spi.o
 .debug_line    0x000000000001a767     0x256a ./Drivers/STM32H7xx_HAL_Driver/Src/stm32h7xx_hal_usart.o
 .debug_line    0x000000000001ccd1      0xca6 ./Drivers/STM32H7xx_HAL_Driver/Src/stm32h7xx_hal_usart_ex.o

.debug_str      0x0000000000000000   0x177d80
 .debug_str     0x0000000000000000   0x16e5d9 ./Core/Src/bms.o
                                     0x16ec81 (size before relaxing)
 .debug_str     0x000000000016e5d9      0x11a ./Core/Src/dwt_delay.o
                                     0x16e18b (size before relaxing)
 .debug_str     0x000000000016e6f3      0x9f7 ./Core/Src/ltc.o
                                     0x16f7a5 (size before relaxing)
 .debug_str     0x000000000016f0ea     0x10b8 ./Core/Src/main.o
                                     0x1705a8 (size before relaxing)
 .debug_str     0x00000000001701a2      0x42b ./Core/Src/stm32h7xx_hal_msp.o
                                     0x16fb9d (size before relaxing)
 .debug_str     0x00000000001705cd       0xc9 ./Core/Src/stm32h7xx_it.o
                                     0x16e413 (size before relaxing)
 .debug_str     0x0000000000170696      0x534 ./Core/Src/sysmem.o
                                       0x60c3 (size before relaxing)
 .debug_str     0x0000000000170bca      0x33a ./Core/Src/system_stm32h7xx.o
                                     0x16e5fd (size before relaxing)
 .debug_str     0x0000000000170f04       0x34 ./Core/Startup/startup_stm32h743vitx.o
                                         0x8c (size before relaxing)
 .debug_str     0x0000000000170f38      0xfc5 ./Drivers/STM32H7xx_HAL_Driver/Src/stm32h7xx_hal.o
                                     0x16f513 (size before relaxing)
 .debug_str     0x0000000000171efd      0xb1b ./Drivers/STM32H7xx_HAL_Driver/Src/stm32h7xx_hal_adc.o
                                     0x16f39c (size before relaxing)
 .debug_str     0x0000000000172a18      0x381 ./Drivers/STM32H7xx_HAL_Driver/Src/stm32h7xx_hal_cortex.o
                                     0x16ef4e (size before relaxing)
 .debug_str     0x0000000000172d99      0x84a ./Drivers/STM32H7xx_HAL_Driver/Src/stm32h7xx_hal_dma.o
                                     0x16ed37 (size before relaxing)
 .debug_str     0x00000000001735e3     0x1baa ./Drivers/STM32H7xx_HAL_Driver/Src/stm32h7xx_hal_fdcan.o
                                     0x1702eb (size before relaxing)
 .debug_str     0x000000000017518d       0xec ./Drivers/STM32H7xx_HAL_Driver/Src/stm32h7xx_hal_gpio.o
                                     0x16e5b4 (size before relaxing)
 .debug_str     0x0000000000175279      0xdc7 ./Drivers/STM32H7xx_HAL_Driver/Src/stm32h7xx_hal_i2c.o
                                     0x16f64c (size before relaxing)
 .debug_str     0x0000000000176040       0xb8 ./Drivers/STM32H7xx_HAL_Driver/Src/stm32h7xx_hal_i2c_ex.o
                                     0x16e9f9 (size before relaxing)
 .debug_str     0x00000000001760f8      0x624 ./Drivers/STM32H7xx_HAL_Driver/Src/stm32h7xx_hal_pwr_ex.o
                                     0x16ea75 (size before relaxing)
 .debug_str     0x000000000017671c      0x21a ./Drivers/STM32H7xx_HAL_Driver/Src/stm32h7xx_hal_rcc.o
                                     0x16e998 (size before relaxing)
 .debug_str     0x0000000000176936      0x61e ./Drivers/STM32H7xx_HAL_Driver/Src/stm32h7xx_hal_rcc_ex.o
                                     0x16ee79 (size before relaxing)
 .debug_str     0x0000000000176f54      0x4ff ./Drivers/STM32H7xx_HAL_Driver/Src/stm32h7xx_hal_spi.o
                                     0x16ecbc (size before relaxing)
 .debug_str     0x0000000000177453      0x7e0 ./Drivers/STM32H7xx_HAL_Driver/Src/stm32h7xx_hal_usart.o
                                     0x16f1fc (size before relaxing)
 .debug_str     0x0000000000177c33      0x14d ./Drivers/STM32H7xx_HAL_Driver/Src/stm32h7xx_hal_usart_ex.o
                                     0x16e7e6 (size before relaxing)

.debug_frame    0x0000000000000000     0x5e9c
 .debug_frame   0x0000000000000000       0x58 ./Core/Src/bms.o
 .debug_frame   0x0000000000000058       0x30 ./Core/Src/dwt_delay.o
 .debug_frame   0x0000000000000088      0x2e8 ./Core/Src/ltc.o
 .debug_frame   0x0000000000000370      0x16c ./Core/Src/main.o
 .debug_frame   0x00000000000004dc      0x1b4 ./Core/Src/stm32h7xx_hal_msp.o
 .debug_frame   0x0000000000000690      0x104 ./Core/Src/stm32h7xx_it.o
 .debug_frame   0x0000000000000794       0x34 ./Core/Src/sysmem.o
 .debug_frame   0x00000000000007c8       0x58 ./Core/Src/system_stm32h7xx.o
 .debug_frame   0x0000000000000820      0x690 ./Drivers/STM32H7xx_HAL_Driver/Src/stm32h7xx_hal.o
 .debug_frame   0x0000000000000eb0      0xa28 ./Drivers/STM32H7xx_HAL_Driver/Src/stm32h7xx_hal_adc.o
 .debug_frame   0x00000000000018d8      0x508 ./Drivers/STM32H7xx_HAL_Driver/Src/stm32h7xx_hal_cortex.o
 .debug_frame   0x0000000000001de0      0x2b4 ./Drivers/STM32H7xx_HAL_Driver/Src/stm32h7xx_hal_dma.o
 .debug_frame   0x0000000000002094      0xf9c ./Drivers/STM32H7xx_HAL_Driver/Src/stm32h7xx_hal_fdcan.o
 .debug_frame   0x0000000000003030      0x14c ./Drivers/STM32H7xx_HAL_Driver/Src/stm32h7xx_hal_gpio.o
 .debug_frame   0x000000000000317c      0xc40 ./Drivers/STM32H7xx_HAL_Driver/Src/stm32h7xx_hal_i2c.o
 .debug_frame   0x0000000000003dbc      0x100 ./Drivers/STM32H7xx_HAL_Driver/Src/stm32h7xx_hal_i2c_ex.o
 .debug_frame   0x0000000000003ebc      0x580 ./Drivers/STM32H7xx_HAL_Driver/Src/stm32h7xx_hal_pwr_ex.o
 .debug_frame   0x000000000000443c      0x1f8 ./Drivers/STM32H7xx_HAL_Driver/Src/stm32h7xx_hal_rcc.o
 .debug_frame   0x0000000000004634      0x414 ./Drivers/STM32H7xx_HAL_Driver/Src/stm32h7xx_hal_rcc_ex.o
 .debug_frame   0x0000000000004a48      0x7a8 ./Drivers/STM32H7xx_HAL_Driver/Src/stm32h7xx_hal_spi.o
 .debug_frame   0x00000000000051f0      0x75c ./Drivers/STM32H7xx_HAL_Driver/Src/stm32h7xx_hal_usart.o
 .debug_frame   0x000000000000594c      0x194 ./Drivers/STM32H7xx_HAL_Driver/Src/stm32h7xx_hal_usart_ex.o
 .debug_frame   0x0000000000005ae0       0x20 C:/ST/STM32CubeIDE_1.14.0/STM32CubeIDE/plugins/com.st.stm32cube.ide.mcu.externaltools.gnu-tools-for-stm32.11.3.rel1.win32_1.1.100.202309141235/tools/bin/../lib/gcc/arm-none-eabi/11.3.1/../../../../arm-none-eabi/lib/thumb/v7e-m+dp/hard\libc_nano.a(libc_a-calloc.o)
 .debug_frame   0x0000000000005b00       0x30 C:/ST/STM32CubeIDE_1.14.0/STM32CubeIDE/plugins/com.st.stm32cube.ide.mcu.externaltools.gnu-tools-for-stm32.11.3.rel1.win32_1.1.100.202309141235/tools/bin/../lib/gcc/arm-none-eabi/11.3.1/../../../../arm-none-eabi/lib/thumb/v7e-m+dp/hard\libc_nano.a(libc_a-callocr.o)
 .debug_frame   0x0000000000005b30       0x50 C:/ST/STM32CubeIDE_1.14.0/STM32CubeIDE/plugins/com.st.stm32cube.ide.mcu.externaltools.gnu-tools-for-stm32.11.3.rel1.win32_1.1.100.202309141235/tools/bin/../lib/gcc/arm-none-eabi/11.3.1/../../../../arm-none-eabi/lib/thumb/v7e-m+dp/hard\libc_nano.a(libc_a-mallocr.o)
 .debug_frame   0x0000000000005b80       0x30 C:/ST/STM32CubeIDE_1.14.0/STM32CubeIDE/plugins/com.st.stm32cube.ide.mcu.externaltools.gnu-tools-for-stm32.11.3.rel1.win32_1.1.100.202309141235/tools/bin/../lib/gcc/arm-none-eabi/11.3.1/../../../../arm-none-eabi/lib/thumb/v7e-m+dp/hard\libc_nano.a(libc_a-mlock.o)
 .debug_frame   0x0000000000005bb0      0x144 C:/ST/STM32CubeIDE_1.14.0/STM32CubeIDE/plugins/com.st.stm32cube.ide.mcu.externaltools.gnu-tools-for-stm32.11.3.rel1.win32_1.1.100.202309141235/tools/bin/../lib/gcc/arm-none-eabi/11.3.1/../../../../arm-none-eabi/lib/thumb/v7e-m+dp/hard\libc_nano.a(libc_a-findfp.o)
 .debug_frame   0x0000000000005cf4       0x20 C:/ST/STM32CubeIDE_1.14.0/STM32CubeIDE/plugins/com.st.stm32cube.ide.mcu.externaltools.gnu-tools-for-stm32.11.3.rel1.win32_1.1.100.202309141235/tools/bin/../lib/gcc/arm-none-eabi/11.3.1/../../../../arm-none-eabi/lib/thumb/v7e-m+dp/hard\libc_nano.a(libc_a-memset.o)
 .debug_frame   0x0000000000005d14       0x38 C:/ST/STM32CubeIDE_1.14.0/STM32CubeIDE/plugins/com.st.stm32cube.ide.mcu.externaltools.gnu-tools-for-stm32.11.3.rel1.win32_1.1.100.202309141235/tools/bin/../lib/gcc/arm-none-eabi/11.3.1/../../../../arm-none-eabi/lib/thumb/v7e-m+dp/hard\libc_nano.a(libc_a-reent.o)
 .debug_frame   0x0000000000005d4c       0x2c C:/ST/STM32CubeIDE_1.14.0/STM32CubeIDE/plugins/com.st.stm32cube.ide.mcu.externaltools.gnu-tools-for-stm32.11.3.rel1.win32_1.1.100.202309141235/tools/bin/../lib/gcc/arm-none-eabi/11.3.1/../../../../arm-none-eabi/lib/thumb/v7e-m+dp/hard\libc_nano.a(libc_a-sbrkr.o)
 .debug_frame   0x0000000000005d78       0x20 C:/ST/STM32CubeIDE_1.14.0/STM32CubeIDE/plugins/com.st.stm32cube.ide.mcu.externaltools.gnu-tools-for-stm32.11.3.rel1.win32_1.1.100.202309141235/tools/bin/../lib/gcc/arm-none-eabi/11.3.1/../../../../arm-none-eabi/lib/thumb/v7e-m+dp/hard\libc_nano.a(libc_a-errno.o)
 .debug_frame   0x0000000000005d98       0x2c C:/ST/STM32CubeIDE_1.14.0/STM32CubeIDE/plugins/com.st.stm32cube.ide.mcu.externaltools.gnu-tools-for-stm32.11.3.rel1.win32_1.1.100.202309141235/tools/bin/../lib/gcc/arm-none-eabi/11.3.1/../../../../arm-none-eabi/lib/thumb/v7e-m+dp/hard\libc_nano.a(libc_a-init.o)
 .debug_frame   0x0000000000005dc4       0xb0 C:/ST/STM32CubeIDE_1.14.0/STM32CubeIDE/plugins/com.st.stm32cube.ide.mcu.externaltools.gnu-tools-for-stm32.11.3.rel1.win32_1.1.100.202309141235/tools/bin/../lib/gcc/arm-none-eabi/11.3.1/../../../../arm-none-eabi/lib/thumb/v7e-m+dp/hard\libc_nano.a(libc_a-lock.o)
 .debug_frame   0x0000000000005e74       0x28 C:/ST/STM32CubeIDE_1.14.0/STM32CubeIDE/plugins/com.st.stm32cube.ide.mcu.externaltools.gnu-tools-for-stm32.11.3.rel1.win32_1.1.100.202309141235/tools/bin/../lib/gcc/arm-none-eabi/11.3.1/../../../../arm-none-eabi/lib/thumb/v7e-m+dp/hard\libc_nano.a(libc_a-memcpy-stub.o)

.debug_line_str
                0x0000000000000000       0x80
 .debug_line_str
                0x0000000000000000       0x80 ./Core/Startup/startup_stm32h743vitx.o
                                         0x98 (size before relaxing)
