Archive member included to satisfy reference by file (symbol)

/opt/st/stm32cubeide_1.15.0/plugins/com.st.stm32cube.ide.mcu.externaltools.gnu-tools-for-stm32.12.3.rel1.linux64_1.0.100.202403111256/tools/bin/../lib/gcc/arm-none-eabi/12.3.1/../../../../arm-none-eabi/lib/thumb/v7e-m+dp/hard/libc_nano.a(libc_a-calloc.o)
                              ./Core/Src/bms.o (calloc)
/opt/st/stm32cubeide_1.15.0/plugins/com.st.stm32cube.ide.mcu.externaltools.gnu-tools-for-stm32.12.3.rel1.linux64_1.0.100.202403111256/tools/bin/../lib/gcc/arm-none-eabi/12.3.1/../../../../arm-none-eabi/lib/thumb/v7e-m+dp/hard/libc_nano.a(libc_a-callocr.o)
                              /opt/st/stm32cubeide_1.15.0/plugins/com.st.stm32cube.ide.mcu.externaltools.gnu-tools-for-stm32.12.3.rel1.linux64_1.0.100.202403111256/tools/bin/../lib/gcc/arm-none-eabi/12.3.1/../../../../arm-none-eabi/lib/thumb/v7e-m+dp/hard/libc_nano.a(libc_a-calloc.o) (_calloc_r)
/opt/st/stm32cubeide_1.15.0/plugins/com.st.stm32cube.ide.mcu.externaltools.gnu-tools-for-stm32.12.3.rel1.linux64_1.0.100.202403111256/tools/bin/../lib/gcc/arm-none-eabi/12.3.1/../../../../arm-none-eabi/lib/thumb/v7e-m+dp/hard/libc_nano.a(libc_a-exit.o)
                              /opt/st/stm32cubeide_1.15.0/plugins/com.st.stm32cube.ide.mcu.externaltools.gnu-tools-for-stm32.12.3.rel1.linux64_1.0.100.202403111256/tools/bin/../lib/gcc/arm-none-eabi/12.3.1/../../../../arm-none-eabi/lib/thumb/v7e-m+dp/hard/crt0.o (exit)
/opt/st/stm32cubeide_1.15.0/plugins/com.st.stm32cube.ide.mcu.externaltools.gnu-tools-for-stm32.12.3.rel1.linux64_1.0.100.202403111256/tools/bin/../lib/gcc/arm-none-eabi/12.3.1/../../../../arm-none-eabi/lib/thumb/v7e-m+dp/hard/libc_nano.a(libc_a-mallocr.o)
                              /opt/st/stm32cubeide_1.15.0/plugins/com.st.stm32cube.ide.mcu.externaltools.gnu-tools-for-stm32.12.3.rel1.linux64_1.0.100.202403111256/tools/bin/../lib/gcc/arm-none-eabi/12.3.1/../../../../arm-none-eabi/lib/thumb/v7e-m+dp/hard/libc_nano.a(libc_a-callocr.o) (_malloc_r)
/opt/st/stm32cubeide_1.15.0/plugins/com.st.stm32cube.ide.mcu.externaltools.gnu-tools-for-stm32.12.3.rel1.linux64_1.0.100.202403111256/tools/bin/../lib/gcc/arm-none-eabi/12.3.1/../../../../arm-none-eabi/lib/thumb/v7e-m+dp/hard/libc_nano.a(libc_a-mlock.o)
                              /opt/st/stm32cubeide_1.15.0/plugins/com.st.stm32cube.ide.mcu.externaltools.gnu-tools-for-stm32.12.3.rel1.linux64_1.0.100.202403111256/tools/bin/../lib/gcc/arm-none-eabi/12.3.1/../../../../arm-none-eabi/lib/thumb/v7e-m+dp/hard/libc_nano.a(libc_a-mallocr.o) (__malloc_lock)
/opt/st/stm32cubeide_1.15.0/plugins/com.st.stm32cube.ide.mcu.externaltools.gnu-tools-for-stm32.12.3.rel1.linux64_1.0.100.202403111256/tools/bin/../lib/gcc/arm-none-eabi/12.3.1/../../../../arm-none-eabi/lib/thumb/v7e-m+dp/hard/libc_nano.a(libc_a-findfp.o)
                              ./Middlewares/Third_Party/FreeRTOS/Source/tasks.o (__sf)
/opt/st/stm32cubeide_1.15.0/plugins/com.st.stm32cube.ide.mcu.externaltools.gnu-tools-for-stm32.12.3.rel1.linux64_1.0.100.202403111256/tools/bin/../lib/gcc/arm-none-eabi/12.3.1/../../../../arm-none-eabi/lib/thumb/v7e-m+dp/hard/libc_nano.a(libc_a-fwalk.o)
                              /opt/st/stm32cubeide_1.15.0/plugins/com.st.stm32cube.ide.mcu.externaltools.gnu-tools-for-stm32.12.3.rel1.linux64_1.0.100.202403111256/tools/bin/../lib/gcc/arm-none-eabi/12.3.1/../../../../arm-none-eabi/lib/thumb/v7e-m+dp/hard/libc_nano.a(libc_a-findfp.o) (_fwalk_sglue)
/opt/st/stm32cubeide_1.15.0/plugins/com.st.stm32cube.ide.mcu.externaltools.gnu-tools-for-stm32.12.3.rel1.linux64_1.0.100.202403111256/tools/bin/../lib/gcc/arm-none-eabi/12.3.1/../../../../arm-none-eabi/lib/thumb/v7e-m+dp/hard/libc_nano.a(libc_a-stdio.o)
                              /opt/st/stm32cubeide_1.15.0/plugins/com.st.stm32cube.ide.mcu.externaltools.gnu-tools-for-stm32.12.3.rel1.linux64_1.0.100.202403111256/tools/bin/../lib/gcc/arm-none-eabi/12.3.1/../../../../arm-none-eabi/lib/thumb/v7e-m+dp/hard/libc_nano.a(libc_a-findfp.o) (__sread)
/opt/st/stm32cubeide_1.15.0/plugins/com.st.stm32cube.ide.mcu.externaltools.gnu-tools-for-stm32.12.3.rel1.linux64_1.0.100.202403111256/tools/bin/../lib/gcc/arm-none-eabi/12.3.1/../../../../arm-none-eabi/lib/thumb/v7e-m+dp/hard/libc_nano.a(libc_a-memset.o)
                              /opt/st/stm32cubeide_1.15.0/plugins/com.st.stm32cube.ide.mcu.externaltools.gnu-tools-for-stm32.12.3.rel1.linux64_1.0.100.202403111256/tools/bin/../lib/gcc/arm-none-eabi/12.3.1/../../../../arm-none-eabi/lib/thumb/v7e-m+dp/hard/crt0.o (memset)
/opt/st/stm32cubeide_1.15.0/plugins/com.st.stm32cube.ide.mcu.externaltools.gnu-tools-for-stm32.12.3.rel1.linux64_1.0.100.202403111256/tools/bin/../lib/gcc/arm-none-eabi/12.3.1/../../../../arm-none-eabi/lib/thumb/v7e-m+dp/hard/libc_nano.a(libc_a-closer.o)
[...]
Memory Configuration

Name             Origin             Length             Attributes
FLASH            0x08000000         0x00200000         xr
DTCMRAM          0x20000000         0x00020000         xrw
RAM_D1           0x24000000         0x00080000         xrw
RAM_D2           0x30000000         0x00048000         xrw
RAM_D3           0x38000000         0x00010000         xrw
ITCMRAM          0x00000000         0x00010000         xrw
*default*        0x00000000         0xffffffff

Linker script and memory map

LOAD /opt/st/stm32cubeide_1.15.0/plugins/com.st.stm32cube.ide.mcu.externaltools.gnu-tools-for-stm32.12.3.rel1.linux64_1.0.100.202403111256/tools/bin/../lib/gcc/arm-none-eabi/12.3.1/thumb/v7e-m+dp/hard/crti.o
LOAD /opt/st/stm32cubeide_1.15.0/plugins/com.st.stm32cube.ide.mcu.externaltools.gnu-tools-for-stm32.12.3.rel1.linux64_1.0.100.202403111256/tools/bin/../lib/gcc/arm-none-eabi/12.3.1/thumb/v7e-m+dp/hard/crtbegin.o
LOAD /opt/st/stm32cubeide_1.15.0/plugins/com.st.stm32cube.ide.mcu.externaltools.gnu-tools-for-stm32.12.3.rel1.linux64_1.0.100.202403111256/tools/bin/../lib/gcc/arm-none-eabi/12.3.1/../../../../arm-none-eabi/lib/thumb/v7e-m+dp/hard/crt0.o
LOAD ./Core/Src/bms.o
LOAD ./Core/Src/dwt_delay.o
LOAD ./Core/Src/freertos.o
LOAD ./Core/Src/ltc.o
LOAD ./Core/Src/main.o
LOAD ./Core/Src/stm32h7xx_hal_msp.o
LOAD ./Core/Src/stm32h7xx_hal_timebase_tim.o
LOAD ./Core/Src/stm32h7xx_it.o
LOAD ./Core/Src/syscalls.o
LOAD ./Core/Src/sysmem.o
LOAD ./Core/Src/system_stm32h7xx.o
LOAD ./Core/Startup/startup_stm32h743vitx.o
LOAD ./Drivers/STM32H7xx_HAL_Driver/Src/stm32h7xx_hal.o
LOAD ./Drivers/STM32H7xx_HAL_Driver/Src/stm32h7xx_hal_adc.o
LOAD ./Drivers/STM32H7xx_HAL_Driver/Src/stm32h7xx_hal_adc_ex.o
LOAD ./Drivers/STM32H7xx_HAL_Driver/Src/stm32h7xx_hal_cortex.o
LOAD ./Drivers/STM32H7xx_HAL_Driver/Src/stm32h7xx_hal_dma.o
LOAD ./Drivers/STM32H7xx_HAL_Driver/Src/stm32h7xx_hal_dma_ex.o
LOAD ./Drivers/STM32H7xx_HAL_Driver/Src/stm32h7xx_hal_exti.o
LOAD ./Drivers/STM32H7xx_HAL_Driver/Src/stm32h7xx_hal_fdcan.o
LOAD ./Drivers/STM32H7xx_HAL_Driver/Src/stm32h7xx_hal_flash.o
LOAD ./Drivers/STM32H7xx_HAL_Driver/Src/stm32h7xx_hal_flash_ex.o
LOAD ./Drivers/STM32H7xx_HAL_Driver/Src/stm32h7xx_hal_gpio.o
LOAD ./Drivers/STM32H7xx_HAL_Driver/Src/stm32h7xx_hal_hsem.o
LOAD ./Drivers/STM32H7xx_HAL_Driver/Src/stm32h7xx_hal_i2c.o
LOAD ./Drivers/STM32H7xx_HAL_Driver/Src/stm32h7xx_hal_i2c_ex.o
LOAD ./Drivers/STM32H7xx_HAL_Driver/Src/stm32h7xx_hal_mdma.o
LOAD ./Drivers/STM32H7xx_HAL_Driver/Src/stm32h7xx_hal_pwr.o
LOAD ./Drivers/STM32H7xx_HAL_Driver/Src/stm32h7xx_hal_pwr_ex.o
LOAD ./Drivers/STM32H7xx_HAL_Driver/Src/stm32h7xx_hal_rcc.o
LOAD ./Drivers/STM32H7xx_HAL_Driver/Src/stm32h7xx_hal_rcc_ex.o
LOAD ./Drivers/STM32H7xx_HAL_Driver/Src/stm32h7xx_hal_spi.o
LOAD ./Drivers/STM32H7xx_HAL_Driver/Src/stm32h7xx_hal_spi_ex.o
LOAD ./Drivers/STM32H7xx_HAL_Driver/Src/stm32h7xx_hal_tim.o
LOAD ./Drivers/STM32H7xx_HAL_Driver/Src/stm32h7xx_hal_tim_ex.o
LOAD ./Drivers/STM32H7xx_HAL_Driver/Src/stm32h7xx_hal_usart.o
LOAD ./Drivers/STM32H7xx_HAL_Driver/Src/stm32h7xx_hal_usart_ex.o
LOAD ./Middlewares/Third_Party/FreeRTOS/Source/CMSIS_RTOS/cmsis_os.o
LOAD ./Middlewares/Third_Party/FreeRTOS/Source/croutine.o
LOAD ./Middlewares/Third_Party/FreeRTOS/Source/event_groups.o
LOAD ./Middlewares/Third_Party/FreeRTOS/Source/list.o
LOAD ./Middlewares/Third_Party/FreeRTOS/Source/queue.o
LOAD ./Middlewares/Third_Party/FreeRTOS/Source/stream_buffer.o
LOAD ./Middlewares/Third_Party/FreeRTOS/Source/tasks.o
LOAD ./Middlewares/Third_Party/FreeRTOS/Source/timers.o
LOAD ./Middlewares/Third_Party/FreeRTOS/Source/portable/GCC/ARM_CM4F/port.o
LOAD ./Middlewares/Third_Party/FreeRTOS/Source/portable/MemMang/heap_4.o
START GROUP
LOAD /opt/st/stm32cubeide_1.15.0/plugins/com.st.stm32cube.ide.mcu.externaltools.gnu-tools-for-stm32.12.3.rel1.linux64_1.0.100.202403111256/tools/bin/../lib/gcc/arm-none-eabi/12.3.1/../../../../arm-none-eabi/lib/thumb/v7e-m+dp/hard/libc_nano.a
LOAD /opt/st/stm32cubeide_1.15.0/plugins/com.st.stm32cube.ide.mcu.externaltools.gnu-tools-for-stm32.12.3.rel1.linux64_1.0.100.202403111256/tools/bin/../lib/gcc/arm-none-eabi/12.3.1/../../../../arm-none-eabi/lib/thumb/v7e-m+dp/hard/libm.a
END GROUP
START GROUP
LOAD /opt/st/stm32cubeide_1.15.0/plugins/com.st.stm32cube.ide.mcu.externaltools.gnu-tools-for-stm32.12.3.rel1.linux64_1.0.100.202403111256/tools/bin/../lib/gcc/arm-none-eabi/12.3.1/thumb/v7e-m+dp/hard/libgcc.a
LOAD /opt/st/stm32cubeide_1.15.0/plugins/com.st.stm32cube.ide.mcu.externaltools.gnu-tools-for-stm32.12.3.rel1.linux64_1.0.100.202403111256/tools/bin/../lib/gcc/arm-none-eabi/12.3.1/../../../../arm-none-eabi/lib/thumb/v7e-m+dp/hard/libc_nano.a
END GROUP
START GROUP
LOAD /opt/st/stm32cubeide_1.15.0/plugins/com.st.stm32cube.ide.mcu.externaltools.gnu-tools-for-stm32.12.3.rel1.linux64_1.0.100.202403111256/tools/bin/../lib/gcc/arm-none-eabi/12.3.1/thumb/v7e-m+dp/hard/libgcc.a
LOAD /opt/st/stm32cubeide_1.15.0/plugins/com.st.stm32cube.ide.mcu.externaltools.gnu-tools-for-stm32.12.3.rel1.linux64_1.0.100.202403111256/tools/bin/../lib/gcc/arm-none-eabi/12.3.1/../../../../arm-none-eabi/lib/thumb/v7e-m+dp/hard/libc_nano.a
LOAD /opt/st/stm32cubeide_1.15.0/plugins/com.st.stm32cube.ide.mcu.externaltools.gnu-tools-for-stm32.12.3.rel1.linux64_1.0.100.202403111256/tools/bin/../lib/gcc/arm-none-eabi/12.3.1/../../../../arm-none-eabi/lib/thumb/v7e-m+dp/hard/libnosys.a
END GROUP
START GROUP
LOAD /opt/st/stm32cubeide_1.15.0/plugins/com.st.stm32cube.ide.mcu.externaltools.gnu-tools-for-stm32.12.3.rel1.linux64_1.0.100.202403111256/tools/bin/../lib/gcc/arm-none-eabi/12.3.1/thumb/v7e-m+dp/hard/libgcc.a
LOAD /opt/st/stm32cubeide_1.15.0/plugins/com.st.stm32cube.ide.mcu.externaltools.gnu-tools-for-stm32.12.3.rel1.linux64_1.0.100.202403111256/tools/bin/../lib/gcc/arm-none-eabi/12.3.1/../../../../arm-none-eabi/lib/thumb/v7e-m+dp/hard/libc_nano.a
LOAD /opt/st/stm32cubeide_1.15.0/plugins/com.st.stm32cube.ide.mcu.externaltools.gnu-tools-for-stm32.12.3.rel1.linux64_1.0.100.202403111256/tools/bin/../lib/gcc/arm-none-eabi/12.3.1/../../../../arm-none-eabi/lib/thumb/v7e-m+dp/hard/libnosys.a
END GROUP
LOAD /opt/st/stm32cubeide_1.15.0/plugins/com.st.stm32cube.ide.mcu.externaltools.gnu-tools-for-stm32.12.3.rel1.linux64_1.0.100.202403111256/tools/bin/../lib/gcc/arm-none-eabi/12.3.1/thumb/v7e-m+dp/hard/crtend.o
LOAD /opt/st/stm32cubeide_1.15.0/plugins/com.st.stm32cube.ide.mcu.externaltools.gnu-tools-for-stm32.12.3.rel1.linux64_1.0.100.202403111256/tools/bin/../lib/gcc/arm-none-eabi/12.3.1/thumb/v7e-m+dp/hard/crtn.o
                0x24080000                        _estack = (ORIGIN (RAM_D1) + LENGTH (RAM_D1))
                0x00000200                        _Min_Heap_Size = 0x200
                0x00000400                        _Min_Stack_Size = 0x400

.isr_vector     0x08000000      0x298
                0x08000000                        . = ALIGN (0x4)
 *(.isr_vector)
 .isr_vector    0x08000000      0x298 ./Core/Startup/startup_stm32h743vitx.o
                0x08000000                g_pfnVectors
                0x08000298                        . = ALIGN (0x4)

.text           0x080002a0     0xa654
                0x080002a0                        . = ALIGN (0x4)
 *(.text)
 .text          0x080002a0       0x40 /opt/st/stm32cubeide_1.15.0/plugins/com.st.stm32cube.ide.mcu.externaltools.gnu-tools-for-stm32.12.3.rel1.linux64_1.0.100.202403111256/tools/bin/../lib/gcc/arm-none-eabi/12.3.1/thumb/v7e-m+dp/hard/crtbegin.o
 *(.text*)
 .text.BMS_Init
                0x080002e0       0x80 ./Core/Src/bms.o
                0x080002e0                BMS_Init
 .text.ElectricalManagement
                0x08000360       0xc4 ./Core/Src/bms.o
                0x08000360                ElectricalManagement
 .text.vApplicationGetIdleTaskMemory
                0x08000424       0x34 ./Core/Src/freertos.o
                0x08000424                vApplicationGetIdleTaskMemory
 .text.DWT_Delay_us
                0x08000458       0x48 ./Core/Src/ltc.o
 .text.LTC_Init
                0x080004a0       0x6e ./Core/Src/ltc.o
                0x080004a0                LTC_Init
 *fill*         0x0800050e        0x2 
 .text.LTC_PEC_InitTable
                0x08000510       0x74 ./Core/Src/ltc.o
                0x08000510                LTC_PEC_InitTable
 .text.LTC_Read
                0x08000584       0x22 ./Core/Src/ltc.o
                0x08000584                LTC_Read
 .text.LTC_SendBroadcastCommand
                0x080005a6       0x40 ./Core/Src/ltc.o
                0x080005a6                LTC_SendBroadcastCommand
 .text.LTC_StartTrasmission
                0x080005e6        0xe ./Core/Src/ltc.o
                0x080005e6                LTC_StartTrasmission
 .text.LTC_EndTramission
                0x080005f4        0xe ./Core/Src/ltc.o
                0x080005f4                LTC_EndTramission
 .text.LTC_Communication
                0x08000602       0x42 ./Core/Src/ltc.o
                0x08000602                LTC_Communication
 .text.LTC_ChipSelect
                0x08000644       0x28 ./Core/Src/ltc.o
                0x08000644                LTC_ChipSelect
 .text.LTC_SPI  0x0800066c       0x34 ./Core/Src/ltc.o
                0x0800066c                LTC_SPI
 .text.LTC_WakeUp
                0x080006a0       0x16 ./Core/Src/ltc.o
                0x080006a0                LTC_WakeUp
 .text.LTC_MakeCommand
                0x080006b6      0x116 ./Core/Src/ltc.o
                0x080006b6                LTC_MakeCommand
 .text.LTC_PEC  0x080007cc       0x8c ./Core/Src/ltc.o
                0x080007cc                LTC_PEC
 .text.LTC_TransmitCommand
                0x08000858       0x30 ./Core/Src/ltc.o
                0x08000858                LTC_TransmitCommand
 .text.LTC_TransmitReceive
                0x08000888       0x70 ./Core/Src/ltc.o
                0x08000888                LTC_TransmitReceive
 .text.main     0x080008f8       0x70 ./Core/Src/main.o
                0x080008f8                main
 .text.SystemClock_Config
                0x08000968      0x10c ./Core/Src/main.o
                0x08000968                SystemClock_Config
 .text.MX_ADC2_Init
                0x08000a74       0xcc ./Core/Src/main.o
 .text.MX_FDCAN1_Init
                0x08000b40       0xc8 ./Core/Src/main.o
 .text.MX_I2C1_Init
                0x08000c08       0x80 ./Core/Src/main.o
 .text.MX_SPI1_Init
                0x08000c88       0xac ./Core/Src/main.o
 .text.MX_USART1_Init
                0x08000d34       0x98 ./Core/Src/main.o
 .text.MX_DMA_Init
                0x08000dcc       0x88 ./Core/Src/main.o
 .text.MX_GPIO_Init
                0x08000e54      0x1dc ./Core/Src/main.o
 .text.StartDefaultTask
                0x08001030       0x1e ./Core/Src/main.o
                0x08001030                StartDefaultTask
 *fill*         0x0800104e        0x2 
 .text.HAL_TIM_PeriodElapsedCallback
                0x08001050       0x24 ./Core/Src/main.o
                0x08001050                HAL_TIM_PeriodElapsedCallback
 .text.Error_Handler
                0x08001074        0xc ./Core/Src/main.o
                0x08001074                Error_Handler
 .text.HAL_MspInit
                0x08001080       0x3c ./Core/Src/stm32h7xx_hal_msp.o
                0x08001080                HAL_MspInit
 .text.HAL_ADC_MspInit
                0x080010bc       0xe0 ./Core/Src/stm32h7xx_hal_msp.o
                0x080010bc                HAL_ADC_MspInit
 .text.HAL_FDCAN_MspInit
                0x0800119c       0xcc ./Core/Src/stm32h7xx_hal_msp.o
                0x0800119c                HAL_FDCAN_MspInit
 .text.HAL_I2C_MspInit
                0x08001268       0xcc ./Core/Src/stm32h7xx_hal_msp.o
                0x08001268                HAL_I2C_MspInit
 .text.HAL_SPI_MspInit
                0x08001334       0xc8 ./Core/Src/stm32h7xx_hal_msp.o
                0x08001334                HAL_SPI_MspInit
 .text.HAL_USART_MspInit
                0x080013fc       0xcc ./Core/Src/stm32h7xx_hal_msp.o
                0x080013fc                HAL_USART_MspInit
 .text.HAL_InitTick
                0x080014c8       0xc4 ./Core/Src/stm32h7xx_hal_timebase_tim.o
                0x080014c8                HAL_InitTick
 .text.NMI_Handler
                0x0800158c        0x8 ./Core/Src/stm32h7xx_it.o
                0x0800158c                NMI_Handler
 .text.HardFault_Handler
                0x08001594        0x8 ./Core/Src/stm32h7xx_it.o
                0x08001594                HardFault_Handler
 .text.MemManage_Handler
                0x0800159c        0x8 ./Core/Src/stm32h7xx_it.o
                0x0800159c                MemManage_Handler
 .text.BusFault_Handler
                0x080015a4        0x8 ./Core/Src/stm32h7xx_it.o
                0x080015a4                BusFault_Handler
 .text.UsageFault_Handler
                0x080015ac        0x8 ./Core/Src/stm32h7xx_it.o
                0x080015ac                UsageFault_Handler
 .text.DebugMon_Handler
                0x080015b4        0xe ./Core/Src/stm32h7xx_it.o
                0x080015b4                DebugMon_Handler
 *fill*         0x080015c2        0x2 
 .text.TIM1_UP_IRQHandler
                0x080015c4       0x14 ./Core/Src/stm32h7xx_it.o
                0x080015c4                TIM1_UP_IRQHandler
 .text._sbrk    0x080015d8       0x6c ./Core/Src/sysmem.o
                0x080015d8                _sbrk
 .text.SystemInit
                0x08001644      0x110 ./Core/Src/system_stm32h7xx.o
                0x08001644                SystemInit
 .text.Reset_Handler
                0x08001754       0x50 ./Core/Startup/startup_stm32h743vitx.o
                0x08001754                Reset_Handler
 .text.Default_Handler
                0x080017a4        0x2 ./Core/Startup/startup_stm32h743vitx.o
                0x080017a4                RTC_Alarm_IRQHandler
                0x080017a4                EXTI2_IRQHandler
                0x080017a4                TIM8_CC_IRQHandler
                0x080017a4                HRTIM1_Master_IRQHandler
                0x080017a4                UART8_IRQHandler
                0x080017a4                SPI4_IRQHandler
                0x080017a4                TIM1_CC_IRQHandler
                0x080017a4                BDMA_Channel6_IRQHandler
                0x080017a4                DMA2_Stream5_IRQHandler
                0x080017a4                HRTIM1_FLT_IRQHandler
                0x080017a4                JPEG_IRQHandler
                0x080017a4                DMA1_Stream5_IRQHandler
                0x080017a4                BDMA_Channel1_IRQHandler
                0x080017a4                HRTIM1_TIMD_IRQHandler
                0x080017a4                TAMP_STAMP_IRQHandler
                0x080017a4                EXTI3_IRQHandler
                0x080017a4                LPTIM4_IRQHandler
                0x080017a4                TIM8_TRG_COM_TIM14_IRQHandler
                0x080017a4                LPTIM2_IRQHandler
                0x080017a4                DFSDM1_FLT1_IRQHandler
                0x080017a4                DMAMUX2_OVR_IRQHandler
                0x080017a4                TIM8_UP_TIM13_IRQHandler
                0x080017a4                I2C3_ER_IRQHandler
                0x080017a4                DFSDM1_FLT2_IRQHandler
                0x080017a4                MDMA_IRQHandler
                0x080017a4                LPTIM3_IRQHandler
                0x080017a4                HSEM1_IRQHandler
                0x080017a4                EXTI0_IRQHandler
                0x080017a4                I2C2_EV_IRQHandler
                0x080017a4                DMA1_Stream2_IRQHandler
                0x080017a4                FPU_IRQHandler
                0x080017a4                OTG_HS_WKUP_IRQHandler
                0x080017a4                FDCAN1_IT1_IRQHandler
                0x080017a4                LTDC_ER_IRQHandler
                0x080017a4                DMA2_Stream2_IRQHandler
                0x080017a4                HRTIM1_TIME_IRQHandler
                0x080017a4                SPI1_IRQHandler
                0x080017a4                TIM6_DAC_IRQHandler
                0x080017a4                DCMI_IRQHandler
                0x080017a4                HRTIM1_TIMC_IRQHandler
                0x080017a4                DMA2_Stream3_IRQHandler
                0x080017a4                SAI2_IRQHandler
                0x080017a4                DFSDM1_FLT3_IRQHandler
                0x080017a4                USART6_IRQHandler
                0x080017a4                TIM17_IRQHandler
                0x080017a4                USART3_IRQHandler
                0x080017a4                BDMA_Channel7_IRQHandler
                0x080017a4                LPTIM5_IRQHandler
                0x080017a4                UART5_IRQHandler
                0x080017a4                ADC3_IRQHandler
                0x080017a4                DMA2_Stream0_IRQHandler
                0x080017a4                TIM4_IRQHandler
                0x080017a4                BDMA_Channel2_IRQHandler
                0x080017a4                QUADSPI_IRQHandler
                0x080017a4                I2C1_EV_IRQHandler
                0x080017a4                DMA1_Stream6_IRQHandler
                0x080017a4                DMAMUX1_OVR_IRQHandler
                0x080017a4                DMA1_Stream1_IRQHandler
                0x080017a4                TIM16_IRQHandler
                0x080017a4                UART4_IRQHandler
                0x080017a4                BDMA_Channel5_IRQHandler
                0x080017a4                TIM3_IRQHandler
                0x080017a4                RCC_IRQHandler
                0x080017a4                TIM8_BRK_TIM12_IRQHandler
                0x080017a4                TIM1_TRG_COM_IRQHandler
                0x080017a4                Default_Handler
                0x080017a4                ECC_IRQHandler
                0x080017a4                CEC_IRQHandler
                0x080017a4                EXTI15_10_IRQHandler
                0x080017a4                BDMA_Channel0_IRQHandler
                0x080017a4                ADC_IRQHandler
                0x080017a4                DMA1_Stream7_IRQHandler
                0x080017a4                HRTIM1_TIMA_IRQHandler
                0x080017a4                SPI5_IRQHandler
                0x080017a4                TIM7_IRQHandler
                0x080017a4                SDMMC1_IRQHandler
                0x080017a4                TIM5_IRQHandler
                0x080017a4                DMA2_Stream7_IRQHandler
                0x080017a4                TIM15_IRQHandler
                0x080017a4                PVD_AVD_IRQHandler
                0x080017a4                I2C3_EV_IRQHandler
                0x080017a4                EXTI9_5_IRQHandler
                0x080017a4                RTC_WKUP_IRQHandler
                0x080017a4                LTDC_IRQHandler
                0x080017a4                SAI3_IRQHandler
                0x080017a4                ETH_WKUP_IRQHandler
                0x080017a4                SPDIF_RX_IRQHandler
                0x080017a4                SPI2_IRQHandler
                0x080017a4                OTG_HS_EP1_IN_IRQHandler
                0x080017a4                DMA1_Stream0_IRQHandler
                0x080017a4                CRS_IRQHandler
                0x080017a4                EXTI4_IRQHandler
                0x080017a4                RNG_IRQHandler
                0x080017a4                HRTIM1_TIMB_IRQHandler
                0x080017a4                FDCAN2_IT1_IRQHandler
                0x080017a4                ETH_IRQHandler
                0x080017a4                BDMA_Channel4_IRQHandler
                0x080017a4                OTG_HS_EP1_OUT_IRQHandler
                0x080017a4                WWDG_IRQHandler
                0x080017a4                SPI6_IRQHandler
                0x080017a4                MDIOS_IRQHandler
                0x080017a4                I2C4_EV_IRQHandler
                0x080017a4                FDCAN2_IT0_IRQHandler
                0x080017a4                LPUART1_IRQHandler
                0x080017a4                FDCAN1_IT0_IRQHandler
                0x080017a4                TIM2_IRQHandler
                0x080017a4                OTG_FS_WKUP_IRQHandler
                0x080017a4                OTG_HS_IRQHandler
                0x080017a4                DMA2D_IRQHandler
                0x080017a4                TIM1_BRK_IRQHandler
                0x080017a4                EXTI1_IRQHandler
                0x080017a4                SDMMC2_IRQHandler
                0x080017a4                OTG_FS_EP1_OUT_IRQHandler
                0x080017a4                BDMA_Channel3_IRQHandler
                0x080017a4                UART7_IRQHandler
                0x080017a4                MDIOS_WKUP_IRQHandler
                0x080017a4                USART2_IRQHandler
                0x080017a4                DFSDM1_FLT0_IRQHandler
                0x080017a4                SAI4_IRQHandler
                0x080017a4                I2C2_ER_IRQHandler
                0x080017a4                DMA2_Stream1_IRQHandler
                0x080017a4                FLASH_IRQHandler
                0x080017a4                DMA2_Stream4_IRQHandler
                0x080017a4                USART1_IRQHandler
                0x080017a4                OTG_FS_IRQHandler
                0x080017a4                SPI3_IRQHandler
                0x080017a4                WAKEUP_PIN_IRQHandler
                0x080017a4                DMA1_Stream4_IRQHandler
                0x080017a4                OTG_FS_EP1_IN_IRQHandler
                0x080017a4                I2C1_ER_IRQHandler
                0x080017a4                FMC_IRQHandler
                0x080017a4                FDCAN_CAL_IRQHandler
                0x080017a4                SWPMI1_IRQHandler
                0x080017a4                COMP1_IRQHandler
                0x080017a4                LPTIM1_IRQHandler
                0x080017a4                I2C4_ER_IRQHandler
                0x080017a4                DMA2_Stream6_IRQHandler
                0x080017a4                SAI1_IRQHandler
                0x080017a4                DMA1_Stream3_IRQHandler
 *fill*         0x080017a6        0x2 
 .text.HAL_Init
                0x080017a8       0x78 ./Drivers/STM32H7xx_HAL_Driver/Src/stm32h7xx_hal.o
                0x080017a8                HAL_Init
 .text.HAL_IncTick
                0x08001820       0x28 ./Drivers/STM32H7xx_HAL_Driver/Src/stm32h7xx_hal.o
                0x08001820                HAL_IncTick
 .text.HAL_GetTick
                0x08001848       0x18 ./Drivers/STM32H7xx_HAL_Driver/Src/stm32h7xx_hal.o
                0x08001848                HAL_GetTick
 .text.HAL_GetREVID
                0x08001860       0x18 ./Drivers/STM32H7xx_HAL_Driver/Src/stm32h7xx_hal.o
                0x08001860                HAL_GetREVID
 .text.LL_ADC_SetCommonClock
                0x08001878       0x26 ./Drivers/STM32H7xx_HAL_Driver/Src/stm32h7xx_hal_adc.o
 .text.LL_ADC_SetCommonPathInternalCh
                0x0800189e       0x26 ./Drivers/STM32H7xx_HAL_Driver/Src/stm32h7xx_hal_adc.o
 .text.LL_ADC_GetCommonPathInternalCh
                0x080018c4       0x1c ./Drivers/STM32H7xx_HAL_Driver/Src/stm32h7xx_hal_adc.o
 .text.LL_ADC_SetOffset
                0x080018e0       0x40 ./Drivers/STM32H7xx_HAL_Driver/Src/stm32h7xx_hal_adc.o
 .text.LL_ADC_SetDataRightShift
                0x08001920       0x32 ./Drivers/STM32H7xx_HAL_Driver/Src/stm32h7xx_hal_adc.o
 .text.LL_ADC_SetOffsetSignedSaturation
                0x08001952       0x36 ./Drivers/STM32H7xx_HAL_Driver/Src/stm32h7xx_hal_adc.o
 .text.LL_ADC_REG_SetSequencerRanks
                0x08001988       0x58 ./Drivers/STM32H7xx_HAL_Driver/Src/stm32h7xx_hal_adc.o
 .text.LL_ADC_SetChannelSamplingTime
                0x080019e0       0x56 ./Drivers/STM32H7xx_HAL_Driver/Src/stm32h7xx_hal_adc.o
 *fill*         0x08001a36        0x2 
 .text.LL_ADC_SetChannelSingleDiff
                0x08001a38       0x48 ./Drivers/STM32H7xx_HAL_Driver/Src/stm32h7xx_hal_adc.o
 .text.LL_ADC_DisableDeepPowerDown
                0x08001a80       0x24 ./Drivers/STM32H7xx_HAL_Driver/Src/stm32h7xx_hal_adc.o
 .text.LL_ADC_IsDeepPowerDownEnabled
                0x08001aa4       0x28 ./Drivers/STM32H7xx_HAL_Driver/Src/stm32h7xx_hal_adc.o
 .text.LL_ADC_EnableInternalRegulator
                0x08001acc       0x28 ./Drivers/STM32H7xx_HAL_Driver/Src/stm32h7xx_hal_adc.o
 .text.LL_ADC_IsInternalRegulatorEnabled
                0x08001af4       0x28 ./Drivers/STM32H7xx_HAL_Driver/Src/stm32h7xx_hal_adc.o
 .text.LL_ADC_IsEnabled
                0x08001b1c       0x26 ./Drivers/STM32H7xx_HAL_Driver/Src/stm32h7xx_hal_adc.o
 .text.LL_ADC_REG_IsConversionOngoing
                0x08001b42       0x26 ./Drivers/STM32H7xx_HAL_Driver/Src/stm32h7xx_hal_adc.o
 .text.LL_ADC_INJ_IsConversionOngoing
                0x08001b68       0x26 ./Drivers/STM32H7xx_HAL_Driver/Src/stm32h7xx_hal_adc.o
 *fill*         0x08001b8e        0x2 
 .text.HAL_ADC_Init
                0x08001b90      0x344 ./Drivers/STM32H7xx_HAL_Driver/Src/stm32h7xx_hal_adc.o
                0x08001b90                HAL_ADC_Init
 .text.HAL_ADC_ConfigChannel
                0x08001ed4      0x6a0 ./Drivers/STM32H7xx_HAL_Driver/Src/stm32h7xx_hal_adc.o
                0x08001ed4                HAL_ADC_ConfigChannel
 .text.ADC_ConfigureBoostMode
                0x08002574      0x214 ./Drivers/STM32H7xx_HAL_Driver/Src/stm32h7xx_hal_adc.o
                0x08002574                ADC_ConfigureBoostMode
 .text.__NVIC_SetPriorityGrouping
                0x08002788       0x48 ./Drivers/STM32H7xx_HAL_Driver/Src/stm32h7xx_hal_cortex.o
 .text.__NVIC_GetPriorityGrouping
                0x080027d0       0x1c ./Drivers/STM32H7xx_HAL_Driver/Src/stm32h7xx_hal_cortex.o
 .text.__NVIC_EnableIRQ
                0x080027ec       0x3c ./Drivers/STM32H7xx_HAL_Driver/Src/stm32h7xx_hal_cortex.o
 .text.__NVIC_SetPriority
                0x08002828       0x54 ./Drivers/STM32H7xx_HAL_Driver/Src/stm32h7xx_hal_cortex.o
 .text.NVIC_EncodePriority
                0x0800287c       0x66 ./Drivers/STM32H7xx_HAL_Driver/Src/stm32h7xx_hal_cortex.o
 .text.HAL_NVIC_SetPriorityGrouping
                0x080028e2       0x16 ./Drivers/STM32H7xx_HAL_Driver/Src/stm32h7xx_hal_cortex.o
                0x080028e2                HAL_NVIC_SetPriorityGrouping
 .text.HAL_NVIC_SetPriority
                0x080028f8       0x34 ./Drivers/STM32H7xx_HAL_Driver/Src/stm32h7xx_hal_cortex.o
                0x080028f8                HAL_NVIC_SetPriority
 .text.HAL_NVIC_EnableIRQ
                0x0800292c       0x1c ./Drivers/STM32H7xx_HAL_Driver/Src/stm32h7xx_hal_cortex.o
                0x0800292c                HAL_NVIC_EnableIRQ
 .text.HAL_DMA_Init
                0x08002948      0x6b8 ./Drivers/STM32H7xx_HAL_Driver/Src/stm32h7xx_hal_dma.o
                0x08002948                HAL_DMA_Init
 .text.DMA_CalcBaseAndBitshift
                0x08003000      0x164 ./Drivers/STM32H7xx_HAL_Driver/Src/stm32h7xx_hal_dma.o
 .text.DMA_CheckFifoParam
                0x08003164       0xf8 ./Drivers/STM32H7xx_HAL_Driver/Src/stm32h7xx_hal_dma.o
 .text.DMA_CalcDMAMUXChannelBaseAndMask
                0x0800325c      0x134 ./Drivers/STM32H7xx_HAL_Driver/Src/stm32h7xx_hal_dma.o
 .text.DMA_CalcDMAMUXRequestGenBaseAndMask
                0x08003390       0xe8 ./Drivers/STM32H7xx_HAL_Driver/Src/stm32h7xx_hal_dma.o
 .text.HAL_FDCAN_Init
                0x08003478      0x3bc ./Drivers/STM32H7xx_HAL_Driver/Src/stm32h7xx_hal_fdcan.o
                0x08003478                HAL_FDCAN_Init
 .text.FDCAN_CalcultateRamBlockAddresses
                0x08003834      0x30c ./Drivers/STM32H7xx_HAL_Driver/Src/stm32h7xx_hal_fdcan.o
 .text.HAL_GPIO_Init
                0x08003b40      0x360 ./Drivers/STM32H7xx_HAL_Driver/Src/stm32h7xx_hal_gpio.o
                0x08003b40                HAL_GPIO_Init
 .text.HAL_GPIO_WritePin
                0x08003ea0       0x32 ./Drivers/STM32H7xx_HAL_Driver/Src/stm32h7xx_hal_gpio.o
                0x08003ea0                HAL_GPIO_WritePin
 *fill*         0x08003ed2        0x2 
 .text.HAL_I2C_Init
                0x08003ed4      0x120 ./Drivers/STM32H7xx_HAL_Driver/Src/stm32h7xx_hal_i2c.o
                0x08003ed4                HAL_I2C_Init
 .text.HAL_I2CEx_ConfigAnalogFilter
                0x08003ff4       0x96 ./Drivers/STM32H7xx_HAL_Driver/Src/stm32h7xx_hal_i2c_ex.o
                0x08003ff4                HAL_I2CEx_ConfigAnalogFilter
 .text.HAL_I2CEx_ConfigDigitalFilter
                0x0800408a       0x98 ./Drivers/STM32H7xx_HAL_Driver/Src/stm32h7xx_hal_i2c_ex.o
                0x0800408a                HAL_I2CEx_ConfigDigitalFilter
 *fill*         0x08004122        0x2 
 .text.HAL_PWREx_ConfigSupply
                0x08004124       0x74 ./Drivers/STM32H7xx_HAL_Driver/Src/stm32h7xx_hal_pwr_ex.o
                0x08004124                HAL_PWREx_ConfigSupply
 .text.HAL_RCC_OscConfig
                0x08004198      0x85c ./Drivers/STM32H7xx_HAL_Driver/Src/stm32h7xx_hal_rcc.o
                0x08004198                HAL_RCC_OscConfig
 .text.HAL_RCC_ClockConfig
                0x080049f4      0x36c ./Drivers/STM32H7xx_HAL_Driver/Src/stm32h7xx_hal_rcc.o
                0x080049f4                HAL_RCC_ClockConfig
 .text.HAL_RCC_GetSysClockFreq
                0x08004d60      0x2f4 ./Drivers/STM32H7xx_HAL_Driver/Src/stm32h7xx_hal_rcc.o
                0x08004d60                HAL_RCC_GetSysClockFreq
 .text.HAL_RCC_GetHCLKFreq
                0x08005054       0x60 ./Drivers/STM32H7xx_HAL_Driver/Src/stm32h7xx_hal_rcc.o
                0x08005054                HAL_RCC_GetHCLKFreq
 .text.HAL_RCC_GetPCLK1Freq
                0x080050b4       0x2c ./Drivers/STM32H7xx_HAL_Driver/Src/stm32h7xx_hal_rcc.o
                0x080050b4                HAL_RCC_GetPCLK1Freq
 .text.HAL_RCC_GetPCLK2Freq
                0x080050e0       0x2c ./Drivers/STM32H7xx_HAL_Driver/Src/stm32h7xx_hal_rcc.o
                0x080050e0                HAL_RCC_GetPCLK2Freq
 .text.HAL_RCC_GetClockConfig
                0x0800510c       0x84 ./Drivers/STM32H7xx_HAL_Driver/Src/stm32h7xx_hal_rcc.o
                0x0800510c                HAL_RCC_GetClockConfig
 .text.HAL_RCCEx_PeriphCLKConfig
                0x08005190      0xe8c ./Drivers/STM32H7xx_HAL_Driver/Src/stm32h7xx_hal_rcc_ex.o
                0x08005190                HAL_RCCEx_PeriphCLKConfig
 .text.HAL_RCCEx_GetPeriphCLKFreq
                0x0800601c      0x9a4 ./Drivers/STM32H7xx_HAL_Driver/Src/stm32h7xx_hal_rcc_ex.o
                0x0800601c                HAL_RCCEx_GetPeriphCLKFreq
 .text.HAL_RCCEx_GetD3PCLK1Freq
                0x080069c0       0x2c ./Drivers/STM32H7xx_HAL_Driver/Src/stm32h7xx_hal_rcc_ex.o
                0x080069c0                HAL_RCCEx_GetD3PCLK1Freq
 .text.HAL_RCCEx_GetPLL2ClockFreq
                0x080069ec      0x2a8 ./Drivers/STM32H7xx_HAL_Driver/Src/stm32h7xx_hal_rcc_ex.o
                0x080069ec                HAL_RCCEx_GetPLL2ClockFreq
 .text.HAL_RCCEx_GetPLL3ClockFreq
                0x08006c94      0x2a8 ./Drivers/STM32H7xx_HAL_Driver/Src/stm32h7xx_hal_rcc_ex.o
                0x08006c94                HAL_RCCEx_GetPLL3ClockFreq
 .text.HAL_RCCEx_GetPLL1ClockFreq
                0x08006f3c      0x2a4 ./Drivers/STM32H7xx_HAL_Driver/Src/stm32h7xx_hal_rcc_ex.o
                0x08006f3c                HAL_RCCEx_GetPLL1ClockFreq
 .text.RCCEx_PLL2_Config
                0x080071e0      0x164 ./Drivers/STM32H7xx_HAL_Driver/Src/stm32h7xx_hal_rcc_ex.o
 .text.RCCEx_PLL3_Config
                0x08007344      0x164 ./Drivers/STM32H7xx_HAL_Driver/Src/stm32h7xx_hal_rcc_ex.o
 .text.HAL_SPI_Init
                0x080074a8      0x20c ./Drivers/STM32H7xx_HAL_Driver/Src/stm32h7xx_hal_spi.o
                0x080074a8                HAL_SPI_Init
 .text.HAL_SPI_TransmitReceive
                0x080076b4      0x450 ./Drivers/STM32H7xx_HAL_Driver/Src/stm32h7xx_hal_spi.o
                0x080076b4                HAL_SPI_TransmitReceive
 .text.SPI_CloseTransfer
                0x08007b04      0x140 ./Drivers/STM32H7xx_HAL_Driver/Src/stm32h7xx_hal_spi.o
 .text.SPI_WaitOnFlagUntilTimeout
                0x08007c44       0x5c ./Drivers/STM32H7xx_HAL_Driver/Src/stm32h7xx_hal_spi.o
 .text.SPI_GetPacketSize
                0x08007ca0       0x36 ./Drivers/STM32H7xx_HAL_Driver/Src/stm32h7xx_hal_spi.o
 .text.HAL_TIM_Base_Init
                0x08007cd6       0xae ./Drivers/STM32H7xx_HAL_Driver/Src/stm32h7xx_hal_tim.o
                0x08007cd6                HAL_TIM_Base_Init
 .text.HAL_TIM_Base_MspInit
                0x08007d84       0x14 ./Drivers/STM32H7xx_HAL_Driver/Src/stm32h7xx_hal_tim.o
                0x08007d84                HAL_TIM_Base_MspInit
 .text.HAL_TIM_Base_Start_IT
                0x08007d98       0xf0 ./Drivers/STM32H7xx_HAL_Driver/Src/stm32h7xx_hal_tim.o
                0x08007d98                HAL_TIM_Base_Start_IT
 .text.HAL_TIM_IRQHandler
                0x08007e88      0x23e ./Drivers/STM32H7xx_HAL_Driver/Src/stm32h7xx_hal_tim.o
                0x08007e88                HAL_TIM_IRQHandler
 .text.HAL_TIM_OC_DelayElapsedCallback
                0x080080c6       0x14 ./Drivers/STM32H7xx_HAL_Driver/Src/stm32h7xx_hal_tim.o
                0x080080c6                HAL_TIM_OC_DelayElapsedCallback
 .text.HAL_TIM_IC_CaptureCallback
                0x080080da       0x14 ./Drivers/STM32H7xx_HAL_Driver/Src/stm32h7xx_hal_tim.o
                0x080080da                HAL_TIM_IC_CaptureCallback
 .text.HAL_TIM_PWM_PulseFinishedCallback
                0x080080ee       0x14 ./Drivers/STM32H7xx_HAL_Driver/Src/stm32h7xx_hal_tim.o
                0x080080ee                HAL_TIM_PWM_PulseFinishedCallback
 .text.HAL_TIM_TriggerCallback
                0x08008102       0x14 ./Drivers/STM32H7xx_HAL_Driver/Src/stm32h7xx_hal_tim.o
                0x08008102                HAL_TIM_TriggerCallback
 *fill*         0x08008116        0x2 
 .text.TIM_Base_SetConfig
                0x08008118      0x134 ./Drivers/STM32H7xx_HAL_Driver/Src/stm32h7xx_hal_tim.o
                0x08008118                TIM_Base_SetConfig
 .text.HAL_TIMEx_CommutCallback
                0x0800824c       0x14 ./Drivers/STM32H7xx_HAL_Driver/Src/stm32h7xx_hal_tim_ex.o
                0x0800824c                HAL_TIMEx_CommutCallback
 .text.HAL_TIMEx_BreakCallback
                0x08008260       0x14 ./Drivers/STM32H7xx_HAL_Driver/Src/stm32h7xx_hal_tim_ex.o
                0x08008260                HAL_TIMEx_BreakCallback
 .text.HAL_TIMEx_Break2Callback
                0x08008274       0x14 ./Drivers/STM32H7xx_HAL_Driver/Src/stm32h7xx_hal_tim_ex.o
                0x08008274                HAL_TIMEx_Break2Callback
 .text.HAL_USART_Init
                0x08008288       0x94 ./Drivers/STM32H7xx_HAL_Driver/Src/stm32h7xx_hal_usart.o
                0x08008288                HAL_USART_Init
 .text.USART_WaitOnFlagUntilTimeout
                0x0800831c       0x6c ./Drivers/STM32H7xx_HAL_Driver/Src/stm32h7xx_hal_usart.o
 .text.USART_SetConfig
                0x08008388      0xa40 ./Drivers/STM32H7xx_HAL_Driver/Src/stm32h7xx_hal_usart.o
 .text.USART_CheckIdleState
                0x08008dc8       0x86 ./Drivers/STM32H7xx_HAL_Driver/Src/stm32h7xx_hal_usart.o
 .text.HAL_USARTEx_DisableFifoMode
                0x08008e4e       0x72 ./Drivers/STM32H7xx_HAL_Driver/Src/stm32h7xx_hal_usart_ex.o
                0x08008e4e                HAL_USARTEx_DisableFifoMode
 .text.HAL_USARTEx_SetTxFifoThreshold
                0x08008ec0       0x7c ./Drivers/STM32H7xx_HAL_Driver/Src/stm32h7xx_hal_usart_ex.o
                0x08008ec0                HAL_USARTEx_SetTxFifoThreshold
 .text.HAL_USARTEx_SetRxFifoThreshold
                0x08008f3c       0x7c ./Drivers/STM32H7xx_HAL_Driver/Src/stm32h7xx_hal_usart_ex.o
                0x08008f3c                HAL_USARTEx_SetRxFifoThreshold
 .text.USARTEx_SetNbDataToProcess
                0x08008fb8       0x94 ./Drivers/STM32H7xx_HAL_Driver/Src/stm32h7xx_hal_usart_ex.o
 .text.makeFreeRtosPriority
                0x0800904c       0x30 ./Middlewares/Third_Party/FreeRTOS/Source/CMSIS_RTOS/cmsis_os.o
 .text.osKernelStart
                0x0800907c        0xe ./Middlewares/Third_Party/FreeRTOS/Source/CMSIS_RTOS/cmsis_os.o
                0x0800907c                osKernelStart
 .text.osThreadCreate
                0x0800908a       0x98 ./Middlewares/Third_Party/FreeRTOS/Source/CMSIS_RTOS/cmsis_os.o
                0x0800908a                osThreadCreate
 .text.osDelay  0x08009122       0x28 ./Middlewares/Third_Party/FreeRTOS/Source/CMSIS_RTOS/cmsis_os.o
                0x08009122                osDelay
 .text.vListInitialise
                0x0800914a       0x40 ./Middlewares/Third_Party/FreeRTOS/Source/list.o
                0x0800914a                vListInitialise
 .text.vListInitialiseItem
                0x0800918a       0x1a ./Middlewares/Third_Party/FreeRTOS/Source/list.o
                0x0800918a                vListInitialiseItem
 .text.vListInsertEnd
                0x080091a4       0x48 ./Middlewares/Third_Party/FreeRTOS/Source/list.o
                0x080091a4                vListInsertEnd
 .text.vListInsert
                0x080091ec       0x72 ./Middlewares/Third_Party/FreeRTOS/Source/list.o
                0x080091ec                vListInsert
 .text.uxListRemove
                0x0800925e       0x54 ./Middlewares/Third_Party/FreeRTOS/Source/list.o
                0x0800925e                uxListRemove
 .text.xTaskCreateStatic
                0x080092b2       0xc0 ./Middlewares/Third_Party/FreeRTOS/Source/tasks.o
                0x080092b2                xTaskCreateStatic
 .text.xTaskCreate
                0x08009372       0x8a ./Middlewares/Third_Party/FreeRTOS/Source/tasks.o
                0x08009372                xTaskCreate
 .text.prvInitialiseNewTask
                0x080093fc      0x140 ./Middlewares/Third_Party/FreeRTOS/Source/tasks.o
 .text.prvAddNewTaskToReadyList
                0x0800953c       0xd4 ./Middlewares/Third_Party/FreeRTOS/Source/tasks.o
 .text.vTaskDelay
                0x08009610       0x6c ./Middlewares/Third_Party/FreeRTOS/Source/tasks.o
                0x08009610                vTaskDelay
 .text.vTaskStartScheduler
                0x0800967c       0xd4 ./Middlewares/Third_Party/FreeRTOS/Source/tasks.o
                0x0800967c                vTaskStartScheduler
 .text.vTaskSuspendAll
                0x08009750       0x1c ./Middlewares/Third_Party/FreeRTOS/Source/tasks.o
                0x08009750                vTaskSuspendAll
 .text.xTaskResumeAll
                0x0800976c      0x13c ./Middlewares/Third_Party/FreeRTOS/Source/tasks.o
                0x0800976c                xTaskResumeAll
 .text.xTaskIncrementTick
                0x080098a8      0x174 ./Middlewares/Third_Party/FreeRTOS/Source/tasks.o
                0x080098a8                xTaskIncrementTick
 .text.vTaskSwitchContext
                0x08009a1c       0xc8 ./Middlewares/Third_Party/FreeRTOS/Source/tasks.o
                0x08009a1c                vTaskSwitchContext
 .text.prvIdleTask
                0x08009ae4       0x30 ./Middlewares/Third_Party/FreeRTOS/Source/tasks.o
 .text.prvInitialiseTaskLists
                0x08009b14       0x80 ./Middlewares/Third_Party/FreeRTOS/Source/tasks.o
 .text.prvCheckTasksWaitingTermination
                0x08009b94       0x5c ./Middlewares/Third_Party/FreeRTOS/Source/tasks.o
 .text.prvDeleteTCB
                0x08009bf0       0x6a ./Middlewares/Third_Party/FreeRTOS/Source/tasks.o
 *fill*         0x08009c5a        0x2 
 .text.prvResetNextTaskUnblockTime
                0x08009c5c       0x40 ./Middlewares/Third_Party/FreeRTOS/Source/tasks.o
 .text.prvAddCurrentTaskToDelayedList
                0x08009c9c       0xcc ./Middlewares/Third_Party/FreeRTOS/Source/tasks.o
 .text.pxPortInitialiseStack
                0x08009d68       0x68 ./Middlewares/Third_Party/FreeRTOS/Source/portable/GCC/ARM_CM4F/port.o
                0x08009d68                pxPortInitialiseStack
 .text.prvTaskExitError
                0x08009dd0       0x5c ./Middlewares/Third_Party/FreeRTOS/Source/portable/GCC/ARM_CM4F/port.o
 *fill*         0x08009e2c        0x4 
 .text.SVC_Handler
                0x08009e30       0x28 ./Middlewares/Third_Party/FreeRTOS/Source/portable/GCC/ARM_CM4F/port.o
                0x08009e30                SVC_Handler
 .text.prvPortStartFirstTask
                0x08009e58       0x28 ./Middlewares/Third_Party/FreeRTOS/Source/portable/GCC/ARM_CM4F/port.o
 .text.xPortStartScheduler
                0x08009e80      0x148 ./Middlewares/Third_Party/FreeRTOS/Source/portable/GCC/ARM_CM4F/port.o
                0x08009e80                xPortStartScheduler
 .text.vPortEnterCritical
                0x08009fc8       0x64 ./Middlewares/Third_Party/FreeRTOS/Source/portable/GCC/ARM_CM4F/port.o
                0x08009fc8                vPortEnterCritical
 .text.vPortExitCritical
                0x0800a02c       0x54 ./Middlewares/Third_Party/FreeRTOS/Source/portable/GCC/ARM_CM4F/port.o
                0x0800a02c                vPortExitCritical
 .text.PendSV_Handler
                0x0800a080       0x68 ./Middlewares/Third_Party/FreeRTOS/Source/portable/GCC/ARM_CM4F/port.o
                0x0800a080                PendSV_Handler
 .text.SysTick_Handler
                0x0800a0e8       0x44 ./Middlewares/Third_Party/FreeRTOS/Source/portable/GCC/ARM_CM4F/port.o
                0x0800a0e8                SysTick_Handler
 .text.vPortSetupTimerInterrupt
                0x0800a12c       0x48 ./Middlewares/Third_Party/FreeRTOS/Source/portable/GCC/ARM_CM4F/port.o
                0x0800a12c                vPortSetupTimerInterrupt
 .text.vPortEnableVFP
                0x0800a174       0x14 ./Middlewares/Third_Party/FreeRTOS/Source/portable/GCC/ARM_CM4F/port.o
 .text.pvPortMalloc
                0x0800a188      0x19c ./Middlewares/Third_Party/FreeRTOS/Source/portable/MemMang/heap_4.o
                0x0800a188                pvPortMalloc
 .text.vPortFree
                0x0800a324       0xc8 ./Middlewares/Third_Party/FreeRTOS/Source/portable/MemMang/heap_4.o
                0x0800a324                vPortFree
 .text.prvHeapInit
                0x0800a3ec       0xc4 ./Middlewares/Third_Party/FreeRTOS/Source/portable/MemMang/heap_4.o
 .text.prvInsertBlockIntoFreeList
                0x0800a4b0       0xb4 ./Middlewares/Third_Party/FreeRTOS/Source/portable/MemMang/heap_4.o
 .text.calloc   0x0800a564       0x10 /opt/st/stm32cubeide_1.15.0/plugins/com.st.stm32cube.ide.mcu.externaltools.gnu-tools-for-stm32.12.3.rel1.linux64_1.0.100.202403111256/tools/bin/../lib/gcc/arm-none-eabi/12.3.1/../../../../arm-none-eabi/lib/thumb/v7e-m+dp/hard/libc_nano.a(libc_a-calloc.o)
                0x0800a564                calloc
 .text._calloc_r
                0x0800a574       0x28 /opt/st/stm32cubeide_1.15.0/plugins/com.st.stm32cube.ide.mcu.externaltools.gnu-tools-for-stm32.12.3.rel1.linux64_1.0.100.202403111256/tools/bin/../lib/gcc/arm-none-eabi/12.3.1/../../../../arm-none-eabi/lib/thumb/v7e-m+dp/hard/libc_nano.a(libc_a-callocr.o)
                0x0800a574                _calloc_r
 .text.sbrk_aligned
                0x0800a59c       0x44 /opt/st/stm32cubeide_1.15.0/plugins/com.st.stm32cube.ide.mcu.externaltools.gnu-tools-for-stm32.12.3.rel1.linux64_1.0.100.202403111256/tools/bin/../lib/gcc/arm-none-eabi/12.3.1/../../../../arm-none-eabi/lib/thumb/v7e-m+dp/hard/libc_nano.a(libc_a-mallocr.o)
 .text._malloc_r
                0x0800a5e0      0x100 /opt/st/stm32cubeide_1.15.0/plugins/com.st.stm32cube.ide.mcu.externaltools.gnu-tools-for-stm32.12.3.rel1.linux64_1.0.100.202403111256/tools/bin/../lib/gcc/arm-none-eabi/12.3.1/../../../../arm-none-eabi/lib/thumb/v7e-m+dp/hard/libc_nano.a(libc_a-mallocr.o)
                0x0800a5e0                _malloc_r
 .text.__malloc_lock
                0x0800a6e0        0xc /opt/st/stm32cubeide_1.15.0/plugins/com.st.stm32cube.ide.mcu.externaltools.gnu-tools-for-stm32.12.3.rel1.linux64_1.0.100.202403111256/tools/bin/../lib/gcc/arm-none-eabi/12.3.1/../../../../arm-none-eabi/lib/thumb/v7e-m+dp/hard/libc_nano.a(libc_a-mlock.o)
                0x0800a6e0                __malloc_lock
 .text.__malloc_unlock
                0x0800a6ec        0xc /opt/st/stm32cubeide_1.15.0/plugins/com.st.stm32cube.ide.mcu.externaltools.gnu-tools-for-stm32.12.3.rel1.linux64_1.0.100.202403111256/tools/bin/../lib/gcc/arm-none-eabi/12.3.1/../../../../arm-none-eabi/lib/thumb/v7e-m+dp/hard/libc_nano.a(libc_a-mlock.o)
                0x0800a6ec                __malloc_unlock
 .text.memset   0x0800a6f8       0x10 /opt/st/stm32cubeide_1.15.0/plugins/com.st.stm32cube.ide.mcu.externaltools.gnu-tools-for-stm32.12.3.rel1.linux64_1.0.100.202403111256/tools/bin/../lib/gcc/arm-none-eabi/12.3.1/../../../../arm-none-eabi/lib/thumb/v7e-m+dp/hard/libc_nano.a(libc_a-memset.o)
                0x0800a6f8                memset
 .text._reclaim_reent
                0x0800a708       0xac /opt/st/stm32cubeide_1.15.0/plugins/com.st.stm32cube.ide.mcu.externaltools.gnu-tools-for-stm32.12.3.rel1.linux64_1.0.100.202403111256/tools/bin/../lib/gcc/arm-none-eabi/12.3.1/../../../../arm-none-eabi/lib/thumb/v7e-m+dp/hard/libc_nano.a(libc_a-reent.o)
                0x0800a708                _reclaim_reent
 .text._sbrk_r  0x0800a7b4       0x20 /opt/st/stm32cubeide_1.15.0/plugins/com.st.stm32cube.ide.mcu.externaltools.gnu-tools-for-stm32.12.3.rel1.linux64_1.0.100.202403111256/tools/bin/../lib/gcc/arm-none-eabi/12.3.1/../../../../arm-none-eabi/lib/thumb/v7e-m+dp/hard/libc_nano.a(libc_a-sbrkr.o)
                0x0800a7b4                _sbrk_r
 .text.__errno  0x0800a7d4        0xc /opt/st/stm32cubeide_1.15.0/plugins/com.st.stm32cube.ide.mcu.externaltools.gnu-tools-for-stm32.12.3.rel1.linux64_1.0.100.202403111256/tools/bin/../lib/gcc/arm-none-eabi/12.3.1/../../../../arm-none-eabi/lib/thumb/v7e-m+dp/hard/libc_nano.a(libc_a-errno.o)
                0x0800a7d4                __errno
 .text.__libc_init_array
                0x0800a7e0       0x48 /opt/st/stm32cubeide_1.15.0/plugins/com.st.stm32cube.ide.mcu.externaltools.gnu-tools-for-stm32.12.3.rel1.linux64_1.0.100.202403111256/tools/bin/../lib/gcc/arm-none-eabi/12.3.1/../../../../arm-none-eabi/lib/thumb/v7e-m+dp/hard/libc_nano.a(libc_a-init.o)
                0x0800a7e0                __libc_init_array
 .text.__retarget_lock_acquire_recursive
                0x0800a828        0x2 /opt/st/stm32cubeide_1.15.0/plugins/com.st.stm32cube.ide.mcu.externaltools.gnu-tools-for-stm32.12.3.rel1.linux64_1.0.100.202403111256/tools/bin/../lib/gcc/arm-none-eabi/12.3.1/../../../../arm-none-eabi/lib/thumb/v7e-m+dp/hard/libc_nano.a(libc_a-lock.o)
                0x0800a828                __retarget_lock_acquire_recursive
 .text.__retarget_lock_release_recursive
                0x0800a82a        0x2 /opt/st/stm32cubeide_1.15.0/plugins/com.st.stm32cube.ide.mcu.externaltools.gnu-tools-for-stm32.12.3.rel1.linux64_1.0.100.202403111256/tools/bin/../lib/gcc/arm-none-eabi/12.3.1/../../../../arm-none-eabi/lib/thumb/v7e-m+dp/hard/libc_nano.a(libc_a-lock.o)
                0x0800a82a                __retarget_lock_release_recursive
 .text.memcpy   0x0800a82c       0x1c /opt/st/stm32cubeide_1.15.0/plugins/com.st.stm32cube.ide.mcu.externaltools.gnu-tools-for-stm32.12.3.rel1.linux64_1.0.100.202403111256/tools/bin/../lib/gcc/arm-none-eabi/12.3.1/../../../../arm-none-eabi/lib/thumb/v7e-m+dp/hard/libc_nano.a(libc_a-memcpy-stub.o)
                0x0800a82c                memcpy
 .text._free_r  0x0800a848       0x94 /opt/st/stm32cubeide_1.15.0/plugins/com.st.stm32cube.ide.mcu.externaltools.gnu-tools-for-stm32.12.3.rel1.linux64_1.0.100.202403111256/tools/bin/../lib/gcc/arm-none-eabi/12.3.1/../../../../arm-none-eabi/lib/thumb/v7e-m+dp/hard/libc_nano.a(libc_a-freer.o)
                0x0800a848                _free_r
 *(.glue_7)
 .glue_7        0x0800a8dc        0x0 linker stubs
 *(.glue_7t)
 .glue_7t       0x0800a8dc        0x0 linker stubs
 *(.eh_frame)
 .eh_frame      0x0800a8dc        0x0 /opt/st/stm32cubeide_1.15.0/plugins/com.st.stm32cube.ide.mcu.externaltools.gnu-tools-for-stm32.12.3.rel1.linux64_1.0.100.202403111256/tools/bin/../lib/gcc/arm-none-eabi/12.3.1/thumb/v7e-m+dp/hard/crtbegin.o
 *(.init)
 .init          0x0800a8dc        0x4 /opt/st/stm32cubeide_1.15.0/plugins/com.st.stm32cube.ide.mcu.externaltools.gnu-tools-for-stm32.12.3.rel1.linux64_1.0.100.202403111256/tools/bin/../lib/gcc/arm-none-eabi/12.3.1/thumb/v7e-m+dp/hard/crti.o
                0x0800a8dc                _init
 .init          0x0800a8e0        0x8 /opt/st/stm32cubeide_1.15.0/plugins/com.st.stm32cube.ide.mcu.externaltools.gnu-tools-for-stm32.12.3.rel1.linux64_1.0.100.202403111256/tools/bin/../lib/gcc/arm-none-eabi/12.3.1/thumb/v7e-m+dp/hard/crtn.o
 *(.fini)
 .fini          0x0800a8e8        0x4 /opt/st/stm32cubeide_1.15.0/plugins/com.st.stm32cube.ide.mcu.externaltools.gnu-tools-for-stm32.12.3.rel1.linux64_1.0.100.202403111256/tools/bin/../lib/gcc/arm-none-eabi/12.3.1/thumb/v7e-m+dp/hard/crti.o
                0x0800a8e8                _fini
 .fini          0x0800a8ec        0x8 /opt/st/stm32cubeide_1.15.0/plugins/com.st.stm32cube.ide.mcu.externaltools.gnu-tools-for-stm32.12.3.rel1.linux64_1.0.100.202403111256/tools/bin/../lib/gcc/arm-none-eabi/12.3.1/thumb/v7e-m+dp/hard/crtn.o
                0x0800a8f4                        . = ALIGN (0x4)
                0x0800a8f4                        _etext = .

.vfp11_veneer   0x0800a8f4        0x0
 .vfp11_veneer  0x0800a8f4        0x0 linker stubs

.v4_bx          0x0800a8f4        0x0
 .v4_bx         0x0800a8f4        0x0 linker stubs

.iplt           0x0800a8f4        0x0
 .iplt          0x0800a8f4        0x0 /opt/st/stm32cubeide_1.15.0/plugins/com.st.stm32cube.ide.mcu.externaltools.gnu-tools-for-stm32.12.3.rel1.linux64_1.0.100.202403111256/tools/bin/../lib/gcc/arm-none-eabi/12.3.1/thumb/v7e-m+dp/hard/crtbegin.o

.rodata         0x0800a8f4       0xa4
                0x0800a8f4                        . = ALIGN (0x4)
 *(.rodata)
 .rodata        0x0800a8f4       0x28 ./Core/Src/main.o
 .rodata        0x0800a91c       0x4c ./Drivers/STM32H7xx_HAL_Driver/Src/stm32h7xx_hal_fdcan.o
 .rodata        0x0800a968        0x5 ./Middlewares/Third_Party/FreeRTOS/Source/tasks.o
 *(.rodata*)
 *fill*         0x0800a96d        0x3 
 .rodata.D1CorePrescTable
                0x0800a970       0x10 ./Core/Src/system_stm32h7xx.o
                0x0800a970                D1CorePrescTable
 .rodata.flagBitshiftOffset.0
                0x0800a980        0x8 ./Drivers/STM32H7xx_HAL_Driver/Src/stm32h7xx_hal_dma.o
 .rodata.numerator.1
                0x0800a988        0x8 ./Drivers/STM32H7xx_HAL_Driver/Src/stm32h7xx_hal_usart_ex.o
 .rodata.denominator.0
                0x0800a990        0x8 ./Drivers/STM32H7xx_HAL_Driver/Src/stm32h7xx_hal_usart_ex.o
                0x0800a998                        . = ALIGN (0x4)

.rel.dyn        0x0800a998        0x0
 .rel.iplt      0x0800a998        0x0 /opt/st/stm32cubeide_1.15.0/plugins/com.st.stm32cube.ide.mcu.externaltools.gnu-tools-for-stm32.12.3.rel1.linux64_1.0.100.202403111256/tools/bin/../lib/gcc/arm-none-eabi/12.3.1/thumb/v7e-m+dp/hard/crtbegin.o

.ARM.extab
 *(.ARM.extab* .gnu.linkonce.armextab.*)

.ARM            0x0800a998        0x0
                0x0800a998                        __exidx_start = .
 *(.ARM.exidx*)
                0x0800a998                        __exidx_end = .

.preinit_array  0x0800a998        0x0
                0x0800a998                        PROVIDE (__preinit_array_start = .)
 *(.preinit_array*)
                0x0800a998                        PROVIDE (__preinit_array_end = .)

.init_array     0x0800a998        0x4
                0x0800a998                        PROVIDE (__init_array_start = .)
 *(SORT_BY_NAME(.init_array.*))
 *(.init_array*)
 .init_array    0x0800a998        0x4 /opt/st/stm32cubeide_1.15.0/plugins/com.st.stm32cube.ide.mcu.externaltools.gnu-tools-for-stm32.12.3.rel1.linux64_1.0.100.202403111256/tools/bin/../lib/gcc/arm-none-eabi/12.3.1/thumb/v7e-m+dp/hard/crtbegin.o
                0x0800a99c                        PROVIDE (__init_array_end = .)

.fini_array     0x0800a99c        0x4
                [!provide]                        PROVIDE (__fini_array_start = .)
 *(SORT_BY_NAME(.fini_array.*))
 *(.fini_array*)
 .fini_array    0x0800a99c        0x4 /opt/st/stm32cubeide_1.15.0/plugins/com.st.stm32cube.ide.mcu.externaltools.gnu-tools-for-stm32.12.3.rel1.linux64_1.0.100.202403111256/tools/bin/../lib/gcc/arm-none-eabi/12.3.1/thumb/v7e-m+dp/hard/crtbegin.o
                [!provide]                        PROVIDE (__fini_array_end = .)
                0x0800a9a0                        _sidata = LOADADDR (.data)

.data           0x24000000       0x64 load address 0x0800a9a0
                0x24000000                        . = ALIGN (0x4)
                0x24000000                        _sdata = .
 *(.data)
 *(.data*)
 .data.SystemCoreClock
                0x24000000        0x4 ./Core/Src/system_stm32h7xx.o
                0x24000000                SystemCoreClock
 .data.SystemD2Clock
                0x24000004        0x4 ./Core/Src/system_stm32h7xx.o
                0x24000004                SystemD2Clock
 .data.uwTickPrio
                0x24000008        0x4 ./Drivers/STM32H7xx_HAL_Driver/Src/stm32h7xx_hal.o
                0x24000008                uwTickPrio
 .data.uwTickFreq
                0x2400000c        0x1 ./Drivers/STM32H7xx_HAL_Driver/Src/stm32h7xx_hal.o
                0x2400000c                uwTickFreq
 *fill*         0x2400000d        0x3 
 .data.uxCriticalNesting
                0x24000010        0x4 ./Middlewares/Third_Party/FreeRTOS/Source/portable/GCC/ARM_CM4F/port.o
 .data._impure_ptr
                0x24000014        0x4 /opt/st/stm32cubeide_1.15.0/plugins/com.st.stm32cube.ide.mcu.externaltools.gnu-tools-for-stm32.12.3.rel1.linux64_1.0.100.202403111256/tools/bin/../lib/gcc/arm-none-eabi/12.3.1/../../../../arm-none-eabi/lib/thumb/v7e-m+dp/hard/libc_nano.a(libc_a-impure.o)
                0x24000014                _impure_ptr
 .data._impure_data
                0x24000018       0x4c /opt/st/stm32cubeide_1.15.0/plugins/com.st.stm32cube.ide.mcu.externaltools.gnu-tools-for-stm32.12.3.rel1.linux64_1.0.100.202403111256/tools/bin/../lib/gcc/arm-none-eabi/12.3.1/../../../../arm-none-eabi/lib/thumb/v7e-m+dp/hard/libc_nano.a(libc_a-impure.o)
                0x24000018                _impure_data
 *(.RamFunc)
 *(.RamFunc*)
                0x24000064                        . = ALIGN (0x4)
                0x24000064                        _edata = .

.igot.plt       0x24000064        0x0 load address 0x0800aa04
 .igot.plt      0x24000064        0x0 /opt/st/stm32cubeide_1.15.0/plugins/com.st.stm32cube.ide.mcu.externaltools.gnu-tools-for-stm32.12.3.rel1.linux64_1.0.100.202403111256/tools/bin/../lib/gcc/arm-none-eabi/12.3.1/thumb/v7e-m+dp/hard/crtbegin.o
                0x24000064                        . = ALIGN (0x4)

.bss            0x24000064     0x4660 load address 0x0800aa04
                0x24000064                        _sbss = .
                0x24000064                        __bss_start__ = _sbss
 *(.bss)
 .bss           0x24000064       0x1c /opt/st/stm32cubeide_1.15.0/plugins/com.st.stm32cube.ide.mcu.externaltools.gnu-tools-for-stm32.12.3.rel1.linux64_1.0.100.202403111256/tools/bin/../lib/gcc/arm-none-eabi/12.3.1/thumb/v7e-m+dp/hard/crtbegin.o
 *(.bss*)
 .bss.xIdleTaskTCBBuffer
                0x24000080       0xa0 ./Core/Src/freertos.o
 .bss.xIdleStack
                0x24000120      0x200 ./Core/Src/freertos.o
 .bss.pec_table
                0x24000320      0x200 ./Core/Src/ltc.o
 .bss.hadc2     0x24000520       0x64 ./Core/Src/main.o
                0x24000520                hadc2
 .bss.hfdcan1   0x24000584       0xa0 ./Core/Src/main.o
                0x24000584                hfdcan1
 .bss.hi2c1     0x24000624       0x4c ./Core/Src/main.o
                0x24000624                hi2c1
 .bss.hspi1     0x24000670       0x88 ./Core/Src/main.o
                0x24000670                hspi1
 .bss.husart1   0x240006f8       0x60 ./Core/Src/main.o
                0x240006f8                husart1
 .bss.hdma_dma_generator0
                0x24000758       0x78 ./Core/Src/main.o
                0x24000758                hdma_dma_generator0
 .bss.defaultTaskHandle
                0x240007d0        0x4 ./Core/Src/main.o
                0x240007d0                defaultTaskHandle
 .bss.htim1     0x240007d4       0x4c ./Core/Src/stm32h7xx_hal_timebase_tim.o
                0x240007d4                htim1
 .bss.__sbrk_heap_end
                0x24000820        0x4 ./Core/Src/sysmem.o
 .bss.uwTick    0x24000824        0x4 ./Drivers/STM32H7xx_HAL_Driver/Src/stm32h7xx_hal.o
                0x24000824                uwTick
 .bss.pxCurrentTCB
                0x24000828        0x4 ./Middlewares/Third_Party/FreeRTOS/Source/tasks.o
                0x24000828                pxCurrentTCB
 .bss.pxReadyTasksLists
                0x2400082c       0x8c ./Middlewares/Third_Party/FreeRTOS/Source/tasks.o
 .bss.xDelayedTaskList1
                0x240008b8       0x14 ./Middlewares/Third_Party/FreeRTOS/Source/tasks.o
 .bss.xDelayedTaskList2
                0x240008cc       0x14 ./Middlewares/Third_Party/FreeRTOS/Source/tasks.o
 .bss.pxDelayedTaskList
                0x240008e0        0x4 ./Middlewares/Third_Party/FreeRTOS/Source/tasks.o
 .bss.pxOverflowDelayedTaskList
                0x240008e4        0x4 ./Middlewares/Third_Party/FreeRTOS/Source/tasks.o
 .bss.xPendingReadyList
                0x240008e8       0x14 ./Middlewares/Third_Party/FreeRTOS/Source/tasks.o
 .bss.xTasksWaitingTermination
                0x240008fc       0x14 ./Middlewares/Third_Party/FreeRTOS/Source/tasks.o
 .bss.uxDeletedTasksWaitingCleanUp
                0x24000910        0x4 ./Middlewares/Third_Party/FreeRTOS/Source/tasks.o
 .bss.xSuspendedTaskList
                0x24000914       0x14 ./Middlewares/Third_Party/FreeRTOS/Source/tasks.o
 .bss.uxCurrentNumberOfTasks
                0x24000928        0x4 ./Middlewares/Third_Party/FreeRTOS/Source/tasks.o
 .bss.xTickCount
                0x2400092c        0x4 ./Middlewares/Third_Party/FreeRTOS/Source/tasks.o
 .bss.uxTopReadyPriority
                0x24000930        0x4 ./Middlewares/Third_Party/FreeRTOS/Source/tasks.o
 .bss.xSchedulerRunning
                0x24000934        0x4 ./Middlewares/Third_Party/FreeRTOS/Source/tasks.o
 .bss.xPendedTicks
                0x24000938        0x4 ./Middlewares/Third_Party/FreeRTOS/Source/tasks.o
 .bss.xYieldPending
                0x2400093c        0x4 ./Middlewares/Third_Party/FreeRTOS/Source/tasks.o
 .bss.xNumOfOverflows
                0x24000940        0x4 ./Middlewares/Third_Party/FreeRTOS/Source/tasks.o
 .bss.uxTaskNumber
                0x24000944        0x4 ./Middlewares/Third_Party/FreeRTOS/Source/tasks.o
 .bss.xNextTaskUnblockTime
                0x24000948        0x4 ./Middlewares/Third_Party/FreeRTOS/Source/tasks.o
 .bss.xIdleTaskHandle
                0x2400094c        0x4 ./Middlewares/Third_Party/FreeRTOS/Source/tasks.o
 .bss.uxSchedulerSuspended
                0x24000950        0x4 ./Middlewares/Third_Party/FreeRTOS/Source/tasks.o
 .bss.ucMaxSysCallPriority
                0x24000954        0x1 ./Middlewares/Third_Party/FreeRTOS/Source/portable/GCC/ARM_CM4F/port.o
 *fill*         0x24000955        0x3 
 .bss.ulMaxPRIGROUPValue
                0x24000958        0x4 ./Middlewares/Third_Party/FreeRTOS/Source/portable/GCC/ARM_CM4F/port.o
 .bss.ucHeap    0x2400095c     0x3c00 ./Middlewares/Third_Party/FreeRTOS/Source/portable/MemMang/heap_4.o
 .bss.xStart    0x2400455c        0x8 ./Middlewares/Third_Party/FreeRTOS/Source/portable/MemMang/heap_4.o
 .bss.pxEnd     0x24004564        0x4 ./Middlewares/Third_Party/FreeRTOS/Source/portable/MemMang/heap_4.o
 .bss.xFreeBytesRemaining
                0x24004568        0x4 ./Middlewares/Third_Party/FreeRTOS/Source/portable/MemMang/heap_4.o
 .bss.xMinimumEverFreeBytesRemaining
                0x2400456c        0x4 ./Middlewares/Third_Party/FreeRTOS/Source/portable/MemMang/heap_4.o
 .bss.xNumberOfSuccessfulAllocations
                0x24004570        0x4 ./Middlewares/Third_Party/FreeRTOS/Source/portable/MemMang/heap_4.o
 .bss.xNumberOfSuccessfulFrees
                0x24004574        0x4 ./Middlewares/Third_Party/FreeRTOS/Source/portable/MemMang/heap_4.o
 .bss.xBlockAllocatedBit
                0x24004578        0x4 ./Middlewares/Third_Party/FreeRTOS/Source/portable/MemMang/heap_4.o
 .bss.__malloc_sbrk_start
                0x2400457c        0x4 /opt/st/stm32cubeide_1.15.0/plugins/com.st.stm32cube.ide.mcu.externaltools.gnu-tools-for-stm32.12.3.rel1.linux64_1.0.100.202403111256/tools/bin/../lib/gcc/arm-none-eabi/12.3.1/../../../../arm-none-eabi/lib/thumb/v7e-m+dp/hard/libc_nano.a(libc_a-mallocr.o)
                0x2400457c                __malloc_sbrk_start
 .bss.__malloc_free_list
                0x24004580        0x4 /opt/st/stm32cubeide_1.15.0/plugins/com.st.stm32cube.ide.mcu.externaltools.gnu-tools-for-stm32.12.3.rel1.linux64_1.0.100.202403111256/tools/bin/../lib/gcc/arm-none-eabi/12.3.1/../../../../arm-none-eabi/lib/thumb/v7e-m+dp/hard/libc_nano.a(libc_a-mallocr.o)
                0x24004580                __malloc_free_list
 .bss.__sf      0x24004584      0x138 /opt/st/stm32cubeide_1.15.0/plugins/com.st.stm32cube.ide.mcu.externaltools.gnu-tools-for-stm32.12.3.rel1.linux64_1.0.100.202403111256/tools/bin/../lib/gcc/arm-none-eabi/12.3.1/../../../../arm-none-eabi/lib/thumb/v7e-m+dp/hard/libc_nano.a(libc_a-findfp.o)
                0x24004584                __sf
 .bss.errno     0x240046bc        0x4 /opt/st/stm32cubeide_1.15.0/plugins/com.st.stm32cube.ide.mcu.externaltools.gnu-tools-for-stm32.12.3.rel1.linux64_1.0.100.202403111256/tools/bin/../lib/gcc/arm-none-eabi/12.3.1/../../../../arm-none-eabi/lib/thumb/v7e-m+dp/hard/libc_nano.a(libc_a-reent.o)
                0x240046bc                errno
 .bss.__lock___malloc_recursive_mutex
                0x240046c0        0x1 /opt/st/stm32cubeide_1.15.0/plugins/com.st.stm32cube.ide.mcu.externaltools.gnu-tools-for-stm32.12.3.rel1.linux64_1.0.100.202403111256/tools/bin/../lib/gcc/arm-none-eabi/12.3.1/../../../../arm-none-eabi/lib/thumb/v7e-m+dp/hard/libc_nano.a(libc_a-lock.o)
                0x240046c0                __lock___malloc_recursive_mutex
 *(COMMON)
                0x240046c4                        . = ALIGN (0x4)
 *fill*         0x240046c1        0x3 
                0x240046c4                        _ebss = .
                0x240046c4                        __bss_end__ = _ebss

._user_heap_stack
                0x240046c4      0x604 load address 0x0800aa04
                0x240046c8                        . = ALIGN (0x8)
 *fill*         0x240046c4        0x4 
                [!provide]                        PROVIDE (end = .)
                0x240046c8                        PROVIDE (_end = .)
                0x240048c8                        . = (. + _Min_Heap_Size)
 *fill*         0x240046c8      0x200 
                0x24004cc8                        . = (. + _Min_Stack_Size)
 *fill*         0x240048c8      0x400 
                0x24004cc8                        . = ALIGN (0x8)

/DISCARD/
 libc.a(*)
 libm.a(*)
 libgcc.a(*)

.ARM.attributes
                0x00000000       0x2e
 *(.ARM.attributes)
 .ARM.attributes
                0x00000000       0x20 /opt/st/stm32cubeide_1.15.0/plugins/com.st.stm32cube.ide.mcu.externaltools.gnu-tools-for-stm32.12.3.rel1.linux64_1.0.100.202403111256/tools/bin/../lib/gcc/arm-none-eabi/12.3.1/thumb/v7e-m+dp/hard/crti.o
 .ARM.attributes
                0x00000020       0x32 /opt/st/stm32cubeide_1.15.0/plugins/com.st.stm32cube.ide.mcu.externaltools.gnu-tools-for-stm32.12.3.rel1.linux64_1.0.100.202403111256/tools/bin/../lib/gcc/arm-none-eabi/12.3.1/thumb/v7e-m+dp/hard/crtbegin.o
 .ARM.attributes
                0x00000052       0x32 ./Core/Src/bms.o
 .ARM.attributes
                0x00000084       0x32 ./Core/Src/freertos.o
 .ARM.attributes
                0x000000b6       0x32 ./Core/Src/ltc.o
 .ARM.attributes
                0x000000e8       0x32 ./Core/Src/main.o
 .ARM.attributes
                0x0000011a       0x32 ./Core/Src/stm32h7xx_hal_msp.o
 .ARM.attributes
                0x0000014c       0x32 ./Core/Src/stm32h7xx_hal_timebase_tim.o
 .ARM.attributes
                0x0000017e       0x32 ./Core/Src/stm32h7xx_it.o
 .ARM.attributes
                0x000001b0       0x32 ./Core/Src/sysmem.o
 .ARM.attributes
                0x000001e2       0x32 ./Core/Src/system_stm32h7xx.o
 .ARM.attributes
                0x00000214       0x21 ./Core/Startup/startup_stm32h743vitx.o
 .ARM.attributes
                0x00000235       0x32 ./Drivers/STM32H7xx_HAL_Driver/Src/stm32h7xx_hal.o
 .ARM.attributes
                0x00000267       0x32 ./Drivers/STM32H7xx_HAL_Driver/Src/stm32h7xx_hal_adc.o
 .ARM.attributes
                0x00000299       0x32 ./Drivers/STM32H7xx_HAL_Driver/Src/stm32h7xx_hal_cortex.o
 .ARM.attributes
                0x000002cb       0x32 ./Drivers/STM32H7xx_HAL_Driver/Src/stm32h7xx_hal_dma.o
 .ARM.attributes
                0x000002fd       0x32 ./Drivers/STM32H7xx_HAL_Driver/Src/stm32h7xx_hal_fdcan.o
 .ARM.attributes
                0x0000032f       0x32 ./Drivers/STM32H7xx_HAL_Driver/Src/stm32h7xx_hal_gpio.o
 .ARM.attributes
                0x00000361       0x32 ./Drivers/STM32H7xx_HAL_Driver/Src/stm32h7xx_hal_i2c.o
 .ARM.attributes
                0x00000393       0x32 ./Drivers/STM32H7xx_HAL_Driver/Src/stm32h7xx_hal_i2c_ex.o
 .ARM.attributes
                0x000003c5       0x32 ./Drivers/STM32H7xx_HAL_Driver/Src/stm32h7xx_hal_pwr_ex.o
 .ARM.attributes
                0x000003f7       0x32 ./Drivers/STM32H7xx_HAL_Driver/Src/stm32h7xx_hal_rcc.o
 .ARM.attributes
                0x00000429       0x32 ./Drivers/STM32H7xx_HAL_Driver/Src/stm32h7xx_hal_rcc_ex.o
 .ARM.attributes
                0x0000045b       0x32 ./Drivers/STM32H7xx_HAL_Driver/Src/stm32h7xx_hal_spi.o
 .ARM.attributes
                0x0000048d       0x32 ./Drivers/STM32H7xx_HAL_Driver/Src/stm32h7xx_hal_tim.o
 .ARM.attributes
                0x000004bf       0x32 ./Drivers/STM32H7xx_HAL_Driver/Src/stm32h7xx_hal_tim_ex.o
 .ARM.attributes
                0x000004f1       0x32 ./Drivers/STM32H7xx_HAL_Driver/Src/stm32h7xx_hal_usart.o
 .ARM.attributes
                0x00000523       0x32 ./Drivers/STM32H7xx_HAL_Driver/Src/stm32h7xx_hal_usart_ex.o
 .ARM.attributes
                0x00000555       0x32 ./Middlewares/Third_Party/FreeRTOS/Source/CMSIS_RTOS/cmsis_os.o
 .ARM.attributes
                0x00000587       0x32 ./Middlewares/Third_Party/FreeRTOS/Source/list.o
 .ARM.attributes
                0x000005b9       0x32 ./Middlewares/Third_Party/FreeRTOS/Source/tasks.o
 .ARM.attributes
                0x000005eb       0x32 ./Middlewares/Third_Party/FreeRTOS/Source/portable/GCC/ARM_CM4F/port.o
 .ARM.attributes
                0x0000061d       0x32 ./Middlewares/Third_Party/FreeRTOS/Source/portable/MemMang/heap_4.o
 .ARM.attributes
                0x0000064f       0x32 /opt/st/stm32cubeide_1.15.0/plugins/com.st.stm32cube.ide.mcu.externaltools.gnu-tools-for-stm32.12.3.rel1.linux64_1.0.100.202403111256/tools/bin/../lib/gcc/arm-none-eabi/12.3.1/../../../../arm-none-eabi/lib/thumb/v7e-m+dp/hard/libc_nano.a(libc_a-calloc.o)
 .ARM.attributes
                0x00000681       0x32 /opt/st/stm32cubeide_1.15.0/plugins/com.st.stm32cube.ide.mcu.externaltools.gnu-tools-for-stm32.12.3.rel1.linux64_1.0.100.202403111256/tools/bin/../lib/gcc/arm-none-eabi/12.3.1/../../../../arm-none-eabi/lib/thumb/v7e-m+dp/hard/libc_nano.a(libc_a-callocr.o)
 .ARM.attributes
                0x000006b3       0x32 /opt/st/stm32cubeide_1.15.0/plugins/com.st.stm32cube.ide.mcu.externaltools.gnu-tools-for-stm32.12.3.rel1.linux64_1.0.100.202403111256/tools/bin/../lib/gcc/arm-none-eabi/12.3.1/../../../../arm-none-eabi/lib/thumb/v7e-m+dp/hard/libc_nano.a(libc_a-mallocr.o)
 .ARM.attributes
                0x000006e5       0x32 /opt/st/stm32cubeide_1.15.0/plugins/com.st.stm32cube.ide.mcu.externaltools.gnu-tools-for-stm32.12.3.rel1.linux64_1.0.100.202403111256/tools/bin/../lib/gcc/arm-none-eabi/12.3.1/../../../../arm-none-eabi/lib/thumb/v7e-m+dp/hard/libc_nano.a(libc_a-mlock.o)
 .ARM.attributes
                0x00000717       0x32 /opt/st/stm32cubeide_1.15.0/plugins/com.st.stm32cube.ide.mcu.externaltools.gnu-tools-for-stm32.12.3.rel1.linux64_1.0.100.202403111256/tools/bin/../lib/gcc/arm-none-eabi/12.3.1/../../../../arm-none-eabi/lib/thumb/v7e-m+dp/hard/libc_nano.a(libc_a-findfp.o)
 .ARM.attributes
                0x00000749       0x32 /opt/st/stm32cubeide_1.15.0/plugins/com.st.stm32cube.ide.mcu.externaltools.gnu-tools-for-stm32.12.3.rel1.linux64_1.0.100.202403111256/tools/bin/../lib/gcc/arm-none-eabi/12.3.1/../../../../arm-none-eabi/lib/thumb/v7e-m+dp/hard/libc_nano.a(libc_a-memset.o)
 .ARM.attributes
                0x0000077b       0x32 /opt/st/stm32cubeide_1.15.0/plugins/com.st.stm32cube.ide.mcu.externaltools.gnu-tools-for-stm32.12.3.rel1.linux64_1.0.100.202403111256/tools/bin/../lib/gcc/arm-none-eabi/12.3.1/../../../../arm-none-eabi/lib/thumb/v7e-m+dp/hard/libc_nano.a(libc_a-reent.o)
 .ARM.attributes
                0x000007ad       0x32 /opt/st/stm32cubeide_1.15.0/plugins/com.st.stm32cube.ide.mcu.externaltools.gnu-tools-for-stm32.12.3.rel1.linux64_1.0.100.202403111256/tools/bin/../lib/gcc/arm-none-eabi/12.3.1/../../../../arm-none-eabi/lib/thumb/v7e-m+dp/hard/libc_nano.a(libc_a-impure.o)
 .ARM.attributes
                0x000007df       0x32 /opt/st/stm32cubeide_1.15.0/plugins/com.st.stm32cube.ide.mcu.externaltools.gnu-tools-for-stm32.12.3.rel1.linux64_1.0.100.202403111256/tools/bin/../lib/gcc/arm-none-eabi/12.3.1/../../../../arm-none-eabi/lib/thumb/v7e-m+dp/hard/libc_nano.a(libc_a-sbrkr.o)
 .ARM.attributes
                0x00000811       0x32 /opt/st/stm32cubeide_1.15.0/plugins/com.st.stm32cube.ide.mcu.externaltools.gnu-tools-for-stm32.12.3.rel1.linux64_1.0.100.202403111256/tools/bin/../lib/gcc/arm-none-eabi/12.3.1/../../../../arm-none-eabi/lib/thumb/v7e-m+dp/hard/libc_nano.a(libc_a-errno.o)
 .ARM.attributes
                0x00000843       0x32 /opt/st/stm32cubeide_1.15.0/plugins/com.st.stm32cube.ide.mcu.externaltools.gnu-tools-for-stm32.12.3.rel1.linux64_1.0.100.202403111256/tools/bin/../lib/gcc/arm-none-eabi/12.3.1/../../../../arm-none-eabi/lib/thumb/v7e-m+dp/hard/libc_nano.a(libc_a-init.o)
 .ARM.attributes
                0x00000875       0x32 /opt/st/stm32cubeide_1.15.0/plugins/com.st.stm32cube.ide.mcu.externaltools.gnu-tools-for-stm32.12.3.rel1.linux64_1.0.100.202403111256/tools/bin/../lib/gcc/arm-none-eabi/12.3.1/../../../../arm-none-eabi/lib/thumb/v7e-m+dp/hard/libc_nano.a(libc_a-lock.o)
 .ARM.attributes
                0x000008a7       0x32 /opt/st/stm32cubeide_1.15.0/plugins/com.st.stm32cube.ide.mcu.externaltools.gnu-tools-for-stm32.12.3.rel1.linux64_1.0.100.202403111256/tools/bin/../lib/gcc/arm-none-eabi/12.3.1/../../../../arm-none-eabi/lib/thumb/v7e-m+dp/hard/libc_nano.a(libc_a-memcpy-stub.o)
 .ARM.attributes
                0x000008d9       0x32 /opt/st/stm32cubeide_1.15.0/plugins/com.st.stm32cube.ide.mcu.externaltools.gnu-tools-for-stm32.12.3.rel1.linux64_1.0.100.202403111256/tools/bin/../lib/gcc/arm-none-eabi/12.3.1/../../../../arm-none-eabi/lib/thumb/v7e-m+dp/hard/libc_nano.a(libc_a-freer.o)
 .ARM.attributes
                0x0000090b       0x20 /opt/st/stm32cubeide_1.15.0/plugins/com.st.stm32cube.ide.mcu.externaltools.gnu-tools-for-stm32.12.3.rel1.linux64_1.0.100.202403111256/tools/bin/../lib/gcc/arm-none-eabi/12.3.1/thumb/v7e-m+dp/hard/crtn.o
OUTPUT(BMS_2024.elf elf32-littlearm)
LOAD linker stubs
LOAD /opt/st/stm32cubeide_1.15.0/plugins/com.st.stm32cube.ide.mcu.externaltools.gnu-tools-for-stm32.12.3.rel1.linux64_1.0.100.202403111256/tools/bin/../lib/gcc/arm-none-eabi/12.3.1/../../../../arm-none-eabi/lib/thumb/v7e-m+dp/hard/libc.a
LOAD /opt/st/stm32cubeide_1.15.0/plugins/com.st.stm32cube.ide.mcu.externaltools.gnu-tools-for-stm32.12.3.rel1.linux64_1.0.100.202403111256/tools/bin/../lib/gcc/arm-none-eabi/12.3.1/../../../../arm-none-eabi/lib/thumb/v7e-m+dp/hard/libm.a
LOAD /opt/st/stm32cubeide_1.15.0/plugins/com.st.stm32cube.ide.mcu.externaltools.gnu-tools-for-stm32.12.3.rel1.linux64_1.0.100.202403111256/tools/bin/../lib/gcc/arm-none-eabi/12.3.1/thumb/v7e-m+dp/hard/libgcc.a

.debug_info     0x00000000    0x25c6c
 .debug_info    0x00000000      0x4ad ./Core/Src/bms.o
 .debug_info    0x000004ad      0x927 ./Core/Src/freertos.o
 .debug_info    0x00000dd4     0x12f8 ./Core/Src/ltc.o
 .debug_info    0x000020cc     0x382c ./Core/Src/main.o
 .debug_info    0x000058f8     0x27c1 ./Core/Src/stm32h7xx_hal_msp.o
 .debug_info    0x000080b9     0x109a ./Core/Src/stm32h7xx_hal_timebase_tim.o
 .debug_info    0x00009153      0x7e6 ./Core/Src/stm32h7xx_it.o
 .debug_info    0x00009939      0x168 ./Core/Src/sysmem.o
 .debug_info    0x00009aa1      0xcef ./Core/Src/system_stm32h7xx.o
 .debug_info    0x0000a790       0x30 ./Core/Startup/startup_stm32h743vitx.o
 .debug_info    0x0000a7c0     0x153b ./Drivers/STM32H7xx_HAL_Driver/Src/stm32h7xx_hal.o
 .debug_info    0x0000bcfb     0x1ebb ./Drivers/STM32H7xx_HAL_Driver/Src/stm32h7xx_hal_adc.o
 .debug_info    0x0000dbb6     0x1060 ./Drivers/STM32H7xx_HAL_Driver/Src/stm32h7xx_hal_cortex.o
 .debug_info    0x0000ec16      0xc27 ./Drivers/STM32H7xx_HAL_Driver/Src/stm32h7xx_hal_dma.o
 .debug_info    0x0000f83d     0x2b87 ./Drivers/STM32H7xx_HAL_Driver/Src/stm32h7xx_hal_fdcan.o
 .debug_info    0x000123c4      0xc4b ./Drivers/STM32H7xx_HAL_Driver/Src/stm32h7xx_hal_gpio.o
 .debug_info    0x0001300f     0x2190 ./Drivers/STM32H7xx_HAL_Driver/Src/stm32h7xx_hal_i2c.o
 .debug_info    0x0001519f      0xd76 ./Drivers/STM32H7xx_HAL_Driver/Src/stm32h7xx_hal_i2c_ex.o
 .debug_info    0x00015f15     0x1008 ./Drivers/STM32H7xx_HAL_Driver/Src/stm32h7xx_hal_pwr_ex.o
 .debug_info    0x00016f1d      0xe7a ./Drivers/STM32H7xx_HAL_Driver/Src/stm32h7xx_hal_rcc.o
 .debug_info    0x00017d97     0x11f2 ./Drivers/STM32H7xx_HAL_Driver/Src/stm32h7xx_hal_rcc_ex.o
 .debug_info    0x00018f89     0x14ab ./Drivers/STM32H7xx_HAL_Driver/Src/stm32h7xx_hal_spi.o
 .debug_info    0x0001a434     0x2b59 ./Drivers/STM32H7xx_HAL_Driver/Src/stm32h7xx_hal_tim.o
 .debug_info    0x0001cf8d     0x17b9 ./Drivers/STM32H7xx_HAL_Driver/Src/stm32h7xx_hal_tim_ex.o
 .debug_info    0x0001e746     0x19d4 ./Drivers/STM32H7xx_HAL_Driver/Src/stm32h7xx_hal_usart.o
 .debug_info    0x0002011a      0x970 ./Drivers/STM32H7xx_HAL_Driver/Src/stm32h7xx_hal_usart_ex.o
 .debug_info    0x00020a8a     0x21e2 ./Middlewares/Third_Party/FreeRTOS/Source/CMSIS_RTOS/cmsis_os.o
 .debug_info    0x00022c6c      0x2af ./Middlewares/Third_Party/FreeRTOS/Source/list.o
 .debug_info    0x00022f1b     0x239e ./Middlewares/Third_Party/FreeRTOS/Source/tasks.o
 .debug_info    0x000252b9      0x4de ./Middlewares/Third_Party/FreeRTOS/Source/portable/GCC/ARM_CM4F/port.o
 .debug_info    0x00025797      0x4d5 ./Middlewares/Third_Party/FreeRTOS/Source/portable/MemMang/heap_4.o

.debug_abbrev   0x00000000     0x4791
 .debug_abbrev  0x00000000      0x1a5 ./Core/Src/bms.o
 .debug_abbrev  0x000001a5      0x16f ./Core/Src/freertos.o
 .debug_abbrev  0x00000314      0x339 ./Core/Src/ltc.o
 .debug_abbrev  0x0000064d      0x3f1 ./Core/Src/main.o
 .debug_abbrev  0x00000a3e      0x259 ./Core/Src/stm32h7xx_hal_msp.o
 .debug_abbrev  0x00000c97      0x212 ./Core/Src/stm32h7xx_hal_timebase_tim.o
 .debug_abbrev  0x00000ea9      0x17b ./Core/Src/stm32h7xx_it.o
 .debug_abbrev  0x00001024       0xbc ./Core/Src/sysmem.o
 .debug_abbrev  0x000010e0      0x14c ./Core/Src/system_stm32h7xx.o
 .debug_abbrev  0x0000122c       0x24 ./Core/Startup/startup_stm32h743vitx.o
 .debug_abbrev  0x00001250      0x295 ./Drivers/STM32H7xx_HAL_Driver/Src/stm32h7xx_hal.o
 .debug_abbrev  0x000014e5      0x2d3 ./Drivers/STM32H7xx_HAL_Driver/Src/stm32h7xx_hal_adc.o
 .debug_abbrev  0x000017b8      0x339 ./Drivers/STM32H7xx_HAL_Driver/Src/stm32h7xx_hal_cortex.o
 .debug_abbrev  0x00001af1      0x248 ./Drivers/STM32H7xx_HAL_Driver/Src/stm32h7xx_hal_dma.o
 .debug_abbrev  0x00001d39      0x288 ./Drivers/STM32H7xx_HAL_Driver/Src/stm32h7xx_hal_fdcan.o
 .debug_abbrev  0x00001fc1      0x1fe ./Drivers/STM32H7xx_HAL_Driver/Src/stm32h7xx_hal_gpio.o
 .debug_abbrev  0x000021bf      0x257 ./Drivers/STM32H7xx_HAL_Driver/Src/stm32h7xx_hal_i2c.o
 .debug_abbrev  0x00002416      0x1f5 ./Drivers/STM32H7xx_HAL_Driver/Src/stm32h7xx_hal_i2c_ex.o
 .debug_abbrev  0x0000260b      0x2a7 ./Drivers/STM32H7xx_HAL_Driver/Src/stm32h7xx_hal_pwr_ex.o
 .debug_abbrev  0x000028b2      0x2c7 ./Drivers/STM32H7xx_HAL_Driver/Src/stm32h7xx_hal_rcc.o
 .debug_abbrev  0x00002b79      0x269 ./Drivers/STM32H7xx_HAL_Driver/Src/stm32h7xx_hal_rcc_ex.o
 .debug_abbrev  0x00002de2      0x2aa ./Drivers/STM32H7xx_HAL_Driver/Src/stm32h7xx_hal_spi.o
 .debug_abbrev  0x0000308c      0x26f ./Drivers/STM32H7xx_HAL_Driver/Src/stm32h7xx_hal_tim.o
 .debug_abbrev  0x000032fb      0x27a ./Drivers/STM32H7xx_HAL_Driver/Src/stm32h7xx_hal_tim_ex.o
 .debug_abbrev  0x00003575      0x2b2 ./Drivers/STM32H7xx_HAL_Driver/Src/stm32h7xx_hal_usart.o
 .debug_abbrev  0x00003827      0x206 ./Drivers/STM32H7xx_HAL_Driver/Src/stm32h7xx_hal_usart_ex.o
 .debug_abbrev  0x00003a2d      0x426 ./Middlewares/Third_Party/FreeRTOS/Source/CMSIS_RTOS/cmsis_os.o
 .debug_abbrev  0x00003e53       0xf5 ./Middlewares/Third_Party/FreeRTOS/Source/list.o
 .debug_abbrev  0x00003f48      0x3d0 ./Middlewares/Third_Party/FreeRTOS/Source/tasks.o
 .debug_abbrev  0x00004318      0x25c ./Middlewares/Third_Party/FreeRTOS/Source/portable/GCC/ARM_CM4F/port.o
 .debug_abbrev  0x00004574      0x21d ./Middlewares/Third_Party/FreeRTOS/Source/portable/MemMang/heap_4.o

.debug_aranges  0x00000000     0x1f50
 .debug_aranges
                0x00000000       0x28 ./Core/Src/bms.o
 .debug_aranges
                0x00000028       0x20 ./Core/Src/freertos.o
 .debug_aranges
                0x00000048       0xb8 ./Core/Src/ltc.o
 .debug_aranges
                0x00000100       0x78 ./Core/Src/main.o
 .debug_aranges
                0x00000178       0x70 ./Core/Src/stm32h7xx_hal_msp.o
 .debug_aranges
                0x000001e8       0x30 ./Core/Src/stm32h7xx_hal_timebase_tim.o
 .debug_aranges
                0x00000218       0x50 ./Core/Src/stm32h7xx_it.o
 .debug_aranges
                0x00000268       0x20 ./Core/Src/sysmem.o
 .debug_aranges
                0x00000288       0x28 ./Core/Src/system_stm32h7xx.o
 .debug_aranges
                0x000002b0       0x28 ./Core/Startup/startup_stm32h743vitx.o
 .debug_aranges
                0x000002d8      0x198 ./Drivers/STM32H7xx_HAL_Driver/Src/stm32h7xx_hal.o
 .debug_aranges
                0x00000470      0x228 ./Drivers/STM32H7xx_HAL_Driver/Src/stm32h7xx_hal_adc.o
 .debug_aranges
                0x00000698      0x120 ./Drivers/STM32H7xx_HAL_Driver/Src/stm32h7xx_hal_cortex.o
 .debug_aranges
                0x000007b8       0xa0 ./Drivers/STM32H7xx_HAL_Driver/Src/stm32h7xx_hal_dma.o
 .debug_aranges
                0x00000858      0x338 ./Drivers/STM32H7xx_HAL_Driver/Src/stm32h7xx_hal_fdcan.o
 .debug_aranges
                0x00000b90       0x58 ./Drivers/STM32H7xx_HAL_Driver/Src/stm32h7xx_hal_gpio.o
 .debug_aranges
                0x00000be8      0x290 ./Drivers/STM32H7xx_HAL_Driver/Src/stm32h7xx_hal_i2c.o
 .debug_aranges
                0x00000e78       0x48 ./Drivers/STM32H7xx_HAL_Driver/Src/stm32h7xx_hal_i2c_ex.o
 .debug_aranges
                0x00000ec0      0x158 ./Drivers/STM32H7xx_HAL_Driver/Src/stm32h7xx_hal_pwr_ex.o
 .debug_aranges
                0x00001018       0x88 ./Drivers/STM32H7xx_HAL_Driver/Src/stm32h7xx_hal_rcc.o
 .debug_aranges
                0x000010a0       0xf8 ./Drivers/STM32H7xx_HAL_Driver/Src/stm32h7xx_hal_rcc_ex.o
 .debug_aranges
                0x00001198      0x1a0 ./Drivers/STM32H7xx_HAL_Driver/Src/stm32h7xx_hal_spi.o
 .debug_aranges
                0x00001338      0x3e0 ./Drivers/STM32H7xx_HAL_Driver/Src/stm32h7xx_hal_tim.o
 .debug_aranges
                0x00001718      0x188 ./Drivers/STM32H7xx_HAL_Driver/Src/stm32h7xx_hal_tim_ex.o
 .debug_aranges
                0x000018a0      0x1a0 ./Drivers/STM32H7xx_HAL_Driver/Src/stm32h7xx_hal_usart.o
 .debug_aranges
                0x00001a40       0x68 ./Drivers/STM32H7xx_HAL_Driver/Src/stm32h7xx_hal_usart_ex.o
 .debug_aranges
                0x00001aa8      0x1d8 ./Middlewares/Third_Party/FreeRTOS/Source/CMSIS_RTOS/cmsis_os.o
 .debug_aranges
                0x00001c80       0x40 ./Middlewares/Third_Party/FreeRTOS/Source/list.o
 .debug_aranges
                0x00001cc0      0x1b8 ./Middlewares/Third_Party/FreeRTOS/Source/tasks.o
 .debug_aranges
                0x00001e78       0x80 ./Middlewares/Third_Party/FreeRTOS/Source/portable/GCC/ARM_CM4F/port.o
 .debug_aranges
                0x00001ef8       0x58 ./Middlewares/Third_Party/FreeRTOS/Source/portable/MemMang/heap_4.o

.debug_rnglists
                0x00000000     0x1860
 .debug_rnglists
                0x00000000       0x1b ./Core/Src/bms.o
 .debug_rnglists
                0x0000001b       0x13 ./Core/Src/freertos.o
 .debug_rnglists
                0x0000002e       0x9a ./Core/Src/ltc.o
 .debug_rnglists
                0x000000c8       0x5d ./Core/Src/main.o
 .debug_rnglists
                0x00000125       0x54 ./Core/Src/stm32h7xx_hal_msp.o
 .debug_rnglists
                0x00000179       0x20 ./Core/Src/stm32h7xx_hal_timebase_tim.o
 .debug_rnglists
                0x00000199       0x37 ./Core/Src/stm32h7xx_it.o
 .debug_rnglists
                0x000001d0       0x13 ./Core/Src/sysmem.o
 .debug_rnglists
                0x000001e3       0x1b ./Core/Src/system_stm32h7xx.o
 .debug_rnglists
                0x000001fe       0x19 ./Core/Startup/startup_stm32h743vitx.o
 .debug_rnglists
                0x00000217      0x131 ./Drivers/STM32H7xx_HAL_Driver/Src/stm32h7xx_hal.o
 .debug_rnglists
                0x00000348      0x1a9 ./Drivers/STM32H7xx_HAL_Driver/Src/stm32h7xx_hal_adc.o
 .debug_rnglists
                0x000004f1       0xd4 ./Drivers/STM32H7xx_HAL_Driver/Src/stm32h7xx_hal_cortex.o
 .debug_rnglists
                0x000005c5       0x82 ./Drivers/STM32H7xx_HAL_Driver/Src/stm32h7xx_hal_dma.o
 .debug_rnglists
                0x00000647      0x28b ./Drivers/STM32H7xx_HAL_Driver/Src/stm32h7xx_hal_fdcan.o
 .debug_rnglists
                0x000008d2       0x3f ./Drivers/STM32H7xx_HAL_Driver/Src/stm32h7xx_hal_gpio.o
 .debug_rnglists
                0x00000911      0x21b ./Drivers/STM32H7xx_HAL_Driver/Src/stm32h7xx_hal_i2c.o
 .debug_rnglists
                0x00000b2c       0x35 ./Drivers/STM32H7xx_HAL_Driver/Src/stm32h7xx_hal_i2c_ex.o
 .debug_rnglists
                0x00000b61      0x102 ./Drivers/STM32H7xx_HAL_Driver/Src/stm32h7xx_hal_pwr_ex.o
 .debug_rnglists
                0x00000c63       0x68 ./Drivers/STM32H7xx_HAL_Driver/Src/stm32h7xx_hal_rcc.o
 .debug_rnglists
                0x00000ccb       0xc0 ./Drivers/STM32H7xx_HAL_Driver/Src/stm32h7xx_hal_rcc_ex.o
 .debug_rnglists
                0x00000d8b      0x142 ./Drivers/STM32H7xx_HAL_Driver/Src/stm32h7xx_hal_spi.o
 .debug_rnglists
                0x00000ecd      0x328 ./Drivers/STM32H7xx_HAL_Driver/Src/stm32h7xx_hal_tim.o
 .debug_rnglists
                0x000011f5      0x13f ./Drivers/STM32H7xx_HAL_Driver/Src/stm32h7xx_hal_tim_ex.o
 .debug_rnglists
                0x00001334      0x14e ./Drivers/STM32H7xx_HAL_Driver/Src/stm32h7xx_hal_usart.o
 .debug_rnglists
                0x00001482       0x4b ./Drivers/STM32H7xx_HAL_Driver/Src/stm32h7xx_hal_usart_ex.o
 .debug_rnglists
                0x000014cd      0x16a ./Middlewares/Third_Party/FreeRTOS/Source/CMSIS_RTOS/cmsis_os.o
 .debug_rnglists
                0x00001637       0x2b ./Middlewares/Third_Party/FreeRTOS/Source/list.o
 .debug_rnglists
                0x00001662      0x15f ./Middlewares/Third_Party/FreeRTOS/Source/tasks.o
 .debug_rnglists
                0x000017c1       0x5d ./Middlewares/Third_Party/FreeRTOS/Source/portable/GCC/ARM_CM4F/port.o
 .debug_rnglists
                0x0000181e       0x42 ./Middlewares/Third_Party/FreeRTOS/Source/portable/MemMang/heap_4.o

.debug_macro    0x00000000    0x3d79f
 .debug_macro   0x00000000      0x364 ./Core/Src/bms.o
 .debug_macro   0x00000364      0xacc ./Core/Src/bms.o
 .debug_macro   0x00000e30      0x24a ./Core/Src/bms.o
 .debug_macro   0x0000107a       0x2e ./Core/Src/bms.o
 .debug_macro   0x000010a8       0x3b ./Core/Src/bms.o
 .debug_macro   0x000010e3       0x22 ./Core/Src/bms.o
 .debug_macro   0x00001105       0x8e ./Core/Src/bms.o
 .debug_macro   0x00001193       0x51 ./Core/Src/bms.o
 .debug_macro   0x000011e4      0x103 ./Core/Src/bms.o
 .debug_macro   0x000012e7       0x6a ./Core/Src/bms.o
 .debug_macro   0x00001351      0x1df ./Core/Src/bms.o
 .debug_macro   0x00001530       0x1c ./Core/Src/bms.o
 .debug_macro   0x0000154c       0x22 ./Core/Src/bms.o
 .debug_macro   0x0000156e       0xfb ./Core/Src/bms.o
 .debug_macro   0x00001669     0x1305 ./Core/Src/bms.o
 .debug_macro   0x0000296e      0x11f ./Core/Src/bms.o
 .debug_macro   0x00002a8d       0x27 ./Core/Src/bms.o
 .debug_macro   0x00002ab4    0x2587a ./Core/Src/bms.o
 .debug_macro   0x0002832e       0x6d ./Core/Src/bms.o
 .debug_macro   0x0002839b     0x3d22 ./Core/Src/bms.o
 .debug_macro   0x0002c0bd      0x189 ./Core/Src/bms.o
 .debug_macro   0x0002c246       0x61 ./Core/Src/bms.o
 .debug_macro   0x0002c2a7       0x29 ./Core/Src/bms.o
 .debug_macro   0x0002c2d0       0x43 ./Core/Src/bms.o
 .debug_macro   0x0002c313       0x34 ./Core/Src/bms.o
 .debug_macro   0x0002c347       0x16 ./Core/Src/bms.o
 .debug_macro   0x0002c35d       0x43 ./Core/Src/bms.o
 .debug_macro   0x0002c3a0       0x34 ./Core/Src/bms.o
 .debug_macro   0x0002c3d4       0x10 ./Core/Src/bms.o
 .debug_macro   0x0002c3e4       0x58 ./Core/Src/bms.o
 .debug_macro   0x0002c43c       0x8e ./Core/Src/bms.o
 .debug_macro   0x0002c4ca       0x1c ./Core/Src/bms.o
 .debug_macro   0x0002c4e6      0x177 ./Core/Src/bms.o
 .debug_macro   0x0002c65d      0x369 ./Core/Src/bms.o
 .debug_macro   0x0002c9c6      0x19b ./Core/Src/bms.o
 .debug_macro   0x0002cb61       0x5d ./Core/Src/bms.o
 .debug_macro   0x0002cbbe     0x2382 ./Core/Src/bms.o
 .debug_macro   0x0002ef40     0x1002 ./Core/Src/bms.o
 .debug_macro   0x0002ff42      0x14d ./Core/Src/bms.o
 .debug_macro   0x0003008f      0x114 ./Core/Src/bms.o
 .debug_macro   0x000301a3      0x3b2 ./Core/Src/bms.o
 .debug_macro   0x00030555       0xac ./Core/Src/bms.o
 .debug_macro   0x00030601      0x72d ./Core/Src/bms.o
 .debug_macro   0x00030d2e      0x228 ./Core/Src/bms.o
 .debug_macro   0x00030f56       0x66 ./Core/Src/bms.o
 .debug_macro   0x00030fbc      0x3bb ./Core/Src/bms.o
 .debug_macro   0x00031377      0x3e4 ./Core/Src/bms.o
 .debug_macro   0x0003175b      0x275 ./Core/Src/bms.o
 .debug_macro   0x000319d0     0x1036 ./Core/Src/bms.o
 .debug_macro   0x00032a06      0x6c5 ./Core/Src/bms.o
 .debug_macro   0x000330cb      0x36e ./Core/Src/bms.o
 .debug_macro   0x00033439      0xe42 ./Core/Src/bms.o
 .debug_macro   0x0003427b      0x3ca ./Core/Src/bms.o
 .debug_macro   0x00034645      0x408 ./Core/Src/bms.o
 .debug_macro   0x00034a4d       0x51 ./Core/Src/bms.o
 .debug_macro   0x00034a9e       0x4a ./Core/Src/bms.o
 .debug_macro   0x00034ae8      0x22c ./Core/Src/bms.o
 .debug_macro   0x00034d14       0x67 ./Core/Src/bms.o
 .debug_macro   0x00034d7b       0xa5 ./Core/Src/bms.o
 .debug_macro   0x00034e20      0x1c4 ./Core/Src/bms.o
 .debug_macro   0x00034fe4      0x25e ./Core/Src/bms.o
 .debug_macro   0x00035242       0x35 ./Core/Src/bms.o
 .debug_macro   0x00035277      0x5e4 ./Core/Src/bms.o
 .debug_macro   0x0003585b       0x9e ./Core/Src/bms.o
 .debug_macro   0x000358f9      0xaec ./Core/Src/bms.o
 .debug_macro   0x000363e5      0x29f ./Core/Src/bms.o
 .debug_macro   0x00036684      0x359 ./Core/Src/bms.o
 .debug_macro   0x000369dd       0xb9 ./Core/Src/bms.o
 .debug_macro   0x00036a96      0x5a0 ./Core/Src/bms.o
 .debug_macro   0x00037036       0xac ./Core/Src/bms.o
 .debug_macro   0x000370e2       0x2e ./Core/Src/bms.o
 .debug_macro   0x00037110       0x16 ./Core/Src/bms.o
 .debug_macro   0x00037126       0x35 ./Core/Src/bms.o
 .debug_macro   0x0003715b       0x16 ./Core/Src/bms.o
 .debug_macro   0x00037171       0x29 ./Core/Src/bms.o
 .debug_macro   0x0003719a       0x22 ./Core/Src/bms.o
 .debug_macro   0x000371bc      0x10c ./Core/Src/bms.o
 .debug_macro   0x000372c8      0x37d ./Core/Src/freertos.o
 .debug_macro   0x00037645       0xf1 ./Core/Src/freertos.o
 .debug_macro   0x00037736      0x15a ./Core/Src/freertos.o
 .debug_macro   0x00037890       0xde ./Core/Src/freertos.o
 .debug_macro   0x0003796e       0x1c ./Core/Src/freertos.o
 .debug_macro   0x0003798a       0x26 ./Core/Src/freertos.o
 .debug_macro   0x000379b0       0x10 ./Core/Src/freertos.o
 .debug_macro   0x000379c0      0x4fe ./Core/Src/freertos.o
 .debug_macro   0x00037ebe       0xb5 ./Core/Src/freertos.o
 .debug_macro   0x00037f73       0xaa ./Core/Src/freertos.o
 .debug_macro   0x0003801d      0x366 ./Core/Src/ltc.o
 .debug_macro   0x00038383      0x421 ./Core/Src/main.o
 .debug_macro   0x000387a4       0xf1 ./Core/Src/main.o
 .debug_macro   0x00038895       0x16 ./Core/Src/main.o
 .debug_macro   0x000388ab       0x91 ./Core/Src/main.o
 .debug_macro   0x0003893c       0x8d ./Core/Src/main.o
 .debug_macro   0x000389c9       0x7e ./Core/Src/main.o
 .debug_macro   0x00038a47       0x19 ./Core/Src/main.o
 .debug_macro   0x00038a60       0xf2 ./Core/Src/main.o
 .debug_macro   0x00038b52      0x2fd ./Core/Src/stm32h7xx_hal_msp.o
 .debug_macro   0x00038e4f      0x2ee ./Core/Src/stm32h7xx_hal_timebase_tim.o
 .debug_macro   0x0003913d      0x307 ./Core/Src/stm32h7xx_it.o
 .debug_macro   0x00039444       0xff ./Core/Src/sysmem.o
 .debug_macro   0x00039543      0x23c ./Core/Src/sysmem.o
 .debug_macro   0x0003977f      0x2ee ./Core/Src/system_stm32h7xx.o
 .debug_macro   0x00039a6d      0x318 ./Drivers/STM32H7xx_HAL_Driver/Src/stm32h7xx_hal.o
 .debug_macro   0x00039d85      0x312 ./Drivers/STM32H7xx_HAL_Driver/Src/stm32h7xx_hal_adc.o
 .debug_macro   0x0003a097      0x2ee ./Drivers/STM32H7xx_HAL_Driver/Src/stm32h7xx_hal_cortex.o
 .debug_macro   0x0003a385      0x341 ./Drivers/STM32H7xx_HAL_Driver/Src/stm32h7xx_hal_dma.o
 .debug_macro   0x0003a6c6      0x3b3 ./Drivers/STM32H7xx_HAL_Driver/Src/stm32h7xx_hal_fdcan.o
 .debug_macro   0x0003aa79      0x2f5 ./Drivers/STM32H7xx_HAL_Driver/Src/stm32h7xx_hal_gpio.o
 .debug_macro   0x0003ad6e      0x3ba ./Drivers/STM32H7xx_HAL_Driver/Src/stm32h7xx_hal_i2c.o
 .debug_macro   0x0003b128      0x2ee ./Drivers/STM32H7xx_HAL_Driver/Src/stm32h7xx_hal_i2c_ex.o
 .debug_macro   0x0003b416      0x327 ./Drivers/STM32H7xx_HAL_Driver/Src/stm32h7xx_hal_pwr_ex.o
 .debug_macro   0x0003b73d      0x312 ./Drivers/STM32H7xx_HAL_Driver/Src/stm32h7xx_hal_rcc.o
 .debug_macro   0x0003ba4f      0x30c ./Drivers/STM32H7xx_HAL_Driver/Src/stm32h7xx_hal_rcc_ex.o
 .debug_macro   0x0003bd5b      0x2fd ./Drivers/STM32H7xx_HAL_Driver/Src/stm32h7xx_hal_spi.o
 .debug_macro   0x0003c058      0x2ef ./Drivers/STM32H7xx_HAL_Driver/Src/stm32h7xx_hal_tim.o
 .debug_macro   0x0003c347      0x2ee ./Drivers/STM32H7xx_HAL_Driver/Src/stm32h7xx_hal_tim_ex.o
 .debug_macro   0x0003c635      0x320 ./Drivers/STM32H7xx_HAL_Driver/Src/stm32h7xx_hal_usart.o
 .debug_macro   0x0003c955      0x2fa ./Drivers/STM32H7xx_HAL_Driver/Src/stm32h7xx_hal_usart_ex.o
 .debug_macro   0x0003cc4f      0x210 ./Middlewares/Third_Party/FreeRTOS/Source/CMSIS_RTOS/cmsis_os.o
 .debug_macro   0x0003ce5f       0x10 ./Middlewares/Third_Party/FreeRTOS/Source/CMSIS_RTOS/cmsis_os.o
 .debug_macro   0x0003ce6f       0x20 ./Middlewares/Third_Party/FreeRTOS/Source/CMSIS_RTOS/cmsis_os.o
 .debug_macro   0x0003ce8f       0xe9 ./Middlewares/Third_Party/FreeRTOS/Source/CMSIS_RTOS/cmsis_os.o
 .debug_macro   0x0003cf78      0x199 ./Middlewares/Third_Party/FreeRTOS/Source/list.o
 .debug_macro   0x0003d111      0x28b ./Middlewares/Third_Party/FreeRTOS/Source/tasks.o
 .debug_macro   0x0003d39c       0x10 ./Middlewares/Third_Party/FreeRTOS/Source/tasks.o
 .debug_macro   0x0003d3ac      0x233 ./Middlewares/Third_Party/FreeRTOS/Source/portable/GCC/ARM_CM4F/port.o
 .debug_macro   0x0003d5df      0x1c0 ./Middlewares/Third_Party/FreeRTOS/Source/portable/MemMang/heap_4.o

.debug_line     0x00000000    0x27308
 .debug_line    0x00000000      0x99a ./Core/Src/bms.o
 .debug_line    0x0000099a      0xa00 ./Core/Src/freertos.o
 .debug_line    0x0000139a      0xf34 ./Core/Src/ltc.o
 .debug_line    0x000022ce      0xe77 ./Core/Src/main.o
 .debug_line    0x00003145      0xa98 ./Core/Src/stm32h7xx_hal_msp.o
 .debug_line    0x00003bdd      0x915 ./Core/Src/stm32h7xx_hal_timebase_tim.o
 .debug_line    0x000044f2      0x949 ./Core/Src/stm32h7xx_it.o
 .debug_line    0x00004e3b      0x4b8 ./Core/Src/sysmem.o
 .debug_line    0x000052f3      0xa68 ./Core/Src/system_stm32h7xx.o
 .debug_line    0x00005d5b       0x7a ./Core/Startup/startup_stm32h743vitx.o
 .debug_line    0x00005dd5      0xe5d ./Drivers/STM32H7xx_HAL_Driver/Src/stm32h7xx_hal.o
 .debug_line    0x00006c32     0x23b4 ./Drivers/STM32H7xx_HAL_Driver/Src/stm32h7xx_hal_adc.o
 .debug_line    0x00008fe6      0xe62 ./Drivers/STM32H7xx_HAL_Driver/Src/stm32h7xx_hal_cortex.o
 .debug_line    0x00009e48     0x27c0 ./Drivers/STM32H7xx_HAL_Driver/Src/stm32h7xx_hal_dma.o
 .debug_line    0x0000c608     0x2926 ./Drivers/STM32H7xx_HAL_Driver/Src/stm32h7xx_hal_fdcan.o
 .debug_line    0x0000ef2e      0xd35 ./Drivers/STM32H7xx_HAL_Driver/Src/stm32h7xx_hal_gpio.o
 .debug_line    0x0000fc63     0x3919 ./Drivers/STM32H7xx_HAL_Driver/Src/stm32h7xx_hal_i2c.o
 .debug_line    0x0001357c      0xaca ./Drivers/STM32H7xx_HAL_Driver/Src/stm32h7xx_hal_i2c_ex.o
 .debug_line    0x00014046      0xf74 ./Drivers/STM32H7xx_HAL_Driver/Src/stm32h7xx_hal_pwr_ex.o
 .debug_line    0x00014fba     0x13cb ./Drivers/STM32H7xx_HAL_Driver/Src/stm32h7xx_hal_rcc.o
 .debug_line    0x00016385     0x1bcf ./Drivers/STM32H7xx_HAL_Driver/Src/stm32h7xx_hal_rcc_ex.o
 .debug_line    0x00017f54     0x2091 ./Drivers/STM32H7xx_HAL_Driver/Src/stm32h7xx_hal_spi.o
 .debug_line    0x00019fe5     0x3f43 ./Drivers/STM32H7xx_HAL_Driver/Src/stm32h7xx_hal_tim.o
 .debug_line    0x0001df28     0x1e00 ./Drivers/STM32H7xx_HAL_Driver/Src/stm32h7xx_hal_tim_ex.o
 .debug_line    0x0001fd28     0x24f1 ./Drivers/STM32H7xx_HAL_Driver/Src/stm32h7xx_hal_usart.o
 .debug_line    0x00022219      0xc0c ./Drivers/STM32H7xx_HAL_Driver/Src/stm32h7xx_hal_usart_ex.o
 .debug_line    0x00022e25     0x11f0 ./Middlewares/Third_Party/FreeRTOS/Source/CMSIS_RTOS/cmsis_os.o
 .debug_line    0x00024015      0x720 ./Middlewares/Third_Party/FreeRTOS/Source/list.o
 .debug_line    0x00024735     0x195e ./Middlewares/Third_Party/FreeRTOS/Source/tasks.o