../Core/Inc/dwt_delay.h:25:22:DWT_Delay_us	24	static
../Core/Src/ltc.c:18:6:LTC_Init	16	static
../Core/Src/ltc.c:31:6:LTC_PEC_InitTable	24	static
../Core/Src/ltc.c:47:6:LTC_Wait	16	static
../Core/Src/ltc.c:53:6:LTC_Read	16	static
../Core/Src/ltc.c:58:6:LTC_SendBroadcastCommand	32	static
../Core/Src/ltc.c:65:6:LTC_SendAddressedCommand	32	static
../Core/Src/ltc.c:80:6:LTC_ReceiveMessage	24	static
../Core/Src/ltc.c:173:6:LTC_StartTrasmission	8	static
../Core/Src/ltc.c:177:6:LTC_EndTramission	8	static
../Core/Src/ltc.c:181:6:LTC_Communication	32	static
../Core/Src/ltc.c:190:6:LTC_ConfigCommandName	16	static
../Core/Src/ltc.c:194:6:LTC_WriteConfigRegister	16	static
../Core/Src/ltc.c:200:6:LTC_ChipSelect	16	static
../Core/Src/ltc.c:206:10:LTC_SPI	32	static
../Core/Src/ltc.c:212:6:LTC_WakeUp	8	static
../Core/Src/ltc.c:218:10:LTC_MakeCommand	16	static
../Core/Src/ltc.c:252:10:LTC_PEC	32	static
../Core/Src/ltc.c:264:6:LTC_TransmitCommand	24	static
../Core/Src/ltc.c:270:6:LTC_TransmitReceive	40	static
