../Core/Inc/dwt_delay.h:25:22:DWT_Delay_us	24	static
../Core/Src/main.c:81:5:main	16	static
../Core/Src/main.c:138:6:SystemClock_Config	120	static
../Core/Src/main.c:198:13:MX_ADC2_Init	40	static
../Core/Src/main.c:257:13:MX_FDCAN1_Init	8	static
../Core/Src/main.c:310:13:MX_I2C1_Init	8	static
../Core/Src/main.c:358:13:MX_SPI1_Init	8	static
../Core/Src/main.c:406:13:MX_USART1_Init	8	static
../Core/Src/main.c:454:13:MX_DMA_Init	16	static
../Core/Src/main.c:483:13:MX_GPIO_Init	56	static
../Core/Src/main.c:569:6:Error_Handler	4	static,ignoring_inline_asm
