../Core/Src/main.c:79:5:main	16	static
../Core/Src/main.c:129:6:SystemClock_Config	120	static
../Core/Src/main.c:193:13:MX_ADC2_Init	40	static
../Core/Src/main.c:252:13:MX_FDCAN1_Init	8	static
../Core/Src/main.c:305:13:MX_I2C1_Init	8	static
../Core/Src/main.c:353:13:MX_SPI1_Init	8	static
../Core/Src/main.c:401:13:MX_USART1_Init	8	static
../Core/Src/main.c:449:13:MX_DMA_Init	16	static
../Core/Src/main.c:478:13:MX_GPIO_Init	56	static
../Core/Src/main.c:560:6:Error_Handler	4	static,ignoring_inline_asm
